../Application/User/CAN_processing.c:78:9:get_CAN_transmitter	0	static
../Application/User/CAN_processing.c:81:9:get_CAN_action	0	static
../Application/User/CAN_processing.c:84:9:get_CAN_motor_mov_type	0	static
../Application/User/CAN_processing.c:87:9:get_CAN_motor_type	0	static
../Application/User/CAN_processing.c:90:9:get_CAN_SPEC	0	static
../Application/User/CAN_processing.c:93:5:get_CAN_device_ID	0	static
../Application/User/CAN_processing.c:313:6:CalibrateSingleMotor	8	static
../Application/User/CAN_processing.c:506:6:ControlSingleMotorPosition	16	static
../Application/User/CAN_processing.c:540:6:runSingleMotorPosition	8	static
../Application/User/CAN_processing.c:561:7:degreesToRad	8	static
../Application/User/CAN_processing.c:565:7:dpp_to_mech_deg	0	static
../Application/User/CAN_processing.c:571:7:inputShaftDegreetoOutput	0	static
../Application/User/CAN_processing.c:588:7:OutputShaftDegreetoInput	0	static
../Application/User/CAN_processing.c:605:6:isValidPos	0	static
../Application/User/CAN_processing.c:701:6:runSingleMotorV2	32	static
../Application/User/CAN_processing.c:744:6:IdleSingleMotor	24	static
../Application/User/CAN_processing.c:870:7:speedCheck	16	static
../Application/User/CAN_processing.c:893:7:clippingCheck	16	static
../Application/User/CAN_processing.c:918:6:safeStopMotor	56	static
../Application/User/CAN_processing.c:816:6:StartSingleMotor	16	static
../Application/User/CAN_processing.c:636:6:ControlSingleMotor	16	static
../Application/User/CAN_processing.c:278:6:Process_Multiple_ESC_Command	24	static
../Application/User/CAN_processing.c:1059:6:checkReversing	16	static
../Application/User/CAN_processing.c:1080:10:computeRampTimeMs	0	static
../Application/User/CAN_processing.c:1112:6:sendCANResponse	72	static
../Application/User/CAN_processing.c:170:6:Process_Single_ESC_Command	16	static
../Application/User/CAN_processing.c:100:6:CAN_Parse_MSG	32	static
../Application/User/CAN_processing.c:1165:7:SingleExtractFloatFromCAN	0	static
../Application/User/CAN_processing.c:1180:9:extract_multiple_speeds	0	static
