C:/Users/James/OneDrive/Documents/2. McGill Robotics/RoverArm2025/ARM2025Elbow/Src/main.c:114:6:HAL_FDCAN_RxFifo0Callback	3
C:/Users/James/OneDrive/Documents/2. McGill Robotics/RoverArm2025/ARM2025Elbow/Src/main.c:126:6:HAL_GPIO_EXTI_Callback	6
C:/Users/James/OneDrive/Documents/2. McGill Robotics/RoverArm2025/ARM2025Elbow/Src/main.c:291:6:SystemClock_Config	3
C:/Users/James/OneDrive/Documents/2. McGill Robotics/RoverArm2025/ARM2025Elbow/Src/main.c:189:5:main	37
C:/Users/James/OneDrive/Documents/2. McGill Robotics/RoverArm2025/ARM2025Elbow/Src/main.c:1082:6:Error_Handler	1
