../Application/User/CAN_processing.c:87:9:get_CAN_transmitter	0	static
../Application/User/CAN_processing.c:90:9:get_CAN_action	0	static
../Application/User/CAN_processing.c:93:9:get_CAN_motor_mov_type	0	static
../Application/User/CAN_processing.c:96:9:get_CAN_motor_type	0	static
../Application/User/CAN_processing.c:99:9:get_CAN_SPEC	0	static
../Application/User/CAN_processing.c:102:5:get_CAN_device_ID	0	static
../Application/User/CAN_processing.c:334:6:CalibrateSingleMotor	8	static
../Application/User/CAN_processing.c:540:6:runSingleMotorPosition	16	static
../Application/User/CAN_processing.c:506:6:ControlSingleMotorPosition	16	static
../Application/User/CAN_processing.c:558:6:runSingleMotorPositionIncrement	16	static
../Application/User/CAN_processing.c:469:6:ControlSingleMotorPositionIncrement	16	static
../Application/User/CAN_processing.c:585:6:lowerLimitSwitchHit	8	static
../Application/User/CAN_processing.c:658:6:upperLimitSwitchHit	16	static
../Application/User/CAN_processing.c:669:7:computeTrajectoryTime	0	static
../Application/User/CAN_processing.c:700:7:degreesToRad	8	static
../Application/User/CAN_processing.c:704:7:dpp_to_mech_deg	0	static
../Application/User/CAN_processing.c:710:7:inputShaftDegreetoOutput	0	static
../Application/User/CAN_processing.c:727:7:OutputShaftDegreetoInput	0	static
../Application/User/CAN_processing.c:744:6:isValidPos	0	static
../Application/User/CAN_processing.c:765:7:getCurrentPosition	8	static
../Application/User/CAN_processing.c:842:6:runSingleMotorV2	32	static
../Application/User/CAN_processing.c:885:6:IdleSingleMotor	24	static
../Application/User/CAN_processing.c:1011:7:speedCheck	16	static
../Application/User/CAN_processing.c:1034:7:clippingCheck	16	static
../Application/User/CAN_processing.c:1059:6:safeStopMotor	56	static
../Application/User/CAN_processing.c:957:6:StartSingleMotor	16	static
../Application/User/CAN_processing.c:777:6:ControlSingleMotor	16	static
../Application/User/CAN_processing.c:299:6:Process_Multiple_ESC_Command	24	static
../Application/User/CAN_processing.c:1200:6:checkReversing	16	static
../Application/User/CAN_processing.c:1221:10:computeRampTimeMs	0	static
../Application/User/CAN_processing.c:1253:6:sendCANResponse	72	static
../Application/User/CAN_processing.c:179:6:Process_Single_ESC_Command	16	static
../Application/User/CAN_processing.c:109:6:CAN_Parse_MSG	32	static
../Application/User/CAN_processing.c:1306:7:SingleExtractFloatFromCAN	0	static
../Application/User/CAN_processing.c:1321:9:extract_multiple_speeds	0	static
