C:/Users/James/OneDrive/Documents/2. McGill Robotics/RoverArm2025/ARM2025WAIST/Src/usart_aspep_driver.c:44:6:UASPEP_INIT	8	static,ignoring_inline_asm
C:/Users/James/OneDrive/Documents/2. McGill Robotics/RoverArm2025/ARM2025WAIST/Src/usart_aspep_driver.c:56:6:UASPEP_TX_INIT	4	static,ignoring_inline_asm
C:/Users/James/OneDrive/Documents/2. McGill Robotics/RoverArm2025/ARM2025WAIST/Src/usart_aspep_driver.c:93:6:UASPEP_RX_INIT	4	static,ignoring_inline_asm
C:/Users/James/OneDrive/Documents/2. McGill Robotics/RoverArm2025/ARM2025WAIST/Src/usart_aspep_driver.c:130:6:UASPEP_CFG_TRANSMISSION	4	static
C:/Users/James/OneDrive/Documents/2. McGill Robotics/RoverArm2025/ARM2025WAIST/Src/usart_aspep_driver.c:153:6:UASPEP_CFG_RECEPTION	4	static
C:/Users/James/OneDrive/Documents/2. McGill Robotics/RoverArm2025/ARM2025WAIST/Src/usart_aspep_driver.c:169:6:UASPEP_IDLE_ENABLE	0	static,ignoring_inline_asm
