../USB_DEVICE/App/brushed_comms.c:15:6:BrushedComms_RegisterFeedback	0	static
../USB_DEVICE/App/brushed_comms.c:20:6:BrushedComms_RegisterSetpoint	0	static
../USB_DEVICE/App/brushed_comms.c:25:6:BrushedComms_Init	0	static
../USB_DEVICE/App/brushed_comms.c:126:6:BrushedComms_HandleSetpoint	0	static
../USB_DEVICE/App/brushed_comms.c:134:6:BrushedComms_HandleHoming	0	static
../USB_DEVICE/App/brushed_comms.c:159:9:BrushedComms_CalculateCRC	8	static
../USB_DEVICE/App/brushed_comms.c:88:6:BrushedComms_SendFeedback	72	static
../USB_DEVICE/App/brushed_comms.c:116:6:BrushedComms_ReportError	16	static
../USB_DEVICE/App/brushed_comms.c:138:6:BrushedComms_SendEcho	80	static
../USB_DEVICE/App/brushed_comms.c:31:6:BrushedComms_ReceiveByte	24	static
