Archive member included to satisfy reference by file (symbol)

C:/ST/STM32CubeIDE_2.0.0/STM32CubeIDE/plugins/com.st.stm32cube.ide.mcu.externaltools.gnu-tools-for-stm32.13.3.rel1.win32_1.0.100.202509120712/tools/bin/../lib/gcc/arm-none-eabi/13.3.1/../../../../arm-none-eabi/lib/thumb/v7e-m+fp/hard\libc_nano.a(libc_a-exit.o)
                              C:/ST/STM32CubeIDE_2.0.0/STM32CubeIDE/plugins/com.st.stm32cube.ide.mcu.externaltools.gnu-tools-for-stm32.13.3.rel1.win32_1.0.100.202509120712/tools/bin/../lib/gcc/arm-none-eabi/13.3.1/../../../../arm-none-eabi/lib/thumb/v7e-m+fp/hard/crt0.o (exit)
C:/ST/STM32CubeIDE_2.0.0/STM32CubeIDE/plugins/com.st.stm32cube.ide.mcu.externaltools.gnu-tools-for-stm32.13.3.rel1.win32_1.0.100.202509120712/tools/bin/../lib/gcc/arm-none-eabi/13.3.1/../../../../arm-none-eabi/lib/thumb/v7e-m+fp/hard\libc_nano.a(libc_a-findfp.o)
                              C:/ST/STM32CubeIDE_2.0.0/STM32CubeIDE/plugins/com.st.stm32cube.ide.mcu.externaltools.gnu-tools-for-stm32.13.3.rel1.win32_1.0.100.202509120712/tools/bin/../lib/gcc/arm-none-eabi/13.3.1/../../../../arm-none-eabi/lib/thumb/v7e-m+fp/hard\libc_nano.a(libc_a-exit.o) (__stdio_exit_handler)
C:/ST/STM32CubeIDE_2.0.0/STM32CubeIDE/plugins/com.st.stm32cube.ide.mcu.externaltools.gnu-tools-for-stm32.13.3.rel1.win32_1.0.100.202509120712/tools/bin/../lib/gcc/arm-none-eabi/13.3.1/../../../../arm-none-eabi/lib/thumb/v7e-m+fp/hard\libc_nano.a(libc_a-fwalk.o)
                              C:/ST/STM32CubeIDE_2.0.0/STM32CubeIDE/plugins/com.st.stm32cube.ide.mcu.externaltools.gnu-tools-for-stm32.13.3.rel1.win32_1.0.100.202509120712/tools/bin/../lib/gcc/arm-none-eabi/13.3.1/../../../../arm-none-eabi/lib/thumb/v7e-m+fp/hard\libc_nano.a(libc_a-findfp.o) (_fwalk_sglue)
C:/ST/STM32CubeIDE_2.0.0/STM32CubeIDE/plugins/com.st.stm32cube.ide.mcu.externaltools.gnu-tools-for-stm32.13.3.rel1.win32_1.0.100.202509120712/tools/bin/../lib/gcc/arm-none-eabi/13.3.1/../../../../arm-none-eabi/lib/thumb/v7e-m+fp/hard\libc_nano.a(libc_a-stdio.o)
                              C:/ST/STM32CubeIDE_2.0.0/STM32CubeIDE/plugins/com.st.stm32cube.ide.mcu.externaltools.gnu-tools-for-stm32.13.3.rel1.win32_1.0.100.202509120712/tools/bin/../lib/gcc/arm-none-eabi/13.3.1/../../../../arm-none-eabi/lib/thumb/v7e-m+fp/hard\libc_nano.a(libc_a-findfp.o) (__sread)
C:/ST/STM32CubeIDE_2.0.0/STM32CubeIDE/plugins/com.st.stm32cube.ide.mcu.externaltools.gnu-tools-for-stm32.13.3.rel1.win32_1.0.100.202509120712/tools/bin/../lib/gcc/arm-none-eabi/13.3.1/../../../../arm-none-eabi/lib/thumb/v7e-m+fp/hard\libc_nano.a(libc_a-memset.o)
                              C:/ST/STM32CubeIDE_2.0.0/STM32CubeIDE/plugins/com.st.stm32cube.ide.mcu.externaltools.gnu-tools-for-stm32.13.3.rel1.win32_1.0.100.202509120712/tools/bin/../lib/gcc/arm-none-eabi/13.3.1/../../../../arm-none-eabi/lib/thumb/v7e-m+fp/hard/crt0.o (memset)
C:/ST/STM32CubeIDE_2.0.0/STM32CubeIDE/plugins/com.st.stm32cube.ide.mcu.externaltools.gnu-tools-for-stm32.13.3.rel1.win32_1.0.100.202509120712/tools/bin/../lib/gcc/arm-none-eabi/13.3.1/../../../../arm-none-eabi/lib/thumb/v7e-m+fp/hard\libc_nano.a(libc_a-closer.o)
                              C:/ST/STM32CubeIDE_2.0.0/STM32CubeIDE/plugins/com.st.stm32cube.ide.mcu.externaltools.gnu-tools-for-stm32.13.3.rel1.win32_1.0.100.202509120712/tools/bin/../lib/gcc/arm-none-eabi/13.3.1/../../../../arm-none-eabi/lib/thumb/v7e-m+fp/hard\libc_nano.a(libc_a-stdio.o) (_close_r)
C:/ST/STM32CubeIDE_2.0.0/STM32CubeIDE/plugins/com.st.stm32cube.ide.mcu.externaltools.gnu-tools-for-stm32.13.3.rel1.win32_1.0.100.202509120712/tools/bin/../lib/gcc/arm-none-eabi/13.3.1/../../../../arm-none-eabi/lib/thumb/v7e-m+fp/hard\libc_nano.a(libc_a-reent.o)
                              C:/ST/STM32CubeIDE_2.0.0/STM32CubeIDE/plugins/com.st.stm32cube.ide.mcu.externaltools.gnu-tools-for-stm32.13.3.rel1.win32_1.0.100.202509120712/tools/bin/../lib/gcc/arm-none-eabi/13.3.1/../../../../arm-none-eabi/lib/thumb/v7e-m+fp/hard\libc_nano.a(libc_a-closer.o) (errno)
C:/ST/STM32CubeIDE_2.0.0/STM32CubeIDE/plugins/com.st.stm32cube.ide.mcu.externaltools.gnu-tools-for-stm32.13.3.rel1.win32_1.0.100.202509120712/tools/bin/../lib/gcc/arm-none-eabi/13.3.1/../../../../arm-none-eabi/lib/thumb/v7e-m+fp/hard\libc_nano.a(libc_a-impure.o)
                              C:/ST/STM32CubeIDE_2.0.0/STM32CubeIDE/plugins/com.st.stm32cube.ide.mcu.externaltools.gnu-tools-for-stm32.13.3.rel1.win32_1.0.100.202509120712/tools/bin/../lib/gcc/arm-none-eabi/13.3.1/../../../../arm-none-eabi/lib/thumb/v7e-m+fp/hard\libc_nano.a(libc_a-reent.o) (_impure_ptr)
C:/ST/STM32CubeIDE_2.0.0/STM32CubeIDE/plugins/com.st.stm32cube.ide.mcu.externaltools.gnu-tools-for-stm32.13.3.rel1.win32_1.0.100.202509120712/tools/bin/../lib/gcc/arm-none-eabi/13.3.1/../../../../arm-none-eabi/lib/thumb/v7e-m+fp/hard\libc_nano.a(libc_a-lseekr.o)
[...]
Memory Configuration

Name             Origin             Length             Attributes
RAM              0x20000000         0x00020000         xrw
FLASH            0x08000000         0x00080000         xr
*default*        0x00000000         0xffffffff

Linker script and memory map

LOAD C:/ST/STM32CubeIDE_2.0.0/STM32CubeIDE/plugins/com.st.stm32cube.ide.mcu.externaltools.gnu-tools-for-stm32.13.3.rel1.win32_1.0.100.202509120712/tools/bin/../lib/gcc/arm-none-eabi/13.3.1/thumb/v7e-m+fp/hard/crti.o
LOAD C:/ST/STM32CubeIDE_2.0.0/STM32CubeIDE/plugins/com.st.stm32cube.ide.mcu.externaltools.gnu-tools-for-stm32.13.3.rel1.win32_1.0.100.202509120712/tools/bin/../lib/gcc/arm-none-eabi/13.3.1/thumb/v7e-m+fp/hard/crtbegin.o
LOAD C:/ST/STM32CubeIDE_2.0.0/STM32CubeIDE/plugins/com.st.stm32cube.ide.mcu.externaltools.gnu-tools-for-stm32.13.3.rel1.win32_1.0.100.202509120712/tools/bin/../lib/gcc/arm-none-eabi/13.3.1/../../../../arm-none-eabi/lib/thumb/v7e-m+fp/hard/crt0.o
LOAD ./Core/Src/CAN_processing.o
LOAD ./Core/Src/encoder.o
LOAD ./Core/Src/main.o
LOAD ./Core/Src/motorControl.o
LOAD ./Core/Src/pid.o
LOAD ./Core/Src/stm32g4xx_hal_msp.o
LOAD ./Core/Src/stm32g4xx_it.o
LOAD ./Core/Src/syscalls.o
LOAD ./Core/Src/sysmem.o
LOAD ./Core/Src/system_stm32g4xx.o
LOAD ./Core/Startup/startup_stm32g474retx.o
LOAD ./Drivers/STM32G4xx_HAL_Driver/Src/stm32g4xx_hal.o
LOAD ./Drivers/STM32G4xx_HAL_Driver/Src/stm32g4xx_hal_adc.o
LOAD ./Drivers/STM32G4xx_HAL_Driver/Src/stm32g4xx_hal_adc_ex.o
LOAD ./Drivers/STM32G4xx_HAL_Driver/Src/stm32g4xx_hal_cortex.o
LOAD ./Drivers/STM32G4xx_HAL_Driver/Src/stm32g4xx_hal_dma.o
LOAD ./Drivers/STM32G4xx_HAL_Driver/Src/stm32g4xx_hal_dma_ex.o
LOAD ./Drivers/STM32G4xx_HAL_Driver/Src/stm32g4xx_hal_exti.o
LOAD ./Drivers/STM32G4xx_HAL_Driver/Src/stm32g4xx_hal_fdcan.o
LOAD ./Drivers/STM32G4xx_HAL_Driver/Src/stm32g4xx_hal_flash.o
LOAD ./Drivers/STM32G4xx_HAL_Driver/Src/stm32g4xx_hal_flash_ex.o
LOAD ./Drivers/STM32G4xx_HAL_Driver/Src/stm32g4xx_hal_flash_ramfunc.o
LOAD ./Drivers/STM32G4xx_HAL_Driver/Src/stm32g4xx_hal_gpio.o
LOAD ./Drivers/STM32G4xx_HAL_Driver/Src/stm32g4xx_hal_i2c.o
LOAD ./Drivers/STM32G4xx_HAL_Driver/Src/stm32g4xx_hal_i2c_ex.o
LOAD ./Drivers/STM32G4xx_HAL_Driver/Src/stm32g4xx_hal_pcd.o
LOAD ./Drivers/STM32G4xx_HAL_Driver/Src/stm32g4xx_hal_pcd_ex.o
LOAD ./Drivers/STM32G4xx_HAL_Driver/Src/stm32g4xx_hal_pwr.o
LOAD ./Drivers/STM32G4xx_HAL_Driver/Src/stm32g4xx_hal_pwr_ex.o
LOAD ./Drivers/STM32G4xx_HAL_Driver/Src/stm32g4xx_hal_rcc.o
LOAD ./Drivers/STM32G4xx_HAL_Driver/Src/stm32g4xx_hal_rcc_ex.o
LOAD ./Drivers/STM32G4xx_HAL_Driver/Src/stm32g4xx_hal_tim.o
LOAD ./Drivers/STM32G4xx_HAL_Driver/Src/stm32g4xx_hal_tim_ex.o
LOAD ./Drivers/STM32G4xx_HAL_Driver/Src/stm32g4xx_ll_adc.o
LOAD ./Drivers/STM32G4xx_HAL_Driver/Src/stm32g4xx_ll_usb.o
START GROUP
LOAD C:/ST/STM32CubeIDE_2.0.0/STM32CubeIDE/plugins/com.st.stm32cube.ide.mcu.externaltools.gnu-tools-for-stm32.13.3.rel1.win32_1.0.100.202509120712/tools/bin/../lib/gcc/arm-none-eabi/13.3.1/../../../../arm-none-eabi/lib/thumb/v7e-m+fp/hard\libc_nano.a
LOAD C:/ST/STM32CubeIDE_2.0.0/STM32CubeIDE/plugins/com.st.stm32cube.ide.mcu.externaltools.gnu-tools-for-stm32.13.3.rel1.win32_1.0.100.202509120712/tools/bin/../lib/gcc/arm-none-eabi/13.3.1/../../../../arm-none-eabi/lib/thumb/v7e-m+fp/hard\libm.a
END GROUP
START GROUP
LOAD C:/ST/STM32CubeIDE_2.0.0/STM32CubeIDE/plugins/com.st.stm32cube.ide.mcu.externaltools.gnu-tools-for-stm32.13.3.rel1.win32_1.0.100.202509120712/tools/bin/../lib/gcc/arm-none-eabi/13.3.1/thumb/v7e-m+fp/hard\libgcc.a
LOAD C:/ST/STM32CubeIDE_2.0.0/STM32CubeIDE/plugins/com.st.stm32cube.ide.mcu.externaltools.gnu-tools-for-stm32.13.3.rel1.win32_1.0.100.202509120712/tools/bin/../lib/gcc/arm-none-eabi/13.3.1/../../../../arm-none-eabi/lib/thumb/v7e-m+fp/hard\libc_nano.a
END GROUP
START GROUP
LOAD C:/ST/STM32CubeIDE_2.0.0/STM32CubeIDE/plugins/com.st.stm32cube.ide.mcu.externaltools.gnu-tools-for-stm32.13.3.rel1.win32_1.0.100.202509120712/tools/bin/../lib/gcc/arm-none-eabi/13.3.1/thumb/v7e-m+fp/hard\libgcc.a
LOAD C:/ST/STM32CubeIDE_2.0.0/STM32CubeIDE/plugins/com.st.stm32cube.ide.mcu.externaltools.gnu-tools-for-stm32.13.3.rel1.win32_1.0.100.202509120712/tools/bin/../lib/gcc/arm-none-eabi/13.3.1/../../../../arm-none-eabi/lib/thumb/v7e-m+fp/hard\libc_nano.a
LOAD C:/ST/STM32CubeIDE_2.0.0/STM32CubeIDE/plugins/com.st.stm32cube.ide.mcu.externaltools.gnu-tools-for-stm32.13.3.rel1.win32_1.0.100.202509120712/tools/bin/../lib/gcc/arm-none-eabi/13.3.1/../../../../arm-none-eabi/lib/thumb/v7e-m+fp/hard\libnosys.a
END GROUP
START GROUP
LOAD C:/ST/STM32CubeIDE_2.0.0/STM32CubeIDE/plugins/com.st.stm32cube.ide.mcu.externaltools.gnu-tools-for-stm32.13.3.rel1.win32_1.0.100.202509120712/tools/bin/../lib/gcc/arm-none-eabi/13.3.1/thumb/v7e-m+fp/hard\libgcc.a
LOAD C:/ST/STM32CubeIDE_2.0.0/STM32CubeIDE/plugins/com.st.stm32cube.ide.mcu.externaltools.gnu-tools-for-stm32.13.3.rel1.win32_1.0.100.202509120712/tools/bin/../lib/gcc/arm-none-eabi/13.3.1/../../../../arm-none-eabi/lib/thumb/v7e-m+fp/hard\libc_nano.a
LOAD C:/ST/STM32CubeIDE_2.0.0/STM32CubeIDE/plugins/com.st.stm32cube.ide.mcu.externaltools.gnu-tools-for-stm32.13.3.rel1.win32_1.0.100.202509120712/tools/bin/../lib/gcc/arm-none-eabi/13.3.1/../../../../arm-none-eabi/lib/thumb/v7e-m+fp/hard\libnosys.a
END GROUP
LOAD C:/ST/STM32CubeIDE_2.0.0/STM32CubeIDE/plugins/com.st.stm32cube.ide.mcu.externaltools.gnu-tools-for-stm32.13.3.rel1.win32_1.0.100.202509120712/tools/bin/../lib/gcc/arm-none-eabi/13.3.1/thumb/v7e-m+fp/hard/crtend.o
LOAD C:/ST/STM32CubeIDE_2.0.0/STM32CubeIDE/plugins/com.st.stm32cube.ide.mcu.externaltools.gnu-tools-for-stm32.13.3.rel1.win32_1.0.100.202509120712/tools/bin/../lib/gcc/arm-none-eabi/13.3.1/thumb/v7e-m+fp/hard/crtn.o
                0x20020000                        _estack = (ORIGIN (RAM) + LENGTH (RAM))
                0x00000200                        _Min_Heap_Size = 0x200
                0x00000400                        _Min_Stack_Size = 0x400

.isr_vector     0x08000000      0x1d8
                0x08000000                        . = ALIGN (0x4)
 *(.isr_vector)
 .isr_vector    0x08000000      0x1d8 ./Core/Startup/startup_stm32g474retx.o
                0x08000000                g_pfnVectors
                0x080001d8                        . = ALIGN (0x4)

.text           0x080001d8     0x5b20
                0x080001d8                        . = ALIGN (0x4)
 *(.text)
 .text          0x080001d8       0x40 C:/ST/STM32CubeIDE_2.0.0/STM32CubeIDE/plugins/com.st.stm32cube.ide.mcu.externaltools.gnu-tools-for-stm32.13.3.rel1.win32_1.0.100.202509120712/tools/bin/../lib/gcc/arm-none-eabi/13.3.1/thumb/v7e-m+fp/hard/crtbegin.o
 *(.text*)
 .text.get_CAN_transmitter
                0x08000218       0x22 ./Core/Src/CAN_processing.o
                0x08000218                get_CAN_transmitter
 .text.get_CAN_action
                0x0800023a       0x22 ./Core/Src/CAN_processing.o
                0x0800023a                get_CAN_action
 .text.get_CAN_motor_type
                0x0800025c       0x22 ./Core/Src/CAN_processing.o
                0x0800025c                get_CAN_motor_type
 .text.get_CAN_SPEC
                0x0800027e       0x22 ./Core/Src/CAN_processing.o
                0x0800027e                get_CAN_SPEC
 .text.CAN_Parse_MSG
                0x080002a0       0x7e ./Core/Src/CAN_processing.o
                0x080002a0                CAN_Parse_MSG
 .text.SingleExtractFloatFromCAN
                0x0800031e       0x38 ./Core/Src/CAN_processing.o
                0x0800031e                SingleExtractFloatFromCAN
 *fill*         0x08000356        0x2 
 .text.main     0x08000358       0xb0 ./Core/Src/main.o
                0x08000358                main
 .text.SystemClock_Config
                0x08000408       0x94 ./Core/Src/main.o
                0x08000408                SystemClock_Config
 .text.MX_ADC1_Init
                0x0800049c       0xf0 ./Core/Src/main.o
 .text.MX_FDCAN2_Init
                0x0800058c       0x90 ./Core/Src/main.o
 .text.MX_I2C3_Init
                0x0800061c       0x80 ./Core/Src/main.o
 .text.MX_TIM1_Init
                0x0800069c      0x128 ./Core/Src/main.o
 .text.MX_TIM2_Init
                0x080007c4       0x9c ./Core/Src/main.o
 .text.MX_TIM3_Init
                0x08000860       0xac ./Core/Src/main.o
 .text.MX_TIM4_Init
                0x0800090c       0xac ./Core/Src/main.o
 .text.MX_TIM5_Init
                0x080009b8       0xac ./Core/Src/main.o
 .text.MX_TIM8_Init
                0x08000a64      0x128 ./Core/Src/main.o
 .text.MX_TIM20_Init
                0x08000b8c      0x160 ./Core/Src/main.o
 .text.MX_USB_PCD_Init
                0x08000cec       0x50 ./Core/Src/main.o
 .text.MX_GPIO_Init
                0x08000d3c      0x1ec ./Core/Src/main.o
 .text.Error_Handler
                0x08000f28        0xc ./Core/Src/main.o
                0x08000f28                Error_Handler
 .text.HAL_MspInit
                0x08000f34       0x48 ./Core/Src/stm32g4xx_hal_msp.o
                0x08000f34                HAL_MspInit
 .text.HAL_ADC_MspInit
                0x08000f7c       0xa8 ./Core/Src/stm32g4xx_hal_msp.o
                0x08000f7c                HAL_ADC_MspInit
 .text.HAL_FDCAN_MspInit
                0x08001024       0xb8 ./Core/Src/stm32g4xx_hal_msp.o
                0x08001024                HAL_FDCAN_MspInit
 .text.HAL_I2C_MspInit
                0x080010dc       0xf0 ./Core/Src/stm32g4xx_hal_msp.o
                0x080010dc                HAL_I2C_MspInit
 .text.HAL_TIM_PWM_MspInit
                0x080011cc       0x68 ./Core/Src/stm32g4xx_hal_msp.o
                0x080011cc                HAL_TIM_PWM_MspInit
 .text.HAL_TIM_Base_MspInit
                0x08001234       0x64 ./Core/Src/stm32g4xx_hal_msp.o
                0x08001234                HAL_TIM_Base_MspInit
 .text.HAL_TIM_Encoder_MspInit
                0x08001298      0x14c ./Core/Src/stm32g4xx_hal_msp.o
                0x08001298                HAL_TIM_Encoder_MspInit
 .text.HAL_TIM_MspPostInit
                0x080013e4      0x104 ./Core/Src/stm32g4xx_hal_msp.o
                0x080013e4                HAL_TIM_MspPostInit
 .text.HAL_PCD_MspInit
                0x080014e8       0x68 ./Core/Src/stm32g4xx_hal_msp.o
                0x080014e8                HAL_PCD_MspInit
 .text.NMI_Handler
                0x08001550        0x8 ./Core/Src/stm32g4xx_it.o
                0x08001550                NMI_Handler
 .text.HardFault_Handler
                0x08001558        0x8 ./Core/Src/stm32g4xx_it.o
                0x08001558                HardFault_Handler
 .text.MemManage_Handler
                0x08001560        0x8 ./Core/Src/stm32g4xx_it.o
                0x08001560                MemManage_Handler
 .text.BusFault_Handler
                0x08001568        0x8 ./Core/Src/stm32g4xx_it.o
                0x08001568                BusFault_Handler
 .text.UsageFault_Handler
                0x08001570        0x8 ./Core/Src/stm32g4xx_it.o
                0x08001570                UsageFault_Handler
 .text.SVC_Handler
                0x08001578        0xe ./Core/Src/stm32g4xx_it.o
                0x08001578                SVC_Handler
 .text.DebugMon_Handler
                0x08001586        0xe ./Core/Src/stm32g4xx_it.o
                0x08001586                DebugMon_Handler
 .text.PendSV_Handler
                0x08001594        0xe ./Core/Src/stm32g4xx_it.o
                0x08001594                PendSV_Handler
 .text.SysTick_Handler
                0x080015a2        0xc ./Core/Src/stm32g4xx_it.o
                0x080015a2                SysTick_Handler
 .text.EXTI2_IRQHandler
                0x080015ae        0xe ./Core/Src/stm32g4xx_it.o
                0x080015ae                EXTI2_IRQHandler
 .text.EXTI4_IRQHandler
                0x080015bc        0xe ./Core/Src/stm32g4xx_it.o
                0x080015bc                EXTI4_IRQHandler
 .text.EXTI9_5_IRQHandler
                0x080015ca        0xe ./Core/Src/stm32g4xx_it.o
                0x080015ca                EXTI9_5_IRQHandler
 .text.EXTI15_10_IRQHandler
                0x080015d8       0x38 ./Core/Src/stm32g4xx_it.o
                0x080015d8                EXTI15_10_IRQHandler
 .text.SystemInit
                0x08001610       0x24 ./Core/Src/system_stm32g4xx.o
                0x08001610                SystemInit
 .text.Reset_Handler
                0x08001634       0x50 ./Core/Startup/startup_stm32g474retx.o
                0x08001634                Reset_Handler
 .text.Default_Handler
                0x08001684        0x2 ./Core/Startup/startup_stm32g474retx.o
                0x08001684                RTC_Alarm_IRQHandler
                0x08001684                TIM8_TRG_COM_IRQHandler
                0x08001684                TIM8_CC_IRQHandler
                0x08001684                HRTIM1_Master_IRQHandler
                0x08001684                SPI4_IRQHandler
                0x08001684                FDCAN3_IT0_IRQHandler
                0x08001684                TIM1_CC_IRQHandler
                0x08001684                HRTIM1_FLT_IRQHandler
                0x08001684                HRTIM1_TIMF_IRQHandler
                0x08001684                USB_HP_IRQHandler
                0x08001684                CORDIC_IRQHandler
                0x08001684                HRTIM1_TIMD_IRQHandler
                0x08001684                DMA2_Channel8_IRQHandler
                0x08001684                EXTI3_IRQHandler
                0x08001684                I2C3_ER_IRQHandler
                0x08001684                EXTI0_IRQHandler
                0x08001684                I2C2_EV_IRQHandler
                0x08001684                FPU_IRQHandler
                0x08001684                FDCAN1_IT1_IRQHandler
                0x08001684                TIM1_UP_TIM16_IRQHandler
                0x08001684                ADC1_2_IRQHandler
                0x08001684                HRTIM1_TIME_IRQHandler
                0x08001684                SPI1_IRQHandler
                0x08001684                TIM6_DAC_IRQHandler
                0x08001684                HRTIM1_TIMC_IRQHandler
                0x08001684                TIM8_UP_IRQHandler
                0x08001684                DMA2_Channel2_IRQHandler
                0x08001684                DMA1_Channel4_IRQHandler
                0x08001684                TIM20_TRG_COM_IRQHandler
                0x08001684                USART3_IRQHandler
                0x08001684                DMA1_Channel7_IRQHandler
                0x08001684                UART5_IRQHandler
                0x08001684                ADC3_IRQHandler
                0x08001684                TIM4_IRQHandler
                0x08001684                DMA2_Channel1_IRQHandler
                0x08001684                QUADSPI_IRQHandler
                0x08001684                I2C1_EV_IRQHandler
                0x08001684                DMA1_Channel6_IRQHandler
                0x08001684                UART4_IRQHandler
                0x08001684                DMA2_Channel4_IRQHandler
                0x08001684                TIM3_IRQHandler
                0x08001684                RCC_IRQHandler
                0x08001684                TIM20_UP_IRQHandler
                0x08001684                DMA1_Channel1_IRQHandler
                0x08001684                Default_Handler
                0x08001684                DMA2_Channel7_IRQHandler
                0x08001684                RTC_TAMP_LSECSS_IRQHandler
                0x08001684                FMAC_IRQHandler
                0x08001684                DMA1_Channel8_IRQHandler
                0x08001684                HRTIM1_TIMA_IRQHandler
                0x08001684                TIM7_DAC_IRQHandler
                0x08001684                FDCAN3_IT1_IRQHandler
                0x08001684                TIM5_IRQHandler
                0x08001684                UCPD1_IRQHandler
                0x08001684                I2C3_EV_IRQHandler
                0x08001684                RTC_WKUP_IRQHandler
                0x08001684                PVD_PVM_IRQHandler
                0x08001684                SPI2_IRQHandler
                0x08001684                ADC5_IRQHandler
                0x08001684                DMA2_Channel5_IRQHandler
                0x08001684                CRS_IRQHandler
                0x08001684                DMA1_Channel5_IRQHandler
                0x08001684                USB_LP_IRQHandler
                0x08001684                RNG_IRQHandler
                0x08001684                HRTIM1_TIMB_IRQHandler
                0x08001684                TIM1_TRG_COM_TIM17_IRQHandler
                0x08001684                FDCAN2_IT1_IRQHandler
                0x08001684                DMA1_Channel3_IRQHandler
                0x08001684                ADC4_IRQHandler
                0x08001684                WWDG_IRQHandler
                0x08001684                I2C4_EV_IRQHandler
                0x08001684                FDCAN2_IT0_IRQHandler
                0x08001684                LPUART1_IRQHandler
                0x08001684                DMA2_Channel6_IRQHandler
                0x08001684                FDCAN1_IT0_IRQHandler
                0x08001684                TIM2_IRQHandler
                0x08001684                COMP7_IRQHandler
                0x08001684                COMP1_2_3_IRQHandler
                0x08001684                EXTI1_IRQHandler
                0x08001684                USART2_IRQHandler
                0x08001684                COMP4_5_6_IRQHandler
                0x08001684                TIM20_BRK_IRQHandler
                0x08001684                I2C2_ER_IRQHandler
                0x08001684                DMA1_Channel2_IRQHandler
                0x08001684                TIM8_BRK_IRQHandler
                0x08001684                FLASH_IRQHandler
                0x08001684                TIM20_CC_IRQHandler
                0x08001684                USART1_IRQHandler
                0x08001684                SPI3_IRQHandler
                0x08001684                I2C1_ER_IRQHandler
                0x08001684                FMC_IRQHandler
                0x08001684                LPTIM1_IRQHandler
                0x08001684                DMAMUX_OVR_IRQHandler
                0x08001684                I2C4_ER_IRQHandler
                0x08001684                USBWakeUp_IRQHandler
                0x08001684                SAI1_IRQHandler
                0x08001684                DMA2_Channel3_IRQHandler
                0x08001684                TIM1_BRK_TIM15_IRQHandler
 .text.HAL_Init
                0x08001686       0x30 ./Drivers/STM32G4xx_HAL_Driver/Src/stm32g4xx_hal.o
                0x08001686                HAL_Init
 *fill*         0x080016b6        0x2 
 .text.HAL_InitTick
                0x080016b8       0x74 ./Drivers/STM32G4xx_HAL_Driver/Src/stm32g4xx_hal.o
                0x080016b8                HAL_InitTick
 .text.HAL_IncTick
                0x0800172c       0x24 ./Drivers/STM32G4xx_HAL_Driver/Src/stm32g4xx_hal.o
                0x0800172c                HAL_IncTick
 .text.HAL_GetTick
                0x08001750       0x18 ./Drivers/STM32G4xx_HAL_Driver/Src/stm32g4xx_hal.o
                0x08001750                HAL_GetTick
 .text.LL_ADC_SetCommonClock
                0x08001768       0x26 ./Drivers/STM32G4xx_HAL_Driver/Src/stm32g4xx_hal_adc.o
 .text.LL_ADC_SetCommonPathInternalCh
                0x0800178e       0x26 ./Drivers/STM32G4xx_HAL_Driver/Src/stm32g4xx_hal_adc.o
 .text.LL_ADC_GetCommonPathInternalCh
                0x080017b4       0x1c ./Drivers/STM32G4xx_HAL_Driver/Src/stm32g4xx_hal_adc.o
 .text.LL_ADC_SetOffset
                0x080017d0       0x48 ./Drivers/STM32G4xx_HAL_Driver/Src/stm32g4xx_hal_adc.o
 .text.LL_ADC_GetOffsetChannel
                0x08001818       0x2c ./Drivers/STM32G4xx_HAL_Driver/Src/stm32g4xx_hal_adc.o
 .text.LL_ADC_SetOffsetState
                0x08001844       0x36 ./Drivers/STM32G4xx_HAL_Driver/Src/stm32g4xx_hal_adc.o
 .text.LL_ADC_SetOffsetSign
                0x0800187a       0x36 ./Drivers/STM32G4xx_HAL_Driver/Src/stm32g4xx_hal_adc.o
 .text.LL_ADC_SetOffsetSaturation
                0x080018b0       0x36 ./Drivers/STM32G4xx_HAL_Driver/Src/stm32g4xx_hal_adc.o
 .text.LL_ADC_SetSamplingTimeCommonConfig
                0x080018e6       0x26 ./Drivers/STM32G4xx_HAL_Driver/Src/stm32g4xx_hal_adc.o
 .text.LL_ADC_REG_SetSequencerRanks
                0x0800190c       0x58 ./Drivers/STM32G4xx_HAL_Driver/Src/stm32g4xx_hal_adc.o
 .text.LL_ADC_SetChannelSamplingTime
                0x08001964       0x56 ./Drivers/STM32G4xx_HAL_Driver/Src/stm32g4xx_hal_adc.o
 *fill*         0x080019ba        0x2 
 .text.LL_ADC_SetChannelSingleDiff
                0x080019bc       0x48 ./Drivers/STM32G4xx_HAL_Driver/Src/stm32g4xx_hal_adc.o
 .text.LL_ADC_DisableDeepPowerDown
                0x08001a04       0x24 ./Drivers/STM32G4xx_HAL_Driver/Src/stm32g4xx_hal_adc.o
 .text.LL_ADC_IsDeepPowerDownEnabled
                0x08001a28       0x28 ./Drivers/STM32G4xx_HAL_Driver/Src/stm32g4xx_hal_adc.o
 .text.LL_ADC_EnableInternalRegulator
                0x08001a50       0x28 ./Drivers/STM32G4xx_HAL_Driver/Src/stm32g4xx_hal_adc.o
 .text.LL_ADC_IsInternalRegulatorEnabled
                0x08001a78       0x28 ./Drivers/STM32G4xx_HAL_Driver/Src/stm32g4xx_hal_adc.o
 .text.LL_ADC_IsEnabled
                0x08001aa0       0x26 ./Drivers/STM32G4xx_HAL_Driver/Src/stm32g4xx_hal_adc.o
 .text.LL_ADC_REG_IsConversionOngoing
                0x08001ac6       0x26 ./Drivers/STM32G4xx_HAL_Driver/Src/stm32g4xx_hal_adc.o
 .text.LL_ADC_INJ_IsConversionOngoing
                0x08001aec       0x26 ./Drivers/STM32G4xx_HAL_Driver/Src/stm32g4xx_hal_adc.o
 *fill*         0x08001b12        0x2 
 .text.HAL_ADC_Init
                0x08001b14      0x378 ./Drivers/STM32G4xx_HAL_Driver/Src/stm32g4xx_hal_adc.o
                0x08001b14                HAL_ADC_Init
 .text.HAL_ADC_ConfigChannel
                0x08001e8c      0x880 ./Drivers/STM32G4xx_HAL_Driver/Src/stm32g4xx_hal_adc.o
                0x08001e8c                HAL_ADC_ConfigChannel
 .text.LL_ADC_IsEnabled
                0x0800270c       0x26 ./Drivers/STM32G4xx_HAL_Driver/Src/stm32g4xx_hal_adc_ex.o
 .text.LL_ADC_REG_IsConversionOngoing
                0x08002732       0x26 ./Drivers/STM32G4xx_HAL_Driver/Src/stm32g4xx_hal_adc_ex.o
 .text.HAL_ADCEx_MultiModeConfigChannel
                0x08002758      0x210 ./Drivers/STM32G4xx_HAL_Driver/Src/stm32g4xx_hal_adc_ex.o
                0x08002758                HAL_ADCEx_MultiModeConfigChannel
 .text.__NVIC_SetPriorityGrouping
                0x08002968       0x48 ./Drivers/STM32G4xx_HAL_Driver/Src/stm32g4xx_hal_cortex.o
 .text.__NVIC_GetPriorityGrouping
                0x080029b0       0x1c ./Drivers/STM32G4xx_HAL_Driver/Src/stm32g4xx_hal_cortex.o
 .text.__NVIC_EnableIRQ
                0x080029cc       0x3c ./Drivers/STM32G4xx_HAL_Driver/Src/stm32g4xx_hal_cortex.o
 .text.__NVIC_SetPriority
                0x08002a08       0x54 ./Drivers/STM32G4xx_HAL_Driver/Src/stm32g4xx_hal_cortex.o
 .text.NVIC_EncodePriority
                0x08002a5c       0x66 ./Drivers/STM32G4xx_HAL_Driver/Src/stm32g4xx_hal_cortex.o
 *fill*         0x08002ac2        0x2 
 .text.SysTick_Config
                0x08002ac4       0x44 ./Drivers/STM32G4xx_HAL_Driver/Src/stm32g4xx_hal_cortex.o
 .text.HAL_NVIC_SetPriorityGrouping
                0x08002b08       0x16 ./Drivers/STM32G4xx_HAL_Driver/Src/stm32g4xx_hal_cortex.o
                0x08002b08                HAL_NVIC_SetPriorityGrouping
 .text.HAL_NVIC_SetPriority
                0x08002b1e       0x34 ./Drivers/STM32G4xx_HAL_Driver/Src/stm32g4xx_hal_cortex.o
                0x08002b1e                HAL_NVIC_SetPriority
 .text.HAL_NVIC_EnableIRQ
                0x08002b52       0x1c ./Drivers/STM32G4xx_HAL_Driver/Src/stm32g4xx_hal_cortex.o
                0x08002b52                HAL_NVIC_EnableIRQ
 .text.HAL_SYSTICK_Config
                0x08002b6e       0x18 ./Drivers/STM32G4xx_HAL_Driver/Src/stm32g4xx_hal_cortex.o
                0x08002b6e                HAL_SYSTICK_Config
 *fill*         0x08002b86        0x2 
 .text.HAL_FDCAN_Init
                0x08002b88      0x2b4 ./Drivers/STM32G4xx_HAL_Driver/Src/stm32g4xx_hal_fdcan.o
                0x08002b88                HAL_FDCAN_Init
 .text.HAL_FDCAN_ConfigFilter
                0x08002e3c       0xb4 ./Drivers/STM32G4xx_HAL_Driver/Src/stm32g4xx_hal_fdcan.o
                0x08002e3c                HAL_FDCAN_ConfigFilter
 .text.HAL_FDCAN_Start
                0x08002ef0       0x50 ./Drivers/STM32G4xx_HAL_Driver/Src/stm32g4xx_hal_fdcan.o
                0x08002ef0                HAL_FDCAN_Start
 .text.HAL_FDCAN_ActivateNotification
                0x08002f40      0x1cc ./Drivers/STM32G4xx_HAL_Driver/Src/stm32g4xx_hal_fdcan.o
                0x08002f40                HAL_FDCAN_ActivateNotification
 .text.FDCAN_CalcultateRamBlockAddresses
                0x0800310c       0xd8 ./Drivers/STM32G4xx_HAL_Driver/Src/stm32g4xx_hal_fdcan.o
 .text.HAL_GPIO_Init
                0x080031e4      0x304 ./Drivers/STM32G4xx_HAL_Driver/Src/stm32g4xx_hal_gpio.o
                0x080031e4                HAL_GPIO_Init
 .text.HAL_GPIO_WritePin
                0x080034e8       0x30 ./Drivers/STM32G4xx_HAL_Driver/Src/stm32g4xx_hal_gpio.o
                0x080034e8                HAL_GPIO_WritePin
 .text.HAL_GPIO_TogglePin
                0x08003518       0x34 ./Drivers/STM32G4xx_HAL_Driver/Src/stm32g4xx_hal_gpio.o
                0x08003518                HAL_GPIO_TogglePin
 .text.HAL_GPIO_EXTI_IRQHandler
                0x0800354c       0x30 ./Drivers/STM32G4xx_HAL_Driver/Src/stm32g4xx_hal_gpio.o
                0x0800354c                HAL_GPIO_EXTI_IRQHandler
 .text.HAL_GPIO_EXTI_Callback
                0x0800357c       0x16 ./Drivers/STM32G4xx_HAL_Driver/Src/stm32g4xx_hal_gpio.o
                0x0800357c                HAL_GPIO_EXTI_Callback
 .text.HAL_I2C_Init
                0x08003592      0x136 ./Drivers/STM32G4xx_HAL_Driver/Src/stm32g4xx_hal_i2c.o
                0x08003592                HAL_I2C_Init
 .text.HAL_I2CEx_ConfigAnalogFilter
                0x080036c8       0x96 ./Drivers/STM32G4xx_HAL_Driver/Src/stm32g4xx_hal_i2c_ex.o
                0x080036c8                HAL_I2CEx_ConfigAnalogFilter
 .text.HAL_I2CEx_ConfigDigitalFilter
                0x0800375e       0x98 ./Drivers/STM32G4xx_HAL_Driver/Src/stm32g4xx_hal_i2c_ex.o
                0x0800375e                HAL_I2CEx_ConfigDigitalFilter
 .text.HAL_PCD_Init
                0x080037f6      0x19c ./Drivers/STM32G4xx_HAL_Driver/Src/stm32g4xx_hal_pcd.o
                0x080037f6                HAL_PCD_Init
 .text.HAL_PCDEx_ActivateLPM
                0x08003992       0x54 ./Drivers/STM32G4xx_HAL_Driver/Src/stm32g4xx_hal_pcd_ex.o
                0x08003992                HAL_PCDEx_ActivateLPM
 *fill*         0x080039e6        0x2 
 .text.HAL_PWREx_ControlVoltageScaling
                0x080039e8      0x148 ./Drivers/STM32G4xx_HAL_Driver/Src/stm32g4xx_hal_pwr_ex.o
                0x080039e8                HAL_PWREx_ControlVoltageScaling
 .text.HAL_PWREx_DisableUCPDDeadBattery
                0x08003b30       0x20 ./Drivers/STM32G4xx_HAL_Driver/Src/stm32g4xx_hal_pwr_ex.o
                0x08003b30                HAL_PWREx_DisableUCPDDeadBattery
 .text.HAL_RCC_OscConfig
                0x08003b50      0x624 ./Drivers/STM32G4xx_HAL_Driver/Src/stm32g4xx_hal_rcc.o
                0x08003b50                HAL_RCC_OscConfig
 .text.HAL_RCC_ClockConfig
                0x08004174      0x278 ./Drivers/STM32G4xx_HAL_Driver/Src/stm32g4xx_hal_rcc.o
                0x08004174                HAL_RCC_ClockConfig
 .text.HAL_RCC_GetSysClockFreq
                0x080043ec       0xc0 ./Drivers/STM32G4xx_HAL_Driver/Src/stm32g4xx_hal_rcc.o
                0x080043ec                HAL_RCC_GetSysClockFreq
 .text.RCC_GetSysClockFreqFromPLLSource
                0x080044ac       0x88 ./Drivers/STM32G4xx_HAL_Driver/Src/stm32g4xx_hal_rcc.o
 .text.HAL_RCCEx_PeriphCLKConfig
                0x08004534      0x49c ./Drivers/STM32G4xx_HAL_Driver/Src/stm32g4xx_hal_rcc_ex.o
                0x08004534                HAL_RCCEx_PeriphCLKConfig
 .text.HAL_TIM_Base_Init
                0x080049d0       0xae ./Drivers/STM32G4xx_HAL_Driver/Src/stm32g4xx_hal_tim.o
                0x080049d0                HAL_TIM_Base_Init
 .text.HAL_TIM_PWM_Init
                0x08004a7e       0xae ./Drivers/STM32G4xx_HAL_Driver/Src/stm32g4xx_hal_tim.o
                0x08004a7e                HAL_TIM_PWM_Init
 .text.HAL_TIM_Encoder_Init
                0x08004b2c      0x14c ./Drivers/STM32G4xx_HAL_Driver/Src/stm32g4xx_hal_tim.o
                0x08004b2c                HAL_TIM_Encoder_Init
 .text.HAL_TIM_PWM_ConfigChannel
                0x08004c78      0x228 ./Drivers/STM32G4xx_HAL_Driver/Src/stm32g4xx_hal_tim.o
                0x08004c78                HAL_TIM_PWM_ConfigChannel
 .text.HAL_TIM_ConfigClockSource
                0x08004ea0      0x22c ./Drivers/STM32G4xx_HAL_Driver/Src/stm32g4xx_hal_tim.o
                0x08004ea0                HAL_TIM_ConfigClockSource
 .text.TIM_Base_SetConfig
                0x080050cc      0x168 ./Drivers/STM32G4xx_HAL_Driver/Src/stm32g4xx_hal_tim.o
                0x080050cc                TIM_Base_SetConfig
 .text.TIM_OC1_SetConfig
                0x08005234      0x134 ./Drivers/STM32G4xx_HAL_Driver/Src/stm32g4xx_hal_tim.o
 .text.TIM_OC2_SetConfig
                0x08005368      0x128 ./Drivers/STM32G4xx_HAL_Driver/Src/stm32g4xx_hal_tim.o
                0x08005368                TIM_OC2_SetConfig
 .text.TIM_OC3_SetConfig
                0x08005490      0x124 ./Drivers/STM32G4xx_HAL_Driver/Src/stm32g4xx_hal_tim.o
 .text.TIM_OC4_SetConfig
                0x080055b4      0x128 ./Drivers/STM32G4xx_HAL_Driver/Src/stm32g4xx_hal_tim.o
 .text.TIM_OC5_SetConfig
                0x080056dc       0xd4 ./Drivers/STM32G4xx_HAL_Driver/Src/stm32g4xx_hal_tim.o
 .text.TIM_OC6_SetConfig
                0x080057b0       0xd8 ./Drivers/STM32G4xx_HAL_Driver/Src/stm32g4xx_hal_tim.o
 .text.TIM_TI1_ConfigInputStage
                0x08005888       0x5e ./Drivers/STM32G4xx_HAL_Driver/Src/stm32g4xx_hal_tim.o
 .text.TIM_TI2_ConfigInputStage
                0x080058e6       0x60 ./Drivers/STM32G4xx_HAL_Driver/Src/stm32g4xx_hal_tim.o
 .text.TIM_ITRx_SetConfig
                0x08005946       0x3a ./Drivers/STM32G4xx_HAL_Driver/Src/stm32g4xx_hal_tim.o
 .text.TIM_ETR_SetConfig
                0x08005980       0x40 ./Drivers/STM32G4xx_HAL_Driver/Src/stm32g4xx_hal_tim.o
                0x08005980                TIM_ETR_SetConfig
 .text.HAL_TIMEx_MasterConfigSynchronization
                0x080059c0      0x12c ./Drivers/STM32G4xx_HAL_Driver/Src/stm32g4xx_hal_tim_ex.o
                0x080059c0                HAL_TIMEx_MasterConfigSynchronization
 .text.HAL_TIMEx_ConfigBreakDeadTime
                0x08005aec      0x128 ./Drivers/STM32G4xx_HAL_Driver/Src/stm32g4xx_hal_tim_ex.o
                0x08005aec                HAL_TIMEx_ConfigBreakDeadTime
 .text.USB_DisableGlobalInt
                0x08005c14       0x36 ./Drivers/STM32G4xx_HAL_Driver/Src/stm32g4xx_ll_usb.o
                0x08005c14                USB_DisableGlobalInt
 .text.USB_DevInit
                0x08005c4a       0x3c ./Drivers/STM32G4xx_HAL_Driver/Src/stm32g4xx_ll_usb.o
                0x08005c4a                USB_DevInit
 .text.memset   0x08005c86       0x10 C:/ST/STM32CubeIDE_2.0.0/STM32CubeIDE/plugins/com.st.stm32cube.ide.mcu.externaltools.gnu-tools-for-stm32.13.3.rel1.win32_1.0.100.202509120712/tools/bin/../lib/gcc/arm-none-eabi/13.3.1/../../../../arm-none-eabi/lib/thumb/v7e-m+fp/hard\libc_nano.a(libc_a-memset.o)
                0x08005c86                memset
 *fill*         0x08005c96        0x2 
 .text.__libc_init_array
                0x08005c98       0x48 C:/ST/STM32CubeIDE_2.0.0/STM32CubeIDE/plugins/com.st.stm32cube.ide.mcu.externaltools.gnu-tools-for-stm32.13.3.rel1.win32_1.0.100.202509120712/tools/bin/../lib/gcc/arm-none-eabi/13.3.1/../../../../arm-none-eabi/lib/thumb/v7e-m+fp/hard\libc_nano.a(libc_a-init.o)
                0x08005c98                __libc_init_array
 *(.glue_7)
 .glue_7        0x08005ce0        0x0 linker stubs
 *(.glue_7t)
 .glue_7t       0x08005ce0        0x0 linker stubs
 *(.eh_frame)
 .eh_frame      0x08005ce0        0x0 C:/ST/STM32CubeIDE_2.0.0/STM32CubeIDE/plugins/com.st.stm32cube.ide.mcu.externaltools.gnu-tools-for-stm32.13.3.rel1.win32_1.0.100.202509120712/tools/bin/../lib/gcc/arm-none-eabi/13.3.1/thumb/v7e-m+fp/hard/crtbegin.o
 *(.init)
 .init          0x08005ce0        0x4 C:/ST/STM32CubeIDE_2.0.0/STM32CubeIDE/plugins/com.st.stm32cube.ide.mcu.externaltools.gnu-tools-for-stm32.13.3.rel1.win32_1.0.100.202509120712/tools/bin/../lib/gcc/arm-none-eabi/13.3.1/thumb/v7e-m+fp/hard/crti.o
                0x08005ce0                _init
 .init          0x08005ce4        0x8 C:/ST/STM32CubeIDE_2.0.0/STM32CubeIDE/plugins/com.st.stm32cube.ide.mcu.externaltools.gnu-tools-for-stm32.13.3.rel1.win32_1.0.100.202509120712/tools/bin/../lib/gcc/arm-none-eabi/13.3.1/thumb/v7e-m+fp/hard/crtn.o
 *(.fini)
 .fini          0x08005cec        0x4 C:/ST/STM32CubeIDE_2.0.0/STM32CubeIDE/plugins/com.st.stm32cube.ide.mcu.externaltools.gnu-tools-for-stm32.13.3.rel1.win32_1.0.100.202509120712/tools/bin/../lib/gcc/arm-none-eabi/13.3.1/thumb/v7e-m+fp/hard/crti.o
                0x08005cec                _fini
 .fini          0x08005cf0        0x8 C:/ST/STM32CubeIDE_2.0.0/STM32CubeIDE/plugins/com.st.stm32cube.ide.mcu.externaltools.gnu-tools-for-stm32.13.3.rel1.win32_1.0.100.202509120712/tools/bin/../lib/gcc/arm-none-eabi/13.3.1/thumb/v7e-m+fp/hard/crtn.o
                0x08005cf8                        . = ALIGN (0x4)
                0x08005cf8                        _etext = .

.vfp11_veneer   0x08005cf8        0x0
 .vfp11_veneer  0x08005cf8        0x0 linker stubs

.v4_bx          0x08005cf8        0x0
 .v4_bx         0x08005cf8        0x0 linker stubs

.iplt           0x08005cf8        0x0
 .iplt          0x08005cf8        0x0 C:/ST/STM32CubeIDE_2.0.0/STM32CubeIDE/plugins/com.st.stm32cube.ide.mcu.externaltools.gnu-tools-for-stm32.13.3.rel1.win32_1.0.100.202509120712/tools/bin/../lib/gcc/arm-none-eabi/13.3.1/thumb/v7e-m+fp/hard/crtbegin.o

.rodata         0x08005cf8       0x10
                0x08005cf8                        . = ALIGN (0x4)
 *(.rodata)
 *(.rodata*)
 .rodata.AHBPrescTable
                0x08005cf8       0x10 ./Core/Src/system_stm32g4xx.o
                0x08005cf8                AHBPrescTable
                0x08005d08                        . = ALIGN (0x4)

.ARM.extab      0x08005d08        0x0
                0x08005d08                        . = ALIGN (0x4)
 *(.ARM.extab* .gnu.linkonce.armextab.*)
                0x08005d08                        . = ALIGN (0x4)

.ARM            0x08005d08        0x0
                0x08005d08                        . = ALIGN (0x4)
                0x08005d08                        __exidx_start = .
 *(.ARM.exidx*)
                0x08005d08                        __exidx_end = .
                0x08005d08                        . = ALIGN (0x4)

.preinit_array  0x08005d08        0x0
                0x08005d08                        . = ALIGN (0x4)
                0x08005d08                        PROVIDE (__preinit_array_start = .)
 *(.preinit_array*)
                0x08005d08                        PROVIDE (__preinit_array_end = .)
                0x08005d08                        . = ALIGN (0x4)

.init_array     0x08005d08        0x4
                0x08005d08                        . = ALIGN (0x4)
                0x08005d08                        PROVIDE (__init_array_start = .)
 *(SORT_BY_NAME(.init_array.*))
 *(.init_array*)
 .init_array    0x08005d08        0x4 C:/ST/STM32CubeIDE_2.0.0/STM32CubeIDE/plugins/com.st.stm32cube.ide.mcu.externaltools.gnu-tools-for-stm32.13.3.rel1.win32_1.0.100.202509120712/tools/bin/../lib/gcc/arm-none-eabi/13.3.1/thumb/v7e-m+fp/hard/crtbegin.o
                0x08005d0c                        PROVIDE (__init_array_end = .)
                0x08005d0c                        . = ALIGN (0x4)

.fini_array     0x08005d0c        0x4
                0x08005d0c                        . = ALIGN (0x4)
                [!provide]                        PROVIDE (__fini_array_start = .)
 *(SORT_BY_NAME(.fini_array.*))
 *(.fini_array*)
 .fini_array    0x08005d0c        0x4 C:/ST/STM32CubeIDE_2.0.0/STM32CubeIDE/plugins/com.st.stm32cube.ide.mcu.externaltools.gnu-tools-for-stm32.13.3.rel1.win32_1.0.100.202509120712/tools/bin/../lib/gcc/arm-none-eabi/13.3.1/thumb/v7e-m+fp/hard/crtbegin.o
                [!provide]                        PROVIDE (__fini_array_end = .)
                0x08005d10                        . = ALIGN (0x4)
                0x08005d10                        _sidata = LOADADDR (.data)

.rel.dyn        0x08005d10        0x0
 .rel.iplt      0x08005d10        0x0 C:/ST/STM32CubeIDE_2.0.0/STM32CubeIDE/plugins/com.st.stm32cube.ide.mcu.externaltools.gnu-tools-for-stm32.13.3.rel1.win32_1.0.100.202509120712/tools/bin/../lib/gcc/arm-none-eabi/13.3.1/thumb/v7e-m+fp/hard/crtbegin.o

.data           0x20000000        0xc load address 0x08005d10
                0x20000000                        . = ALIGN (0x4)
                0x20000000                        _sdata = .
 *(.data)
 *(.data*)
 .data.SystemCoreClock
                0x20000000        0x4 ./Core/Src/system_stm32g4xx.o
                0x20000000                SystemCoreClock
 .data.uwTickPrio
                0x20000004        0x4 ./Drivers/STM32G4xx_HAL_Driver/Src/stm32g4xx_hal.o
                0x20000004                uwTickPrio
 .data.uwTickFreq
                0x20000008        0x4 ./Drivers/STM32G4xx_HAL_Driver/Src/stm32g4xx_hal.o
                0x20000008                uwTickFreq
 *(.RamFunc)
 *(.RamFunc*)
                0x2000000c                        . = ALIGN (0x4)
                0x2000000c                        _edata = .

.igot.plt       0x2000000c        0x0 load address 0x08005d1c
 .igot.plt      0x2000000c        0x0 C:/ST/STM32CubeIDE_2.0.0/STM32CubeIDE/plugins/com.st.stm32cube.ide.mcu.externaltools.gnu-tools-for-stm32.13.3.rel1.win32_1.0.100.202509120712/tools/bin/../lib/gcc/arm-none-eabi/13.3.1/thumb/v7e-m+fp/hard/crtbegin.o
                0x2000000c                        . = ALIGN (0x4)

.bss            0x2000000c      0x6a0 load address 0x08005d1c
                0x2000000c                        _sbss = .
                0x2000000c                        __bss_start__ = _sbss
 *(.bss)
 .bss           0x2000000c       0x1c C:/ST/STM32CubeIDE_2.0.0/STM32CubeIDE/plugins/com.st.stm32cube.ide.mcu.externaltools.gnu-tools-for-stm32.13.3.rel1.win32_1.0.100.202509120712/tools/bin/../lib/gcc/arm-none-eabi/13.3.1/thumb/v7e-m+fp/hard/crtbegin.o
 *(.bss*)
 .bss.hadc1     0x20000028       0x6c ./Core/Src/main.o
                0x20000028                hadc1
 .bss.hfdcan2   0x20000094       0x64 ./Core/Src/main.o
                0x20000094                hfdcan2
 .bss.hi2c3     0x200000f8       0x54 ./Core/Src/main.o
                0x200000f8                hi2c3
 .bss.htim1     0x2000014c       0x4c ./Core/Src/main.o
                0x2000014c                htim1
 .bss.htim2     0x20000198       0x4c ./Core/Src/main.o
                0x20000198                htim2
 .bss.htim3     0x200001e4       0x4c ./Core/Src/main.o
                0x200001e4                htim3
 .bss.htim4     0x20000230       0x4c ./Core/Src/main.o
                0x20000230                htim4
 .bss.htim5     0x2000027c       0x4c ./Core/Src/main.o
                0x2000027c                htim5
 .bss.htim8     0x200002c8       0x4c ./Core/Src/main.o
                0x200002c8                htim8
 .bss.htim20    0x20000314       0x4c ./Core/Src/main.o
                0x20000314                htim20
 .bss.hpcd_USB_FS
                0x20000360      0x2dc ./Core/Src/main.o
                0x20000360                hpcd_USB_FS
 .bss.RxHeader  0x2000063c       0x28 ./Core/Src/main.o
                0x2000063c                RxHeader
 .bss.RxData    0x20000664       0x40 ./Core/Src/main.o
                0x20000664                RxData
 .bss.CAN_flag  0x200006a4        0x4 ./Core/Src/main.o
                0x200006a4                CAN_flag
 .bss.uwTick    0x200006a8        0x4 ./Drivers/STM32G4xx_HAL_Driver/Src/stm32g4xx_hal.o
                0x200006a8                uwTick
 *(COMMON)
                0x200006ac                        . = ALIGN (0x4)
                0x200006ac                        _ebss = .
                0x200006ac                        __bss_end__ = _ebss

._user_heap_stack
                0x200006ac      0x604 load address 0x08005d1c
                0x200006b0                        . = ALIGN (0x8)
 *fill*         0x200006ac        0x4 
                [!provide]                        PROVIDE (end = .)
                0x200006b0                        PROVIDE (_end = .)
                0x200008b0                        . = (. + _Min_Heap_Size)
 *fill*         0x200006b0      0x200 
                0x20000cb0                        . = (. + _Min_Stack_Size)
 *fill*         0x200008b0      0x400 
                0x20000cb0                        . = ALIGN (0x8)

/DISCARD/
 libc.a(*)
 libm.a(*)
 libgcc.a(*)

.ARM.attributes
                0x00000000       0x30
 *(.ARM.attributes)
 .ARM.attributes
                0x00000000       0x22 C:/ST/STM32CubeIDE_2.0.0/STM32CubeIDE/plugins/com.st.stm32cube.ide.mcu.externaltools.gnu-tools-for-stm32.13.3.rel1.win32_1.0.100.202509120712/tools/bin/../lib/gcc/arm-none-eabi/13.3.1/thumb/v7e-m+fp/hard/crti.o
 .ARM.attributes
                0x00000022       0x34 C:/ST/STM32CubeIDE_2.0.0/STM32CubeIDE/plugins/com.st.stm32cube.ide.mcu.externaltools.gnu-tools-for-stm32.13.3.rel1.win32_1.0.100.202509120712/tools/bin/../lib/gcc/arm-none-eabi/13.3.1/thumb/v7e-m+fp/hard/crtbegin.o
 .ARM.attributes
                0x00000056       0x34 ./Core/Src/CAN_processing.o
 .ARM.attributes
                0x0000008a       0x34 ./Core/Src/main.o
 .ARM.attributes
                0x000000be       0x34 ./Core/Src/stm32g4xx_hal_msp.o
 .ARM.attributes
                0x000000f2       0x34 ./Core/Src/stm32g4xx_it.o
 .ARM.attributes
                0x00000126       0x34 ./Core/Src/system_stm32g4xx.o
 .ARM.attributes
                0x0000015a       0x21 ./Core/Startup/startup_stm32g474retx.o
 .ARM.attributes
                0x0000017b       0x34 ./Drivers/STM32G4xx_HAL_Driver/Src/stm32g4xx_hal.o
 .ARM.attributes
                0x000001af       0x34 ./Drivers/STM32G4xx_HAL_Driver/Src/stm32g4xx_hal_adc.o
 .ARM.attributes
                0x000001e3       0x34 ./Drivers/STM32G4xx_HAL_Driver/Src/stm32g4xx_hal_adc_ex.o
 .ARM.attributes
                0x00000217       0x34 ./Drivers/STM32G4xx_HAL_Driver/Src/stm32g4xx_hal_cortex.o
 .ARM.attributes
                0x0000024b       0x34 ./Drivers/STM32G4xx_HAL_Driver/Src/stm32g4xx_hal_fdcan.o
 .ARM.attributes
                0x0000027f       0x34 ./Drivers/STM32G4xx_HAL_Driver/Src/stm32g4xx_hal_gpio.o
 .ARM.attributes
                0x000002b3       0x34 ./Drivers/STM32G4xx_HAL_Driver/Src/stm32g4xx_hal_i2c.o
 .ARM.attributes
                0x000002e7       0x34 ./Drivers/STM32G4xx_HAL_Driver/Src/stm32g4xx_hal_i2c_ex.o
 .ARM.attributes
                0x0000031b       0x34 ./Drivers/STM32G4xx_HAL_Driver/Src/stm32g4xx_hal_pcd.o
 .ARM.attributes
                0x0000034f       0x34 ./Drivers/STM32G4xx_HAL_Driver/Src/stm32g4xx_hal_pcd_ex.o
 .ARM.attributes
                0x00000383       0x34 ./Drivers/STM32G4xx_HAL_Driver/Src/stm32g4xx_hal_pwr_ex.o
 .ARM.attributes
                0x000003b7       0x34 ./Drivers/STM32G4xx_HAL_Driver/Src/stm32g4xx_hal_rcc.o
 .ARM.attributes
                0x000003eb       0x34 ./Drivers/STM32G4xx_HAL_Driver/Src/stm32g4xx_hal_rcc_ex.o
 .ARM.attributes
                0x0000041f       0x34 ./Drivers/STM32G4xx_HAL_Driver/Src/stm32g4xx_hal_tim.o
 .ARM.attributes
                0x00000453       0x34 ./Drivers/STM32G4xx_HAL_Driver/Src/stm32g4xx_hal_tim_ex.o
 .ARM.attributes
                0x00000487       0x34 ./Drivers/STM32G4xx_HAL_Driver/Src/stm32g4xx_ll_usb.o
 .ARM.attributes
                0x000004bb       0x34 C:/ST/STM32CubeIDE_2.0.0/STM32CubeIDE/plugins/com.st.stm32cube.ide.mcu.externaltools.gnu-tools-for-stm32.13.3.rel1.win32_1.0.100.202509120712/tools/bin/../lib/gcc/arm-none-eabi/13.3.1/../../../../arm-none-eabi/lib/thumb/v7e-m+fp/hard\libc_nano.a(libc_a-memset.o)
 .ARM.attributes
                0x000004ef       0x34 C:/ST/STM32CubeIDE_2.0.0/STM32CubeIDE/plugins/com.st.stm32cube.ide.mcu.externaltools.gnu-tools-for-stm32.13.3.rel1.win32_1.0.100.202509120712/tools/bin/../lib/gcc/arm-none-eabi/13.3.1/../../../../arm-none-eabi/lib/thumb/v7e-m+fp/hard\libc_nano.a(libc_a-init.o)
 .ARM.attributes
                0x00000523       0x22 C:/ST/STM32CubeIDE_2.0.0/STM32CubeIDE/plugins/com.st.stm32cube.ide.mcu.externaltools.gnu-tools-for-stm32.13.3.rel1.win32_1.0.100.202509120712/tools/bin/../lib/gcc/arm-none-eabi/13.3.1/thumb/v7e-m+fp/hard/crtn.o
OUTPUT(Robotics_Arm_Brushed_firmware.elf elf32-littlearm)
LOAD linker stubs
LOAD C:/ST/STM32CubeIDE_2.0.0/STM32CubeIDE/plugins/com.st.stm32cube.ide.mcu.externaltools.gnu-tools-for-stm32.13.3.rel1.win32_1.0.100.202509120712/tools/bin/../lib/gcc/arm-none-eabi/13.3.1/../../../../arm-none-eabi/lib/thumb/v7e-m+fp/hard\libc.a
LOAD C:/ST/STM32CubeIDE_2.0.0/STM32CubeIDE/plugins/com.st.stm32cube.ide.mcu.externaltools.gnu-tools-for-stm32.13.3.rel1.win32_1.0.100.202509120712/tools/bin/../lib/gcc/arm-none-eabi/13.3.1/../../../../arm-none-eabi/lib/thumb/v7e-m+fp/hard\libm.a
LOAD C:/ST/STM32CubeIDE_2.0.0/STM32CubeIDE/plugins/com.st.stm32cube.ide.mcu.externaltools.gnu-tools-for-stm32.13.3.rel1.win32_1.0.100.202509120712/tools/bin/../lib/gcc/arm-none-eabi/13.3.1/thumb/v7e-m+fp/hard\libgcc.a

.debug_info     0x00000000    0x1a559
 .debug_info    0x00000000      0xc78 ./Core/Src/CAN_processing.o
 .debug_info    0x00000c78     0x2c04 ./Core/Src/main.o
 .debug_info    0x0000387c     0x2278 ./Core/Src/stm32g4xx_hal_msp.o
 .debug_info    0x00005af4      0x17c ./Core/Src/stm32g4xx_it.o
 .debug_info    0x00005c70      0x58e ./Core/Src/system_stm32g4xx.o
 .debug_info    0x000061fe       0x30 ./Core/Startup/startup_stm32g474retx.o
 .debug_info    0x0000622e      0xb95 ./Drivers/STM32G4xx_HAL_Driver/Src/stm32g4xx_hal.o
 .debug_info    0x00006dc3     0x2063 ./Drivers/STM32G4xx_HAL_Driver/Src/stm32g4xx_hal_adc.o
 .debug_info    0x00008e26     0x1d80 ./Drivers/STM32G4xx_HAL_Driver/Src/stm32g4xx_hal_adc_ex.o
 .debug_info    0x0000aba6      0xdf9 ./Drivers/STM32G4xx_HAL_Driver/Src/stm32g4xx_hal_cortex.o
 .debug_info    0x0000b99f     0x18bb ./Drivers/STM32G4xx_HAL_Driver/Src/stm32g4xx_hal_fdcan.o
 .debug_info    0x0000d25a      0x763 ./Drivers/STM32G4xx_HAL_Driver/Src/stm32g4xx_hal_gpio.o
 .debug_info    0x0000d9bd     0x21ea ./Drivers/STM32G4xx_HAL_Driver/Src/stm32g4xx_hal_i2c.o
 .debug_info    0x0000fba7      0xad6 ./Drivers/STM32G4xx_HAL_Driver/Src/stm32g4xx_hal_i2c_ex.o
 .debug_info    0x0001067d     0x1610 ./Drivers/STM32G4xx_HAL_Driver/Src/stm32g4xx_hal_pcd.o
 .debug_info    0x00011c8d      0x80a ./Drivers/STM32G4xx_HAL_Driver/Src/stm32g4xx_hal_pcd_ex.o
 .debug_info    0x00012497      0x93f ./Drivers/STM32G4xx_HAL_Driver/Src/stm32g4xx_hal_pwr_ex.o
 .debug_info    0x00012dd6      0xbe0 ./Drivers/STM32G4xx_HAL_Driver/Src/stm32g4xx_hal_rcc.o
 .debug_info    0x000139b6      0xc45 ./Drivers/STM32G4xx_HAL_Driver/Src/stm32g4xx_hal_rcc_ex.o
 .debug_info    0x000145fb     0x2c52 ./Drivers/STM32G4xx_HAL_Driver/Src/stm32g4xx_hal_tim.o
 .debug_info    0x0001724d     0x1d95 ./Drivers/STM32G4xx_HAL_Driver/Src/stm32g4xx_hal_tim_ex.o
 .debug_info    0x00018fe2     0x1577 ./Drivers/STM32G4xx_HAL_Driver/Src/stm32g4xx_ll_usb.o

.debug_abbrev   0x00000000     0x313e
 .debug_abbrev  0x00000000      0x23f ./Core/Src/CAN_processing.o
 .debug_abbrev  0x0000023f      0x374 ./Core/Src/main.o
 .debug_abbrev  0x000005b3      0x2ae ./Core/Src/stm32g4xx_hal_msp.o
 .debug_abbrev  0x00000861       0xa0 ./Core/Src/stm32g4xx_it.o
 .debug_abbrev  0x00000901      0x11a ./Core/Src/system_stm32g4xx.o
 .debug_abbrev  0x00000a1b       0x24 ./Core/Startup/startup_stm32g474retx.o
 .debug_abbrev  0x00000a3f      0x271 ./Drivers/STM32G4xx_HAL_Driver/Src/stm32g4xx_hal.o
 .debug_abbrev  0x00000cb0      0x2d3 ./Drivers/STM32G4xx_HAL_Driver/Src/stm32g4xx_hal_adc.o
 .debug_abbrev  0x00000f83      0x2ee ./Drivers/STM32G4xx_HAL_Driver/Src/stm32g4xx_hal_adc_ex.o
 .debug_abbrev  0x00001271      0x31c ./Drivers/STM32G4xx_HAL_Driver/Src/stm32g4xx_hal_cortex.o
 .debug_abbrev  0x0000158d      0x1e7 ./Drivers/STM32G4xx_HAL_Driver/Src/stm32g4xx_hal_fdcan.o
 .debug_abbrev  0x00001774      0x1cb ./Drivers/STM32G4xx_HAL_Driver/Src/stm32g4xx_hal_gpio.o
 .debug_abbrev  0x0000193f      0x25e ./Drivers/STM32G4xx_HAL_Driver/Src/stm32g4xx_hal_i2c.o
 .debug_abbrev  0x00001b9d      0x1c0 ./Drivers/STM32G4xx_HAL_Driver/Src/stm32g4xx_hal_i2c_ex.o
 .debug_abbrev  0x00001d5d      0x2b9 ./Drivers/STM32G4xx_HAL_Driver/Src/stm32g4xx_hal_pcd.o
 .debug_abbrev  0x00002016      0x228 ./Drivers/STM32G4xx_HAL_Driver/Src/stm32g4xx_hal_pcd_ex.o
 .debug_abbrev  0x0000223e      0x22c ./Drivers/STM32G4xx_HAL_Driver/Src/stm32g4xx_hal_pwr_ex.o
 .debug_abbrev  0x0000246a      0x2c9 ./Drivers/STM32G4xx_HAL_Driver/Src/stm32g4xx_hal_rcc.o
 .debug_abbrev  0x00002733      0x258 ./Drivers/STM32G4xx_HAL_Driver/Src/stm32g4xx_hal_rcc_ex.o
 .debug_abbrev  0x0000298b      0x2a7 ./Drivers/STM32G4xx_HAL_Driver/Src/stm32g4xx_hal_tim.o
 .debug_abbrev  0x00002c32      0x2c5 ./Drivers/STM32G4xx_HAL_Driver/Src/stm32g4xx_hal_tim_ex.o
 .debug_abbrev  0x00002ef7      0x247 ./Drivers/STM32G4xx_HAL_Driver/Src/stm32g4xx_ll_usb.o

.debug_aranges  0x00000000     0x1940
 .debug_aranges
                0x00000000       0x80 ./Core/Src/CAN_processing.o
 .debug_aranges
                0x00000080       0x98 ./Core/Src/main.o
 .debug_aranges
                0x00000118       0x98 ./Core/Src/stm32g4xx_hal_msp.o
 .debug_aranges
                0x000001b0       0x80 ./Core/Src/stm32g4xx_it.o
 .debug_aranges
                0x00000230       0x28 ./Core/Src/system_stm32g4xx.o
 .debug_aranges
                0x00000258       0x28 ./Core/Startup/startup_stm32g474retx.o
 .debug_aranges
                0x00000280      0x148 ./Drivers/STM32G4xx_HAL_Driver/Src/stm32g4xx_hal.o
 .debug_aranges
                0x000003c8      0x248 ./Drivers/STM32G4xx_HAL_Driver/Src/stm32g4xx_hal_adc.o
 .debug_aranges
                0x00000610      0x1c0 ./Drivers/STM32G4xx_HAL_Driver/Src/stm32g4xx_hal_adc_ex.o
 .debug_aranges
                0x000007d0      0x128 ./Drivers/STM32G4xx_HAL_Driver/Src/stm32g4xx_hal_cortex.o
 .debug_aranges
                0x000008f8      0x208 ./Drivers/STM32G4xx_HAL_Driver/Src/stm32g4xx_hal_fdcan.o
 .debug_aranges
                0x00000b00       0x58 ./Drivers/STM32G4xx_HAL_Driver/Src/stm32g4xx_hal_gpio.o
 .debug_aranges
                0x00000b58      0x2a0 ./Drivers/STM32G4xx_HAL_Driver/Src/stm32g4xx_hal_i2c.o
 .debug_aranges
                0x00000df8       0x48 ./Drivers/STM32G4xx_HAL_Driver/Src/stm32g4xx_hal_i2c_ex.o
 .debug_aranges
                0x00000e40      0x138 ./Drivers/STM32G4xx_HAL_Driver/Src/stm32g4xx_hal_pcd.o
 .debug_aranges
                0x00000f78       0x58 ./Drivers/STM32G4xx_HAL_Driver/Src/stm32g4xx_hal_pcd_ex.o
 .debug_aranges
                0x00000fd0      0x140 ./Drivers/STM32G4xx_HAL_Driver/Src/stm32g4xx_hal_pwr_ex.o
 .debug_aranges
                0x00001110       0x98 ./Drivers/STM32G4xx_HAL_Driver/Src/stm32g4xx_hal_rcc.o
 .debug_aranges
                0x000011a8       0xb0 ./Drivers/STM32G4xx_HAL_Driver/Src/stm32g4xx_hal_rcc_ex.o
 .debug_aranges
                0x00001258      0x3e0 ./Drivers/STM32G4xx_HAL_Driver/Src/stm32g4xx_hal_tim.o
 .debug_aranges
                0x00001638      0x240 ./Drivers/STM32G4xx_HAL_Driver/Src/stm32g4xx_hal_tim_ex.o
 .debug_aranges
                0x00001878       0xc8 ./Drivers/STM32G4xx_HAL_Driver/Src/stm32g4xx_ll_usb.o

.debug_rnglists
                0x00000000     0x1398
 .debug_rnglists
                0x00000000       0x69 ./Core/Src/CAN_processing.o
 .debug_rnglists
                0x00000069       0x7a ./Core/Src/main.o
 .debug_rnglists
                0x000000e3       0x73 ./Core/Src/stm32g4xx_hal_msp.o
 .debug_rnglists
                0x00000156       0x5b ./Core/Src/stm32g4xx_it.o
 .debug_rnglists
                0x000001b1       0x1a ./Core/Src/system_stm32g4xx.o
 .debug_rnglists
                0x000001cb       0x19 ./Core/Startup/startup_stm32g474retx.o
 .debug_rnglists
                0x000001e4       0xf1 ./Drivers/STM32G4xx_HAL_Driver/Src/stm32g4xx_hal.o
 .debug_rnglists
                0x000002d5      0x1c0 ./Drivers/STM32G4xx_HAL_Driver/Src/stm32g4xx_hal_adc.o
 .debug_rnglists
                0x00000495      0x15a ./Drivers/STM32G4xx_HAL_Driver/Src/stm32g4xx_hal_adc_ex.o
 .debug_rnglists
                0x000005ef       0xda ./Drivers/STM32G4xx_HAL_Driver/Src/stm32g4xx_hal_cortex.o
 .debug_rnglists
                0x000006c9      0x18d ./Drivers/STM32G4xx_HAL_Driver/Src/stm32g4xx_hal_fdcan.o
 .debug_rnglists
                0x00000856       0x3f ./Drivers/STM32G4xx_HAL_Driver/Src/stm32g4xx_hal_gpio.o
 .debug_rnglists
                0x00000895      0x228 ./Drivers/STM32G4xx_HAL_Driver/Src/stm32g4xx_hal_i2c.o
 .debug_rnglists
                0x00000abd       0x35 ./Drivers/STM32G4xx_HAL_Driver/Src/stm32g4xx_hal_i2c_ex.o
 .debug_rnglists
                0x00000af2       0xee ./Drivers/STM32G4xx_HAL_Driver/Src/stm32g4xx_hal_pcd.o
 .debug_rnglists
                0x00000be0       0x3f ./Drivers/STM32G4xx_HAL_Driver/Src/stm32g4xx_hal_pcd_ex.o
 .debug_rnglists
                0x00000c1f       0xf1 ./Drivers/STM32G4xx_HAL_Driver/Src/stm32g4xx_hal_pwr_ex.o
 .debug_rnglists
                0x00000d10       0x74 ./Drivers/STM32G4xx_HAL_Driver/Src/stm32g4xx_hal_rcc.o
 .debug_rnglists
                0x00000d84       0x87 ./Drivers/STM32G4xx_HAL_Driver/Src/stm32g4xx_hal_rcc_ex.o
 .debug_rnglists
                0x00000e0b      0x328 ./Drivers/STM32G4xx_HAL_Driver/Src/stm32g4xx_hal_tim.o
 .debug_rnglists
                0x00001133      0x1cc ./Drivers/STM32G4xx_HAL_Driver/Src/stm32g4xx_hal_tim_ex.o
 .debug_rnglists
                0x000012ff       0x99 ./Drivers/STM32G4xx_HAL_Driver/Src/stm32g4xx_ll_usb.o

.debug_macro    0x00000000    0x29bee
 .debug_macro   0x00000000      0x37b ./Core/Src/CAN_processing.o
 .debug_macro   0x0000037b      0xad8 ./Core/Src/CAN_processing.o
 .debug_macro   0x00000e53       0x22 ./Core/Src/CAN_processing.o
 .debug_macro   0x00000e75       0x8e ./Core/Src/CAN_processing.o
 .debug_macro   0x00000f03       0x51 ./Core/Src/CAN_processing.o
 .debug_macro   0x00000f54      0x103 ./Core/Src/CAN_processing.o
 .debug_macro   0x00001057       0x6a ./Core/Src/CAN_processing.o
 .debug_macro   0x000010c1      0x1df ./Core/Src/CAN_processing.o
 .debug_macro   0x000012a0       0x22 ./Core/Src/CAN_processing.o
 .debug_macro   0x000012c2       0x61 ./Core/Src/CAN_processing.o
 .debug_macro   0x00001323       0x2a ./Core/Src/CAN_processing.o
 .debug_macro   0x0000134d       0x43 ./Core/Src/CAN_processing.o
 .debug_macro   0x00001390       0x34 ./Core/Src/CAN_processing.o
 .debug_macro   0x000013c4      0x190 ./Core/Src/CAN_processing.o
 .debug_macro   0x00001554      0x370 ./Core/Src/CAN_processing.o
 .debug_macro   0x000018c4       0x16 ./Core/Src/CAN_processing.o
 .debug_macro   0x000018da       0x4a ./Core/Src/CAN_processing.o
 .debug_macro   0x00001924       0x34 ./Core/Src/CAN_processing.o
 .debug_macro   0x00001958       0x10 ./Core/Src/CAN_processing.o
 .debug_macro   0x00001968       0x58 ./Core/Src/CAN_processing.o
 .debug_macro   0x000019c0       0x8e ./Core/Src/CAN_processing.o
 .debug_macro   0x00001a4e       0x1c ./Core/Src/CAN_processing.o
 .debug_macro   0x00001a6a      0x185 ./Core/Src/CAN_processing.o
 .debug_macro   0x00001bef       0x10 ./Core/Src/CAN_processing.o
 .debug_macro   0x00001bff       0x3c ./Core/Src/CAN_processing.o
 .debug_macro   0x00001c3b       0x20 ./Core/Src/CAN_processing.o
 .debug_macro   0x00001c5b      0x19b ./Core/Src/CAN_processing.o
 .debug_macro   0x00001df6      0x16d ./Core/Src/CAN_processing.o
 .debug_macro   0x00001f63       0x2e ./Core/Src/CAN_processing.o
 .debug_macro   0x00001f91       0x28 ./Core/Src/CAN_processing.o
 .debug_macro   0x00001fb9       0x1c ./Core/Src/CAN_processing.o
 .debug_macro   0x00001fd5       0x22 ./Core/Src/CAN_processing.o
 .debug_macro   0x00001ff7       0xfb ./Core/Src/CAN_processing.o
 .debug_macro   0x000020f2     0x1011 ./Core/Src/CAN_processing.o
 .debug_macro   0x00003103      0x11f ./Core/Src/CAN_processing.o
 .debug_macro   0x00003222    0x18b8c ./Core/Src/CAN_processing.o
 .debug_macro   0x0001bdae       0x6d ./Core/Src/CAN_processing.o
 .debug_macro   0x0001be1b     0x3558 ./Core/Src/CAN_processing.o
 .debug_macro   0x0001f373       0x56 ./Core/Src/CAN_processing.o
 .debug_macro   0x0001f3c9     0x171f ./Core/Src/CAN_processing.o
 .debug_macro   0x00020ae8      0x600 ./Core/Src/CAN_processing.o
 .debug_macro   0x000210e8      0x1b6 ./Core/Src/CAN_processing.o
 .debug_macro   0x0002129e      0x34a ./Core/Src/CAN_processing.o
 .debug_macro   0x000215e8      0x53c ./Core/Src/CAN_processing.o
 .debug_macro   0x00021b24      0x18b ./Core/Src/CAN_processing.o
 .debug_macro   0x00021caf       0x43 ./Core/Src/CAN_processing.o
 .debug_macro   0x00021cf2      0x23d ./Core/Src/CAN_processing.o
 .debug_macro   0x00021f2f     0x1112 ./Core/Src/CAN_processing.o
 .debug_macro   0x00023041      0x72e ./Core/Src/CAN_processing.o
 .debug_macro   0x0002376f      0x391 ./Core/Src/CAN_processing.o
 .debug_macro   0x00023b00      0x211 ./Core/Src/CAN_processing.o
 .debug_macro   0x00023d11      0x6bd ./Core/Src/CAN_processing.o
 .debug_macro   0x000243ce      0x45c ./Core/Src/CAN_processing.o
 .debug_macro   0x0002482a      0x11c ./Core/Src/CAN_processing.o
 .debug_macro   0x00024946      0x22c ./Core/Src/CAN_processing.o
 .debug_macro   0x00024b72       0x61 ./Core/Src/CAN_processing.o
 .debug_macro   0x00024bd3       0xa5 ./Core/Src/CAN_processing.o
 .debug_macro   0x00024c78       0x73 ./Core/Src/CAN_processing.o
 .debug_macro   0x00024ceb      0x22d ./Core/Src/CAN_processing.o
 .debug_macro   0x00024f18      0x122 ./Core/Src/CAN_processing.o
 .debug_macro   0x0002503a      0x3d1 ./Core/Src/CAN_processing.o
 .debug_macro   0x0002540b      0xc0b ./Core/Src/CAN_processing.o
 .debug_macro   0x00026016      0x718 ./Core/Src/CAN_processing.o
 .debug_macro   0x0002672e      0x358 ./Core/Src/CAN_processing.o
 .debug_macro   0x00026a86      0x1b3 ./Core/Src/CAN_processing.o
 .debug_macro   0x00026c39       0x22 ./Core/Src/CAN_processing.o
 .debug_macro   0x00026c5b       0x16 ./Core/Src/CAN_processing.o
 .debug_macro   0x00026c71      0x341 ./Core/Src/main.o
 .debug_macro   0x00026fb2       0x5c ./Core/Src/main.o
 .debug_macro   0x0002700e      0x233 ./Core/Src/stm32g4xx_hal_msp.o
 .debug_macro   0x00027241      0x23d ./Core/Src/stm32g4xx_it.o
 .debug_macro   0x0002747e      0x224 ./Core/Src/system_stm32g4xx.o
 .debug_macro   0x000276a2      0x272 ./Drivers/STM32G4xx_HAL_Driver/Src/stm32g4xx_hal.o
 .debug_macro   0x00027914      0x241 ./Drivers/STM32G4xx_HAL_Driver/Src/stm32g4xx_hal_adc.o
 .debug_macro   0x00027b55      0x230 ./Drivers/STM32G4xx_HAL_Driver/Src/stm32g4xx_hal_adc_ex.o
 .debug_macro   0x00027d85      0x224 ./Drivers/STM32G4xx_HAL_Driver/Src/stm32g4xx_hal_cortex.o
 .debug_macro   0x00027fa9      0x336 ./Drivers/STM32G4xx_HAL_Driver/Src/stm32g4xx_hal_fdcan.o
 .debug_macro   0x000282df      0x22b ./Drivers/STM32G4xx_HAL_Driver/Src/stm32g4xx_hal_gpio.o
 .debug_macro   0x0002850a      0x2f0 ./Drivers/STM32G4xx_HAL_Driver/Src/stm32g4xx_hal_i2c.o
 .debug_macro   0x000287fa      0x224 ./Drivers/STM32G4xx_HAL_Driver/Src/stm32g4xx_hal_i2c_ex.o
 .debug_macro   0x00028a1e      0x230 ./Drivers/STM32G4xx_HAL_Driver/Src/stm32g4xx_hal_pcd.o
 .debug_macro   0x00028c4e      0x224 ./Drivers/STM32G4xx_HAL_Driver/Src/stm32g4xx_hal_pcd_ex.o
 .debug_macro   0x00028e72      0x24e ./Drivers/STM32G4xx_HAL_Driver/Src/stm32g4xx_hal_pwr_ex.o
 .debug_macro   0x000290c0      0x266 ./Drivers/STM32G4xx_HAL_Driver/Src/stm32g4xx_hal_rcc.o
 .debug_macro   0x00029326      0x24e ./Drivers/STM32G4xx_HAL_Driver/Src/stm32g4xx_hal_rcc_ex.o
 .debug_macro   0x00029574      0x22c ./Drivers/STM32G4xx_HAL_Driver/Src/stm32g4xx_hal_tim.o
 .debug_macro   0x000297a0      0x22a ./Drivers/STM32G4xx_HAL_Driver/Src/stm32g4xx_hal_tim_ex.o
 .debug_macro   0x000299ca      0x224 ./Drivers/STM32G4xx_HAL_Driver/Src/stm32g4xx_ll_usb.o

.debug_line     0x00000000    0x1bbbc
 .debug_line    0x00000000      0xbcd ./Core/Src/CAN_processing.o
 .debug_line    0x00000bcd     0x101c ./Core/Src/main.o
 .debug_line    0x00001be9      0xb66 ./Core/Src/stm32g4xx_hal_msp.o
 .debug_line    0x0000274f      0x91e ./Core/Src/stm32g4xx_it.o
 .debug_line    0x0000306d      0x877 ./Core/Src/system_stm32g4xx.o
 .debug_line    0x000038e4       0x7b ./Core/Startup/startup_stm32g474retx.o
 .debug_line    0x0000395f      0xc43 ./Drivers/STM32G4xx_HAL_Driver/Src/stm32g4xx_hal.o
 .debug_line    0x000045a2     0x2312 ./Drivers/STM32G4xx_HAL_Driver/Src/stm32g4xx_hal_adc.o
 .debug_line    0x000068b4     0x1c6a ./Drivers/STM32G4xx_HAL_Driver/Src/stm32g4xx_hal_adc_ex.o
 .debug_line    0x0000851e      0xda8 ./Drivers/STM32G4xx_HAL_Driver/Src/stm32g4xx_hal_cortex.o
 .debug_line    0x000092c6     0x1994 ./Drivers/STM32G4xx_HAL_Driver/Src/stm32g4xx_hal_fdcan.o
 .debug_line    0x0000ac5a      0xc1c ./Drivers/STM32G4xx_HAL_Driver/Src/stm32g4xx_hal_gpio.o
 .debug_line    0x0000b876     0x37d7 ./Drivers/STM32G4xx_HAL_Driver/Src/stm32g4xx_hal_i2c.o
 .debug_line    0x0000f04d      0x970 ./Drivers/STM32G4xx_HAL_Driver/Src/stm32g4xx_hal_i2c_ex.o
 .debug_line    0x0000f9bd     0x13c2 ./Drivers/STM32G4xx_HAL_Driver/Src/stm32g4xx_hal_pcd.o
 .debug_line    0x00010d7f      0x9ac ./Drivers/STM32G4xx_HAL_Driver/Src/stm32g4xx_hal_pcd_ex.o
 .debug_line    0x0001172b      0xda2 ./Drivers/STM32G4xx_HAL_Driver/Src/stm32g4xx_hal_pwr_ex.o
 .debug_line    0x000124cd     0x10c6 ./Drivers/STM32G4xx_HAL_Driver/Src/stm32g4xx_hal_rcc.o
 .debug_line    0x00013593     0x133b ./Drivers/STM32G4xx_HAL_Driver/Src/stm32g4xx_hal_rcc_ex.o
 .debug_line    0x000148ce     0x40dc ./Drivers/STM32G4xx_HAL_Driver/Src/stm32g4xx_hal_tim.o
 .debug_line    0x000189aa     0x214a ./Drivers/STM32G4xx_HAL_Driver/Src/stm32g4xx_hal_tim_ex.o
 .debug_line    0x0001aaf4     0x10c8 ./Drivers/STM32G4xx_HAL_Driver/Src/stm32g4xx_ll_usb.o

.debug_str      0x00000000   0x118391
 .debug_str     0x00000000   0x118391 ./Core/Src/CAN_processing.o
                             0x110156 (size before relaxing)
 .debug_str     0x00118391        0x0 ./Core/Src/main.o
                             0x11198c (size before relaxing)
 .debug_str     0x00118391        0x0 ./Core/Src/stm32g4xx_hal_msp.o
                             0x10d2dc (size before relaxing)
 .debug_str     0x00118391        0x0 ./Core/Src/stm32g4xx_it.o
                             0x10bd7e (size before relaxing)
 .debug_str     0x00118391        0x0 ./Core/Src/system_stm32g4xx.o
                             0x10b664 (size before relaxing)
 .debug_str     0x00118391        0x0 ./Core/Startup/startup_stm32g474retx.o
                                 0xb1 (size before relaxing)
 .debug_str     0x00118391        0x0 ./Drivers/STM32G4xx_HAL_Driver/Src/stm32g4xx_hal.o
                             0x10c376 (size before relaxing)
 .debug_str     0x00118391        0x0 ./Drivers/STM32G4xx_HAL_Driver/Src/stm32g4xx_hal_adc.o
                             0x10c691 (size before relaxing)
 .debug_str     0x00118391        0x0 ./Drivers/STM32G4xx_HAL_Driver/Src/stm32g4xx_hal_adc_ex.o
                             0x10c637 (size before relaxing)
 .debug_str     0x00118391        0x0 ./Drivers/STM32G4xx_HAL_Driver/Src/stm32g4xx_hal_cortex.o
                             0x10c032 (size before relaxing)
 .debug_str     0x00118391        0x0 ./Drivers/STM32G4xx_HAL_Driver/Src/stm32g4xx_hal_fdcan.o
                             0x10cc13 (size before relaxing)
 .debug_str     0x00118391        0x0 ./Drivers/STM32G4xx_HAL_Driver/Src/stm32g4xx_hal_gpio.o
                             0x10b7ef (size before relaxing)
 .debug_str     0x00118391        0x0 ./Drivers/STM32G4xx_HAL_Driver/Src/stm32g4xx_hal_i2c.o
                             0x10c96e (size before relaxing)
 .debug_str     0x00118391        0x0 ./Drivers/STM32G4xx_HAL_Driver/Src/stm32g4xx_hal_i2c_ex.o
                             0x10bc83 (size before relaxing)
 .debug_str     0x00118391        0x0 ./Drivers/STM32G4xx_HAL_Driver/Src/stm32g4xx_hal_pcd.o
                             0x10bde0 (size before relaxing)
 .debug_str     0x00118391        0x0 ./Drivers/STM32G4xx_HAL_Driver/Src/stm32g4xx_hal_pcd_ex.o
                             0x10ba1c (size before relaxing)
 .debug_str     0x00118391        0x0 ./Drivers/STM32G4xx_HAL_Driver/Src/stm32g4xx_hal_pwr_ex.o
                             0x10bb52 (size before relaxing)
 .debug_str     0x00118391        0x0 ./Drivers/STM32G4xx_HAL_Driver/Src/stm32g4xx_hal_rcc.o
                             0x10bd83 (size before relaxing)
 .debug_str     0x00118391        0x0 ./Drivers/STM32G4xx_HAL_Driver/Src/stm32g4xx_hal_rcc_ex.o
                             0x10bdad (size before relaxing)
 .debug_str     0x00118391        0x0 ./Drivers/STM32G4xx_HAL_Driver/Src/stm32g4xx_hal_tim.o
                             0x10cb62 (size before relaxing)
 .debug_str     0x00118391        0x0 ./Drivers/STM32G4xx_HAL_Driver/Src/stm32g4xx_hal_tim_ex.o
                             0x10c7d6 (size before relaxing)
 .debug_str     0x00118391        0x0 ./Drivers/STM32G4xx_HAL_Driver/Src/stm32g4xx_ll_usb.o
                             0x10b91d (size before relaxing)

.comment        0x00000000       0x43
 .comment       0x00000000       0x43 ./Core/Src/CAN_processing.o
                                 0x44 (size before relaxing)
 .comment       0x00000043        0x0 ./Core/Src/main.o
                                 0x44 (size before relaxing)
 .comment       0x00000043        0x0 ./Core/Src/stm32g4xx_hal_msp.o
                                 0x44 (size before relaxing)
 .comment       0x00000043        0x0 ./Core/Src/stm32g4xx_it.o
                                 0x44 (size before relaxing)
 .comment       0x00000043        0x0 ./Core/Src/system_stm32g4xx.o
                                 0x44 (size before relaxing)
 .comment       0x00000043        0x0 ./Drivers/STM32G4xx_HAL_Driver/Src/stm32g4xx_hal.o
                                 0x44 (size before relaxing)
 .comment       0x00000043        0x0 ./Drivers/STM32G4xx_HAL_Driver/Src/stm32g4xx_hal_adc.o
                                 0x44 (size before relaxing)
 .comment       0x00000043        0x0 ./Drivers/STM32G4xx_HAL_Driver/Src/stm32g4xx_hal_adc_ex.o
                                 0x44 (size before relaxing)
 .comment       0x00000043        0x0 ./Drivers/STM32G4xx_HAL_Driver/Src/stm32g4xx_hal_cortex.o
                                 0x44 (size before relaxing)
 .comment       0x00000043        0x0 ./Drivers/STM32G4xx_HAL_Driver/Src/stm32g4xx_hal_fdcan.o
                                 0x44 (size before relaxing)
 .comment       0x00000043        0x0 ./Drivers/STM32G4xx_HAL_Driver/Src/stm32g4xx_hal_gpio.o
                                 0x44 (size before relaxing)
 .comment       0x00000043        0x0 ./Drivers/STM32G4xx_HAL_Driver/Src/stm32g4xx_hal_i2c.o
                                 0x44 (size before relaxing)
 .comment       0x00000043        0x0 ./Drivers/STM32G4xx_HAL_Driver/Src/stm32g4xx_hal_i2c_ex.o
                                 0x44 (size before relaxing)
 .comment       0x00000043        0x0 ./Drivers/STM32G4xx_HAL_Driver/Src/stm32g4xx_hal_pcd.o
                                 0x44 (size before relaxing)
 .comment       0x00000043        0x0 ./Drivers/STM32G4xx_HAL_Driver/Src/stm32g4xx_hal_pcd_ex.o
                                 0x44 (size before relaxing)
 .comment       0x00000043        0x0 ./Drivers/STM32G4xx_HAL_Driver/Src/stm32g4xx_hal_pwr_ex.o
                                 0x44 (size before relaxing)
 .comment       0x00000043        0x0 ./Drivers/STM32G4xx_HAL_Driver/Src/stm32g4xx_hal_rcc.o
                                 0x44 (size before relaxing)
 .comment       0x00000043        0x0 ./Drivers/STM32G4xx_HAL_Driver/Src/stm32g4xx_hal_rcc_ex.o
                                 0x44 (size before relaxing)
 .comment       0x00000043        0x0 ./Drivers/STM32G4xx_HAL_Driver/Src/stm32g4xx_hal_tim.o
                                 0x44 (size before relaxing)
 .comment       0x00000043        0x0 ./Drivers/STM32G4xx_HAL_Driver/Src/stm32g4xx_hal_tim_ex.o
                                 0x44 (size before relaxing)
 .comment       0x00000043        0x0 ./Drivers/STM32G4xx_HAL_Driver/Src/stm32g4xx_ll_usb.o
                                 0x44 (size before relaxing)

.debug_frame    0x00000000     0x6e64
 .debug_frame   0x00000000      0x204 ./Core/Src/CAN_processing.o
 .debug_frame   0x00000204      0x228 ./Core/Src/main.o
 .debug_frame   0x0000042c      0x270 ./Core/Src/stm32g4xx_hal_msp.o
 .debug_frame   0x0000069c      0x174 ./Core/Src/stm32g4xx_it.o
 .debug_frame   0x00000810       0x58 ./Core/Src/system_stm32g4xx.o
 .debug_frame   0x00000868      0x500 ./Drivers/STM32G4xx_HAL_Driver/Src/stm32g4xx_hal.o
 .debug_frame   0x00000d68      0xacc ./Drivers/STM32G4xx_HAL_Driver/Src/stm32g4xx_hal_adc.o
 .debug_frame   0x00001834      0x81c ./Drivers/STM32G4xx_HAL_Driver/Src/stm32g4xx_hal_adc_ex.o
 .debug_frame   0x00002050      0x4e8 ./Drivers/STM32G4xx_HAL_Driver/Src/stm32g4xx_hal_cortex.o
 .debug_frame   0x00002538      0x9b0 ./Drivers/STM32G4xx_HAL_Driver/Src/stm32g4xx_hal_fdcan.o
 .debug_frame   0x00002ee8      0x14c ./Drivers/STM32G4xx_HAL_Driver/Src/stm32g4xx_hal_gpio.o
 .debug_frame   0x00003034      0xc38 ./Drivers/STM32G4xx_HAL_Driver/Src/stm32g4xx_hal_i2c.o
 .debug_frame   0x00003c6c      0x100 ./Drivers/STM32G4xx_HAL_Driver/Src/stm32g4xx_hal_i2c_ex.o
 .debug_frame   0x00003d6c      0x56c ./Drivers/STM32G4xx_HAL_Driver/Src/stm32g4xx_hal_pcd.o
 .debug_frame   0x000042d8      0x14c ./Drivers/STM32G4xx_HAL_Driver/Src/stm32g4xx_hal_pcd_ex.o
 .debug_frame   0x00004424      0x4fc ./Drivers/STM32G4xx_HAL_Driver/Src/stm32g4xx_hal_pwr_ex.o
 .debug_frame   0x00004920      0x23c ./Drivers/STM32G4xx_HAL_Driver/Src/stm32g4xx_hal_rcc.o
 .debug_frame   0x00004b5c      0x2ac ./Drivers/STM32G4xx_HAL_Driver/Src/stm32g4xx_hal_rcc_ex.o
 .debug_frame   0x00004e08     0x1220 ./Drivers/STM32G4xx_HAL_Driver/Src/stm32g4xx_hal_tim.o
 .debug_frame   0x00006028      0xa70 ./Drivers/STM32G4xx_HAL_Driver/Src/stm32g4xx_hal_tim_ex.o
 .debug_frame   0x00006a98      0x380 ./Drivers/STM32G4xx_HAL_Driver/Src/stm32g4xx_ll_usb.o
 .debug_frame   0x00006e18       0x20 C:/ST/STM32CubeIDE_2.0.0/STM32CubeIDE/plugins/com.st.stm32cube.ide.mcu.externaltools.gnu-tools-for-stm32.13.3.rel1.win32_1.0.100.202509120712/tools/bin/../lib/gcc/arm-none-eabi/13.3.1/../../../../arm-none-eabi/lib/thumb/v7e-m+fp/hard\libc_nano.a(libc_a-memset.o)
 .debug_frame   0x00006e38       0x2c C:/ST/STM32CubeIDE_2.0.0/STM32CubeIDE/plugins/com.st.stm32cube.ide.mcu.externaltools.gnu-tools-for-stm32.13.3.rel1.win32_1.0.100.202509120712/tools/bin/../lib/gcc/arm-none-eabi/13.3.1/../../../../arm-none-eabi/lib/thumb/v7e-m+fp/hard\libc_nano.a(libc_a-init.o)

.debug_line_str
                0x00000000       0x95
 .debug_line_str
                0x00000000       0x95 ./Core/Startup/startup_stm32g474retx.o
