C:/Users/james/Documents/2.Robotics/rover-embedded-2025/Arm_Brushless_2026/Robotics_Shoulder_2026/Src/main.c:284:6:SystemClock_Config	88	static,ignoring_inline_asm
C:/Users/james/Documents/2.Robotics/rover-embedded-2025/Arm_Brushless_2026/Robotics_Shoulder_2026/Src/main.c:134:5:main	160	static,ignoring_inline_asm
C:/Users/james/Documents/2.Robotics/rover-embedded-2025/Arm_Brushless_2026/Robotics_Shoulder_2026/Src/main.c:1098:6:HAL_FDCAN_RxFifo0Callback	8	static
C:/Users/james/Documents/2.Robotics/rover-embedded-2025/Arm_Brushless_2026/Robotics_Shoulder_2026/Src/main.c:1115:6:HAL_GPIO_EXTI_Callback	16	static,ignoring_inline_asm
C:/Users/james/Documents/2.Robotics/rover-embedded-2025/Arm_Brushless_2026/Robotics_Shoulder_2026/Src/main.c:1134:6:HAL_TIM_PeriodElapsedCallback	16	static
C:/Users/james/Documents/2.Robotics/rover-embedded-2025/Arm_Brushless_2026/Robotics_Shoulder_2026/Src/main.c:1218:7:Read_Encoder_Position_Rad	0	static
C:/Users/james/Documents/2.Robotics/rover-embedded-2025/Arm_Brushless_2026/Robotics_Shoulder_2026/Src/main.c:1230:7:degreesToRad	8	static
C:/Users/james/Documents/2.Robotics/rover-embedded-2025/Arm_Brushless_2026/Robotics_Shoulder_2026/Src/main.c:1234:7:radToDegrees	8	static
C:/Users/james/Documents/2.Robotics/rover-embedded-2025/Arm_Brushless_2026/Robotics_Shoulder_2026/Src/main.c:1240:7:inputShaftToOutput	0	static
C:/Users/james/Documents/2.Robotics/rover-embedded-2025/Arm_Brushless_2026/Robotics_Shoulder_2026/Src/main.c:1246:7:outputShaftToInput	0	static
C:/Users/james/Documents/2.Robotics/rover-embedded-2025/Arm_Brushless_2026/Robotics_Shoulder_2026/Src/main.c:1259:6:Error_Handler	0	static,ignoring_inline_asm
