C:/Users/James/OneDrive/Documents/2. McGill Robotics/Motor_param/Test-V3/MCSDK_v6.3.0-Full/MotorControl/MCSDK/MCLib/Any/Src/open_loop.c:50:13:OL_Init	0	static
C:/Users/James/OneDrive/Documents/2. McGill Robotics/Motor_param/Test-V3/MCSDK_v6.3.0-Full/MotorControl/MCSDK/MCLib/Any/Src/open_loop.c:73:13:OL_VqdConditioning	8	static
C:/Users/James/OneDrive/Documents/2. McGill Robotics/Motor_param/Test-V3/MCSDK_v6.3.0-Full/MotorControl/MCSDK/MCLib/Any/Src/open_loop.c:90:13:OL_Calc	0	static
C:/Users/James/OneDrive/Documents/2. McGill Robotics/Motor_param/Test-V3/MCSDK_v6.3.0-Full/MotorControl/MCSDK/MCLib/Any/Src/open_loop.c:126:13:OL_VF	0	static
