../Core/Src/main.c:109:5:main	264	static
../Core/Src/main.c:440:6:SystemClock_Config	88	static
../Core/Src/main.c:486:13:MX_ADC1_Init	56	static
../Core/Src/main.c:554:13:MX_FDCAN2_Init	8	static
../Core/Src/main.c:597:13:MX_I2C3_Init	8	static
../Core/Src/main.c:645:13:MX_TIM1_Init	104	static
../Core/Src/main.c:717:13:MX_TIM2_Init	40	static
../Core/Src/main.c:762:13:MX_TIM3_Init	56	static
../Core/Src/main.c:811:13:MX_TIM4_Init	56	static
../Core/Src/main.c:860:13:MX_TIM5_Init	56	static
../Core/Src/main.c:909:13:MX_TIM8_Init	104	static
../Core/Src/main.c:981:13:MX_TIM20_Init	120	static
../Core/Src/main.c:1063:13:MX_USB_PCD_Init	8	static
../Core/Src/main.c:1096:13:MX_GPIO_Init	48	static
../Core/Src/main.c:1206:6:HAL_FDCAN_RxFifo0Callback	16	static
../Core/Src/main.c:1223:6:HAL_GPIO_EXTI_Callback	16	static,ignoring_inline_asm
../Core/Src/main.c:1244:6:Error_Handler	4	static,ignoring_inline_asm
