../Core/Src/main.c:109:5:main	264	static
../Core/Src/main.c:394:6:SystemClock_Config	88	static
../Core/Src/main.c:440:13:MX_ADC1_Init	56	static
../Core/Src/main.c:508:13:MX_FDCAN2_Init	8	static
../Core/Src/main.c:551:13:MX_I2C3_Init	8	static
../Core/Src/main.c:599:13:MX_TIM1_Init	104	static
../Core/Src/main.c:671:13:MX_TIM2_Init	40	static
../Core/Src/main.c:716:13:MX_TIM3_Init	56	static
../Core/Src/main.c:765:13:MX_TIM4_Init	56	static
../Core/Src/main.c:814:13:MX_TIM5_Init	56	static
../Core/Src/main.c:863:13:MX_TIM8_Init	104	static
../Core/Src/main.c:935:13:MX_TIM20_Init	120	static
../Core/Src/main.c:1017:13:MX_USB_PCD_Init	8	static
../Core/Src/main.c:1050:13:MX_GPIO_Init	48	static
../Core/Src/main.c:1160:6:HAL_FDCAN_RxFifo0Callback	16	static
../Core/Src/main.c:1176:6:HAL_GPIO_EXTI_Callback	16	static,ignoring_inline_asm
../Core/Src/main.c:1197:6:Error_Handler	4	static,ignoring_inline_asm
