Archive member included to satisfy reference by file (symbol)

C:/ST/STM32CubeIDE_1.18.0/STM32CubeIDE/plugins/com.st.stm32cube.ide.mcu.externaltools.gnu-tools-for-stm32.13.3.rel1.win32_1.0.0.202411081344/tools/bin/../lib/gcc/arm-none-eabi/13.3.1/../../../../arm-none-eabi/lib/thumb/v7e-m+fp/hard\libc_nano.a(libc_a-exit.o)
                              C:/ST/STM32CubeIDE_1.18.0/STM32CubeIDE/plugins/com.st.stm32cube.ide.mcu.externaltools.gnu-tools-for-stm32.13.3.rel1.win32_1.0.0.202411081344/tools/bin/../lib/gcc/arm-none-eabi/13.3.1/../../../../arm-none-eabi/lib/thumb/v7e-m+fp/hard/crt0.o (exit)
C:/ST/STM32CubeIDE_1.18.0/STM32CubeIDE/plugins/com.st.stm32cube.ide.mcu.externaltools.gnu-tools-for-stm32.13.3.rel1.win32_1.0.0.202411081344/tools/bin/../lib/gcc/arm-none-eabi/13.3.1/../../../../arm-none-eabi/lib/thumb/v7e-m+fp/hard\libc_nano.a(libc_a-findfp.o)
                              C:/ST/STM32CubeIDE_1.18.0/STM32CubeIDE/plugins/com.st.stm32cube.ide.mcu.externaltools.gnu-tools-for-stm32.13.3.rel1.win32_1.0.0.202411081344/tools/bin/../lib/gcc/arm-none-eabi/13.3.1/../../../../arm-none-eabi/lib/thumb/v7e-m+fp/hard\libc_nano.a(libc_a-exit.o) (__stdio_exit_handler)
C:/ST/STM32CubeIDE_1.18.0/STM32CubeIDE/plugins/com.st.stm32cube.ide.mcu.externaltools.gnu-tools-for-stm32.13.3.rel1.win32_1.0.0.202411081344/tools/bin/../lib/gcc/arm-none-eabi/13.3.1/../../../../arm-none-eabi/lib/thumb/v7e-m+fp/hard\libc_nano.a(libc_a-fwalk.o)
                              C:/ST/STM32CubeIDE_1.18.0/STM32CubeIDE/plugins/com.st.stm32cube.ide.mcu.externaltools.gnu-tools-for-stm32.13.3.rel1.win32_1.0.0.202411081344/tools/bin/../lib/gcc/arm-none-eabi/13.3.1/../../../../arm-none-eabi/lib/thumb/v7e-m+fp/hard\libc_nano.a(libc_a-findfp.o) (_fwalk_sglue)
C:/ST/STM32CubeIDE_1.18.0/STM32CubeIDE/plugins/com.st.stm32cube.ide.mcu.externaltools.gnu-tools-for-stm32.13.3.rel1.win32_1.0.0.202411081344/tools/bin/../lib/gcc/arm-none-eabi/13.3.1/../../../../arm-none-eabi/lib/thumb/v7e-m+fp/hard\libc_nano.a(libc_a-stdio.o)
                              C:/ST/STM32CubeIDE_1.18.0/STM32CubeIDE/plugins/com.st.stm32cube.ide.mcu.externaltools.gnu-tools-for-stm32.13.3.rel1.win32_1.0.0.202411081344/tools/bin/../lib/gcc/arm-none-eabi/13.3.1/../../../../arm-none-eabi/lib/thumb/v7e-m+fp/hard\libc_nano.a(libc_a-findfp.o) (__sread)
C:/ST/STM32CubeIDE_1.18.0/STM32CubeIDE/plugins/com.st.stm32cube.ide.mcu.externaltools.gnu-tools-for-stm32.13.3.rel1.win32_1.0.0.202411081344/tools/bin/../lib/gcc/arm-none-eabi/13.3.1/../../../../arm-none-eabi/lib/thumb/v7e-m+fp/hard\libc_nano.a(libc_a-memset.o)
                              C:/ST/STM32CubeIDE_1.18.0/STM32CubeIDE/plugins/com.st.stm32cube.ide.mcu.externaltools.gnu-tools-for-stm32.13.3.rel1.win32_1.0.0.202411081344/tools/bin/../lib/gcc/arm-none-eabi/13.3.1/../../../../arm-none-eabi/lib/thumb/v7e-m+fp/hard/crt0.o (memset)
C:/ST/STM32CubeIDE_1.18.0/STM32CubeIDE/plugins/com.st.stm32cube.ide.mcu.externaltools.gnu-tools-for-stm32.13.3.rel1.win32_1.0.0.202411081344/tools/bin/../lib/gcc/arm-none-eabi/13.3.1/../../../../arm-none-eabi/lib/thumb/v7e-m+fp/hard\libc_nano.a(libc_a-closer.o)
                              C:/ST/STM32CubeIDE_1.18.0/STM32CubeIDE/plugins/com.st.stm32cube.ide.mcu.externaltools.gnu-tools-for-stm32.13.3.rel1.win32_1.0.0.202411081344/tools/bin/../lib/gcc/arm-none-eabi/13.3.1/../../../../arm-none-eabi/lib/thumb/v7e-m+fp/hard\libc_nano.a(libc_a-stdio.o) (_close_r)
C:/ST/STM32CubeIDE_1.18.0/STM32CubeIDE/plugins/com.st.stm32cube.ide.mcu.externaltools.gnu-tools-for-stm32.13.3.rel1.win32_1.0.0.202411081344/tools/bin/../lib/gcc/arm-none-eabi/13.3.1/../../../../arm-none-eabi/lib/thumb/v7e-m+fp/hard\libc_nano.a(libc_a-reent.o)
                              C:/ST/STM32CubeIDE_1.18.0/STM32CubeIDE/plugins/com.st.stm32cube.ide.mcu.externaltools.gnu-tools-for-stm32.13.3.rel1.win32_1.0.0.202411081344/tools/bin/../lib/gcc/arm-none-eabi/13.3.1/../../../../arm-none-eabi/lib/thumb/v7e-m+fp/hard\libc_nano.a(libc_a-closer.o) (errno)
C:/ST/STM32CubeIDE_1.18.0/STM32CubeIDE/plugins/com.st.stm32cube.ide.mcu.externaltools.gnu-tools-for-stm32.13.3.rel1.win32_1.0.0.202411081344/tools/bin/../lib/gcc/arm-none-eabi/13.3.1/../../../../arm-none-eabi/lib/thumb/v7e-m+fp/hard\libc_nano.a(libc_a-impure.o)
                              C:/ST/STM32CubeIDE_1.18.0/STM32CubeIDE/plugins/com.st.stm32cube.ide.mcu.externaltools.gnu-tools-for-stm32.13.3.rel1.win32_1.0.0.202411081344/tools/bin/../lib/gcc/arm-none-eabi/13.3.1/../../../../arm-none-eabi/lib/thumb/v7e-m+fp/hard\libc_nano.a(libc_a-reent.o) (_impure_ptr)
C:/ST/STM32CubeIDE_1.18.0/STM32CubeIDE/plugins/com.st.stm32cube.ide.mcu.externaltools.gnu-tools-for-stm32.13.3.rel1.win32_1.0.0.202411081344/tools/bin/../lib/gcc/arm-none-eabi/13.3.1/../../../../arm-none-eabi/lib/thumb/v7e-m+fp/hard\libc_nano.a(libc_a-lseekr.o)
[...]
Memory Configuration

Name             Origin             Length             Attributes
RAM              0x20000000         0x00008000         xrw
FLASH            0x08000000         0x00020000         xr
*default*        0x00000000         0xffffffff

Linker script and memory map

LOAD C:/ST/STM32CubeIDE_1.18.0/STM32CubeIDE/plugins/com.st.stm32cube.ide.mcu.externaltools.gnu-tools-for-stm32.13.3.rel1.win32_1.0.0.202411081344/tools/bin/../lib/gcc/arm-none-eabi/13.3.1/thumb/v7e-m+fp/hard/crti.o
LOAD C:/ST/STM32CubeIDE_1.18.0/STM32CubeIDE/plugins/com.st.stm32cube.ide.mcu.externaltools.gnu-tools-for-stm32.13.3.rel1.win32_1.0.0.202411081344/tools/bin/../lib/gcc/arm-none-eabi/13.3.1/thumb/v7e-m+fp/hard/crtbegin.o
LOAD C:/ST/STM32CubeIDE_1.18.0/STM32CubeIDE/plugins/com.st.stm32cube.ide.mcu.externaltools.gnu-tools-for-stm32.13.3.rel1.win32_1.0.0.202411081344/tools/bin/../lib/gcc/arm-none-eabi/13.3.1/../../../../arm-none-eabi/lib/thumb/v7e-m+fp/hard/crt0.o
LOAD ./Application/Startup/startup_stm32g431cbux.o
LOAD ./Application/User/CAN_processing.o
LOAD ./Application/User/main.o
LOAD ./Application/User/mc_api.o
LOAD ./Application/User/mc_app_hooks.o
LOAD ./Application/User/mc_config.o
LOAD ./Application/User/mc_config_common.o
LOAD ./Application/User/mc_configuration_registers.o
LOAD ./Application/User/mc_interface.o
LOAD ./Application/User/mc_math.o
LOAD ./Application/User/mc_parameters.o
LOAD ./Application/User/mc_tasks.o
LOAD ./Application/User/mc_tasks_foc.o
LOAD ./Application/User/motorcontrol.o
LOAD ./Application/User/pwm_common.o
LOAD ./Application/User/pwm_curr_fdbk.o
LOAD ./Application/User/regular_conversion_manager.o
LOAD ./Application/User/speed_torq_ctrl.o
LOAD ./Application/User/stm32_mc_common_it.o
LOAD ./Application/User/stm32g4xx_hal_msp.o
LOAD ./Application/User/stm32g4xx_it.o
LOAD ./Application/User/stm32g4xx_mc_it.o
LOAD ./Application/User/syscalls.o
LOAD ./Application/User/sysmem.o
LOAD ./Application/User/uart_debug.o
LOAD ./Drivers/CMSIS/system_stm32g4xx.o
LOAD ./Drivers/STM32G4xx_HAL_Driver/stm32g4xx_hal.o
LOAD ./Drivers/STM32G4xx_HAL_Driver/stm32g4xx_hal_adc.o
LOAD ./Drivers/STM32G4xx_HAL_Driver/stm32g4xx_hal_adc_ex.o
LOAD ./Drivers/STM32G4xx_HAL_Driver/stm32g4xx_hal_comp.o
LOAD ./Drivers/STM32G4xx_HAL_Driver/stm32g4xx_hal_cordic.o
LOAD ./Drivers/STM32G4xx_HAL_Driver/stm32g4xx_hal_cortex.o
LOAD ./Drivers/STM32G4xx_HAL_Driver/stm32g4xx_hal_dac.o
LOAD ./Drivers/STM32G4xx_HAL_Driver/stm32g4xx_hal_dac_ex.o
LOAD ./Drivers/STM32G4xx_HAL_Driver/stm32g4xx_hal_dma.o
LOAD ./Drivers/STM32G4xx_HAL_Driver/stm32g4xx_hal_dma_ex.o
LOAD ./Drivers/STM32G4xx_HAL_Driver/stm32g4xx_hal_exti.o
LOAD ./Drivers/STM32G4xx_HAL_Driver/stm32g4xx_hal_fdcan.o
LOAD ./Drivers/STM32G4xx_HAL_Driver/stm32g4xx_hal_flash.o
LOAD ./Drivers/STM32G4xx_HAL_Driver/stm32g4xx_hal_flash_ex.o
LOAD ./Drivers/STM32G4xx_HAL_Driver/stm32g4xx_hal_flash_ramfunc.o
LOAD ./Drivers/STM32G4xx_HAL_Driver/stm32g4xx_hal_gpio.o
LOAD ./Drivers/STM32G4xx_HAL_Driver/stm32g4xx_hal_opamp.o
LOAD ./Drivers/STM32G4xx_HAL_Driver/stm32g4xx_hal_opamp_ex.o
LOAD ./Drivers/STM32G4xx_HAL_Driver/stm32g4xx_hal_pwr.o
LOAD ./Drivers/STM32G4xx_HAL_Driver/stm32g4xx_hal_pwr_ex.o
LOAD ./Drivers/STM32G4xx_HAL_Driver/stm32g4xx_hal_rcc.o
LOAD ./Drivers/STM32G4xx_HAL_Driver/stm32g4xx_hal_rcc_ex.o
LOAD ./Drivers/STM32G4xx_HAL_Driver/stm32g4xx_hal_tim.o
LOAD ./Drivers/STM32G4xx_HAL_Driver/stm32g4xx_hal_tim_ex.o
LOAD ./Drivers/STM32G4xx_HAL_Driver/stm32g4xx_ll_adc.o
LOAD ./Middlewares/MotorControl/bus_voltage_sensor.o
LOAD ./Middlewares/MotorControl/circle_limitation.o
LOAD ./Middlewares/MotorControl/digital_output.o
LOAD ./Middlewares/MotorControl/enc_align_ctrl.o
LOAD ./Middlewares/MotorControl/encoder_speed_pos_fdbk.o
LOAD ./Middlewares/MotorControl/ntc_temperature_sensor.o
LOAD ./Middlewares/MotorControl/open_loop.o
LOAD ./Middlewares/MotorControl/pid_regulator.o
LOAD ./Middlewares/MotorControl/pqd_motor_power_measurement.o
LOAD ./Middlewares/MotorControl/r3_2_g4xx_pwm_curr_fdbk.o
LOAD ./Middlewares/MotorControl/r_divider_bus_voltage_sensor.o
LOAD ./Middlewares/MotorControl/ramp_ext_mngr.o
LOAD ./Middlewares/MotorControl/revup_ctrl.o
LOAD ./Middlewares/MotorControl/speed_pos_fdbk.o
LOAD ./Middlewares/MotorControl/trajectory_ctrl.o
LOAD ./Middlewares/MotorControl/virtual_speed_sensor.o
START GROUP
LOAD C:/ST/STM32CubeIDE_1.18.0/STM32CubeIDE/plugins/com.st.stm32cube.ide.mcu.externaltools.gnu-tools-for-stm32.13.3.rel1.win32_1.0.0.202411081344/tools/bin/../lib/gcc/arm-none-eabi/13.3.1/../../../../arm-none-eabi/lib/thumb/v7e-m+fp/hard\libc_nano.a
LOAD C:/ST/STM32CubeIDE_1.18.0/STM32CubeIDE/plugins/com.st.stm32cube.ide.mcu.externaltools.gnu-tools-for-stm32.13.3.rel1.win32_1.0.0.202411081344/tools/bin/../lib/gcc/arm-none-eabi/13.3.1/../../../../arm-none-eabi/lib/thumb/v7e-m+fp/hard\libm.a
END GROUP
START GROUP
LOAD C:/ST/STM32CubeIDE_1.18.0/STM32CubeIDE/plugins/com.st.stm32cube.ide.mcu.externaltools.gnu-tools-for-stm32.13.3.rel1.win32_1.0.0.202411081344/tools/bin/../lib/gcc/arm-none-eabi/13.3.1/thumb/v7e-m+fp/hard\libgcc.a
LOAD C:/ST/STM32CubeIDE_1.18.0/STM32CubeIDE/plugins/com.st.stm32cube.ide.mcu.externaltools.gnu-tools-for-stm32.13.3.rel1.win32_1.0.0.202411081344/tools/bin/../lib/gcc/arm-none-eabi/13.3.1/../../../../arm-none-eabi/lib/thumb/v7e-m+fp/hard\libc_nano.a
END GROUP
START GROUP
LOAD C:/ST/STM32CubeIDE_1.18.0/STM32CubeIDE/plugins/com.st.stm32cube.ide.mcu.externaltools.gnu-tools-for-stm32.13.3.rel1.win32_1.0.0.202411081344/tools/bin/../lib/gcc/arm-none-eabi/13.3.1/thumb/v7e-m+fp/hard\libgcc.a
LOAD C:/ST/STM32CubeIDE_1.18.0/STM32CubeIDE/plugins/com.st.stm32cube.ide.mcu.externaltools.gnu-tools-for-stm32.13.3.rel1.win32_1.0.0.202411081344/tools/bin/../lib/gcc/arm-none-eabi/13.3.1/../../../../arm-none-eabi/lib/thumb/v7e-m+fp/hard\libc_nano.a
LOAD C:/ST/STM32CubeIDE_1.18.0/STM32CubeIDE/plugins/com.st.stm32cube.ide.mcu.externaltools.gnu-tools-for-stm32.13.3.rel1.win32_1.0.0.202411081344/tools/bin/../lib/gcc/arm-none-eabi/13.3.1/../../../../arm-none-eabi/lib/thumb/v7e-m+fp/hard\libnosys.a
END GROUP
START GROUP
LOAD C:/ST/STM32CubeIDE_1.18.0/STM32CubeIDE/plugins/com.st.stm32cube.ide.mcu.externaltools.gnu-tools-for-stm32.13.3.rel1.win32_1.0.0.202411081344/tools/bin/../lib/gcc/arm-none-eabi/13.3.1/thumb/v7e-m+fp/hard\libgcc.a
LOAD C:/ST/STM32CubeIDE_1.18.0/STM32CubeIDE/plugins/com.st.stm32cube.ide.mcu.externaltools.gnu-tools-for-stm32.13.3.rel1.win32_1.0.0.202411081344/tools/bin/../lib/gcc/arm-none-eabi/13.3.1/../../../../arm-none-eabi/lib/thumb/v7e-m+fp/hard\libc_nano.a
LOAD C:/ST/STM32CubeIDE_1.18.0/STM32CubeIDE/plugins/com.st.stm32cube.ide.mcu.externaltools.gnu-tools-for-stm32.13.3.rel1.win32_1.0.0.202411081344/tools/bin/../lib/gcc/arm-none-eabi/13.3.1/../../../../arm-none-eabi/lib/thumb/v7e-m+fp/hard\libnosys.a
END GROUP
LOAD C:/ST/STM32CubeIDE_1.18.0/STM32CubeIDE/plugins/com.st.stm32cube.ide.mcu.externaltools.gnu-tools-for-stm32.13.3.rel1.win32_1.0.0.202411081344/tools/bin/../lib/gcc/arm-none-eabi/13.3.1/thumb/v7e-m+fp/hard/crtend.o
LOAD C:/ST/STM32CubeIDE_1.18.0/STM32CubeIDE/plugins/com.st.stm32cube.ide.mcu.externaltools.gnu-tools-for-stm32.13.3.rel1.win32_1.0.0.202411081344/tools/bin/../lib/gcc/arm-none-eabi/13.3.1/thumb/v7e-m+fp/hard/crtn.o
                0x20008000                        _estack = (ORIGIN (RAM) + LENGTH (RAM))
                0x00000200                        _Min_Heap_Size = 0x200
                0x00000400                        _Min_Stack_Size = 0x400

.isr_vector     0x08000000      0x1d8
                0x08000000                        . = ALIGN (0x4)
 *(.isr_vector)
 .isr_vector    0x08000000      0x1d8 ./Application/Startup/startup_stm32g431cbux.o
                0x08000000                g_pfnVectors
                0x080001d8                        . = ALIGN (0x4)

.text           0x080001d8     0x83a4
                0x080001d8                        . = ALIGN (0x4)
 *(.text)
 .text          0x080001d8       0x40 C:/ST/STM32CubeIDE_1.18.0/STM32CubeIDE/plugins/com.st.stm32cube.ide.mcu.externaltools.gnu-tools-for-stm32.13.3.rel1.win32_1.0.0.202411081344/tools/bin/../lib/gcc/arm-none-eabi/13.3.1/thumb/v7e-m+fp/hard/crtbegin.o
 .text          0x08000218      0x254 C:/ST/STM32CubeIDE_1.18.0/STM32CubeIDE/plugins/com.st.stm32cube.ide.mcu.externaltools.gnu-tools-for-stm32.13.3.rel1.win32_1.0.0.202411081344/tools/bin/../lib/gcc/arm-none-eabi/13.3.1/thumb/v7e-m+fp/hard\libgcc.a(_arm_muldf3.o)
                0x08000218                __muldf3
                0x08000218                __aeabi_dmul
 .text          0x0800046c      0x378 C:/ST/STM32CubeIDE_1.18.0/STM32CubeIDE/plugins/com.st.stm32cube.ide.mcu.externaltools.gnu-tools-for-stm32.13.3.rel1.win32_1.0.0.202411081344/tools/bin/../lib/gcc/arm-none-eabi/13.3.1/thumb/v7e-m+fp/hard\libgcc.a(_arm_addsubdf3.o)
                0x0800046c                __aeabi_drsub
                0x08000474                __aeabi_dsub
                0x08000474                __subdf3
                0x08000478                __aeabi_dadd
                0x08000478                __adddf3
                0x080006f0                __floatunsidf
                0x080006f0                __aeabi_ui2d
                0x08000710                __floatsidf
                0x08000710                __aeabi_i2d
                0x08000734                __aeabi_f2d
                0x08000734                __extendsfdf2
                0x08000778                __floatundidf
                0x08000778                __aeabi_ul2d
                0x08000788                __floatdidf
                0x08000788                __aeabi_l2d
 .text          0x080007e4      0x110 C:/ST/STM32CubeIDE_1.18.0/STM32CubeIDE/plugins/com.st.stm32cube.ide.mcu.externaltools.gnu-tools-for-stm32.13.3.rel1.win32_1.0.0.202411081344/tools/bin/../lib/gcc/arm-none-eabi/13.3.1/thumb/v7e-m+fp/hard\libgcc.a(_arm_cmpdf2.o)
                0x080007e4                __gtdf2
                0x080007e4                __gedf2
                0x080007ec                __ltdf2
                0x080007ec                __ledf2
                0x080007f4                __nedf2
                0x080007f4                __eqdf2
                0x080007f4                __cmpdf2
                0x08000870                __aeabi_cdrcmple
                0x08000880                __aeabi_cdcmpeq
                0x08000880                __aeabi_cdcmple
                0x08000890                __aeabi_dcmpeq
                0x080008a4                __aeabi_dcmplt
                0x080008b8                __aeabi_dcmple
                0x080008cc                __aeabi_dcmpge
                0x080008e0                __aeabi_dcmpgt
 .text          0x080008f4       0xa0 C:/ST/STM32CubeIDE_1.18.0/STM32CubeIDE/plugins/com.st.stm32cube.ide.mcu.externaltools.gnu-tools-for-stm32.13.3.rel1.win32_1.0.0.202411081344/tools/bin/../lib/gcc/arm-none-eabi/13.3.1/thumb/v7e-m+fp/hard\libgcc.a(_arm_truncdfsf2.o)
                0x080008f4                __truncdfsf2
                0x080008f4                __aeabi_d2f
 *(.text*)
 .text.Reset_Handler
                0x08000994       0x50 ./Application/Startup/startup_stm32g431cbux.o
                0x08000994                Reset_Handler
 .text.Default_Handler
                0x080009e4        0x2 ./Application/Startup/startup_stm32g431cbux.o
                0x080009e4                RTC_Alarm_IRQHandler
                0x080009e4                EXTI2_IRQHandler
                0x080009e4                TIM8_TRG_COM_IRQHandler
                0x080009e4                TIM8_CC_IRQHandler
                0x080009e4                DebugMon_Handler
                0x080009e4                TIM1_CC_IRQHandler
                0x080009e4                USB_HP_IRQHandler
                0x080009e4                CORDIC_IRQHandler
                0x080009e4                PendSV_Handler
                0x080009e4                NMI_Handler
                0x080009e4                EXTI3_IRQHandler
                0x080009e4                I2C3_ER_IRQHandler
                0x080009e4                EXTI0_IRQHandler
                0x080009e4                I2C2_EV_IRQHandler
                0x080009e4                FPU_IRQHandler
                0x080009e4                UsageFault_Handler
                0x080009e4                SPI1_IRQHandler
                0x080009e4                TIM6_DAC_IRQHandler
                0x080009e4                TIM8_UP_IRQHandler
                0x080009e4                DMA2_Channel2_IRQHandler
                0x080009e4                DMA1_Channel4_IRQHandler
                0x080009e4                USART3_IRQHandler
                0x080009e4                DMA2_Channel1_IRQHandler
                0x080009e4                I2C1_EV_IRQHandler
                0x080009e4                DMA1_Channel6_IRQHandler
                0x080009e4                UART4_IRQHandler
                0x080009e4                DMA2_Channel4_IRQHandler
                0x080009e4                TIM3_IRQHandler
                0x080009e4                RCC_IRQHandler
                0x080009e4                DMA1_Channel1_IRQHandler
                0x080009e4                Default_Handler
                0x080009e4                RTC_TAMP_LSECSS_IRQHandler
                0x080009e4                FMAC_IRQHandler
                0x080009e4                TIM7_IRQHandler
                0x080009e4                UCPD1_IRQHandler
                0x080009e4                I2C3_EV_IRQHandler
                0x080009e4                EXTI9_5_IRQHandler
                0x080009e4                RTC_WKUP_IRQHandler
                0x080009e4                PVD_PVM_IRQHandler
                0x080009e4                SPI2_IRQHandler
                0x080009e4                MemManage_Handler
                0x080009e4                SVC_Handler
                0x080009e4                DMA2_Channel5_IRQHandler
                0x080009e4                CRS_IRQHandler
                0x080009e4                DMA1_Channel5_IRQHandler
                0x080009e4                USB_LP_IRQHandler
                0x080009e4                EXTI4_IRQHandler
                0x080009e4                RNG_IRQHandler
                0x080009e4                TIM1_TRG_COM_TIM17_IRQHandler
                0x080009e4                DMA1_Channel3_IRQHandler
                0x080009e4                WWDG_IRQHandler
                0x080009e4                LPUART1_IRQHandler
                0x080009e4                DMA2_Channel6_IRQHandler
                0x080009e4                TIM2_IRQHandler
                0x080009e4                COMP1_2_3_IRQHandler
                0x080009e4                EXTI1_IRQHandler
                0x080009e4                USART2_IRQHandler
                0x080009e4                I2C2_ER_IRQHandler
                0x080009e4                DMA1_Channel2_IRQHandler
                0x080009e4                TIM8_BRK_IRQHandler
                0x080009e4                FLASH_IRQHandler
                0x080009e4                BusFault_Handler
                0x080009e4                USART1_IRQHandler
                0x080009e4                SPI3_IRQHandler
                0x080009e4                I2C1_ER_IRQHandler
                0x080009e4                LPTIM1_IRQHandler
                0x080009e4                DMAMUX_OVR_IRQHandler
                0x080009e4                USBWakeUp_IRQHandler
                0x080009e4                SAI1_IRQHandler
                0x080009e4                DMA2_Channel3_IRQHandler
                0x080009e4                COMP4_IRQHandler
 *fill*         0x080009e6        0x2 
 .text.CalibrateSingleMotor
                0x080009e8       0x7c ./Application/User/CAN_processing.o
                0x080009e8                CalibrateSingleMotor
 *fill*         0x08000a64        0x4 
 .text.ControlSingleMotorPosition
                0x08000a68       0xc4 ./Application/User/CAN_processing.o
                0x08000a68                ControlSingleMotorPosition
 .text.runSingleMotorV2
                0x08000b2c      0x27c ./Application/User/CAN_processing.o
                0x08000b2c                runSingleMotorV2
 .text.IdleSingleMotor
                0x08000da8      0x1ec ./Application/User/CAN_processing.o
                0x08000da8                IdleSingleMotor
 .text.safeStopMotor
                0x08000f94      0x2dc ./Application/User/CAN_processing.o
                0x08000f94                safeStopMotor
 .text.StartSingleMotor
                0x08001270      0x114 ./Application/User/CAN_processing.o
                0x08001270                StartSingleMotor
 .text.ControlSingleMotor
                0x08001384       0xc0 ./Application/User/CAN_processing.o
                0x08001384                ControlSingleMotor
 .text.Process_Multiple_ESC_Command
                0x08001444       0x9c ./Application/User/CAN_processing.o
                0x08001444                Process_Multiple_ESC_Command
 .text.sendCANResponse
                0x080014e0       0x7c ./Application/User/CAN_processing.o
                0x080014e0                sendCANResponse
 .text.Process_Single_ESC_Command
                0x0800155c      0x174 ./Application/User/CAN_processing.o
                0x0800155c                Process_Single_ESC_Command
 .text.CAN_Parse_MSG
                0x080016d0       0xb0 ./Application/User/CAN_processing.o
                0x080016d0                CAN_Parse_MSG
 .text.HAL_FDCAN_RxFifo0Callback
                0x08001780       0x40 ./Application/User/main.o
                0x08001780                HAL_FDCAN_RxFifo0Callback
 .text.SystemClock_Config
                0x080017c0       0x78 ./Application/User/main.o
                0x080017c0                SystemClock_Config
 .text.startup.main
                0x08001838      0x6d0 ./Application/User/main.o
                0x08001838                main
 .text.Error_Handler
                0x08001f08        0x4 ./Application/User/main.o
                0x08001f08                Error_Handler
 .text.MC_StartMotor1
                0x08001f0c        0xc ./Application/User/mc_api.o
                0x08001f0c                MC_StartMotor1
 .text.MC_StopMotor1
                0x08001f18        0xc ./Application/User/mc_api.o
                0x08001f18                MC_StopMotor1
 .text.MC_ProgramSpeedRampMotor1_F
                0x08001f24       0x10 ./Application/User/mc_api.o
                0x08001f24                MC_ProgramSpeedRampMotor1_F
 .text.MC_ProgramPositionCommandMotor1
                0x08001f34        0xc ./Application/User/mc_api.o
                0x08001f34                MC_ProgramPositionCommandMotor1
 .text.MC_GetMecSpeedReferenceMotor1_F
                0x08001f40        0xc ./Application/User/mc_api.o
                0x08001f40                MC_GetMecSpeedReferenceMotor1_F
 .text.MC_GetPhaseCurrentAmplitudeMotor1
                0x08001f4c        0xc ./Application/User/mc_api.o
                0x08001f4c                MC_GetPhaseCurrentAmplitudeMotor1
 .text.MC_GetPhaseVoltageAmplitudeMotor1
                0x08001f58        0xc ./Application/User/mc_api.o
                0x08001f58                MC_GetPhaseVoltageAmplitudeMotor1
 .text.MC_GetElAngledppMotor1
                0x08001f64        0xc ./Application/User/mc_api.o
                0x08001f64                MC_GetElAngledppMotor1
 .text.MC_AcknowledgeFaultMotor1
                0x08001f70        0xc ./Application/User/mc_api.o
                0x08001f70                MC_AcknowledgeFaultMotor1
 .text.MC_GetOccurredFaultsMotor1
                0x08001f7c        0xc ./Application/User/mc_api.o
                0x08001f7c                MC_GetOccurredFaultsMotor1
 .text.MC_GetSTMStateMotor1
                0x08001f88        0xc ./Application/User/mc_api.o
                0x08001f88                MC_GetSTMStateMotor1
 .text.MC_APP_BootHook
                0x08001f94        0x4 ./Application/User/mc_app_hooks.o
                0x08001f94                MC_APP_BootHook
 .text.MC_APP_PostMediumFrequencyHook_M1
                0x08001f98        0x4 ./Application/User/mc_app_hooks.o
                0x08001f98                MC_APP_PostMediumFrequencyHook_M1
 .text.MCI_ExecSpeedRamp
                0x08001f9c       0x14 ./Application/User/mc_interface.o
                0x08001f9c                MCI_ExecSpeedRamp
 .text.MCI_ExecSpeedRamp_F
                0x08001fb0       0x20 ./Application/User/mc_interface.o
                0x08001fb0                MCI_ExecSpeedRamp_F
 .text.MCI_ExecPositionCommand
                0x08001fd0       0x74 ./Application/User/mc_interface.o
                0x08001fd0                MCI_ExecPositionCommand
 .text.MCI_FaultProcessing
                0x08002044       0x18 ./Application/User/mc_interface.o
                0x08002044                MCI_FaultProcessing
 .text.MCI_ExecBufferedCommands
                0x0800205c       0x70 ./Application/User/mc_interface.o
                0x0800205c                MCI_ExecBufferedCommands
 .text.MCI_GetSTMState
                0x080020cc        0x4 ./Application/User/mc_interface.o
                0x080020cc                MCI_GetSTMState
 .text.MCI_GetOccurredFaults
                0x080020d0        0x4 ./Application/User/mc_interface.o
                0x080020d0                MCI_GetOccurredFaults
 .text.MCI_GetCurrentFaults
                0x080020d4        0x4 ./Application/User/mc_interface.o
                0x080020d4                MCI_GetCurrentFaults
 .text.MCI_StartMotor
                0x080020d8       0x2c ./Application/User/mc_interface.o
                0x080020d8                MCI_StartMotor
 .text.MCI_StopMotor
                0x08002104       0x38 ./Application/User/mc_interface.o
                0x08002104                MCI_StopMotor
 .text.MCI_FaultAcknowledged
                0x0800213c       0x24 ./Application/User/mc_interface.o
                0x0800213c                MCI_FaultAcknowledged
 .text.MCI_GetFaultState
                0x08002160        0xc ./Application/User/mc_interface.o
                0x08002160                MCI_GetFaultState
 .text.MCI_GetMecSpeedRef_F
                0x0800216c       0x1c ./Application/User/mc_interface.o
                0x0800216c                MCI_GetMecSpeedRef_F
 .text.MCI_GetElAngledpp
                0x08002188        0x8 ./Application/User/mc_interface.o
                0x08002188                MCI_GetElAngledpp
 .text.MCI_GetPhaseCurrentAmplitude
                0x08002190       0x24 ./Application/User/mc_interface.o
                0x08002190                MCI_GetPhaseCurrentAmplitude
 .text.MCI_GetPhaseVoltageAmplitude
                0x080021b4       0x28 ./Application/User/mc_interface.o
                0x080021b4                MCI_GetPhaseVoltageAmplitude
 .text.MCM_Clarke
                0x080021dc       0x54 ./Application/User/mc_math.o
                0x080021dc                MCM_Clarke
 .text.MCM_Trig_Functions
                0x08002230       0x20 ./Application/User/mc_math.o
                0x08002230                MCM_Trig_Functions
 .text.MCM_Park
                0x08002250       0x84 ./Application/User/mc_math.o
                0x08002250                MCM_Park
 .text.MCM_Rev_Park
                0x080022d4       0x3c ./Application/User/mc_math.o
                0x080022d4                MCM_Rev_Park
 .text.MCM_Sqrt
                0x08002310       0x20 ./Application/User/mc_math.o
                0x08002310                MCM_Sqrt
 .text.MCboot   0x08002330       0x68 ./Application/User/mc_tasks.o
                0x08002330                MCboot
 .text.TSK_SetChargeBootCapDelayM1
                0x08002398        0xc ./Application/User/mc_tasks.o
                0x08002398                TSK_SetChargeBootCapDelayM1
 .text.TSK_ChargeBootCapDelayHasElapsedM1
                0x080023a4       0x14 ./Application/User/mc_tasks.o
                0x080023a4                TSK_ChargeBootCapDelayHasElapsedM1
 .text.TSK_SetStopPermanencyTimeM1
                0x080023b8        0xc ./Application/User/mc_tasks.o
                0x080023b8                TSK_SetStopPermanencyTimeM1
 .text.TSK_StopPermanencyTimeHasElapsedM1
                0x080023c4       0x14 ./Application/User/mc_tasks.o
                0x080023c4                TSK_StopPermanencyTimeHasElapsedM1
 .text.TSK_HighFrequencyTask
                0x080023d8        0xc ./Application/User/mc_tasks.o
                0x080023d8                TSK_HighFrequencyTask
 .text.TSK_SafetyTask_PWMOFF
                0x080023e4       0x9c ./Application/User/mc_tasks.o
                0x080023e4                TSK_SafetyTask_PWMOFF
 .text.TSK_SafetyTask
                0x08002480       0x18 ./Application/User/mc_tasks.o
                0x08002480                TSK_SafetyTask
 .text.MC_RunMotorControlTasks
                0x08002498       0x58 ./Application/User/mc_tasks.o
                0x08002498                MC_RunMotorControlTasks
 .text.TSK_HardwareFaultTask
                0x080024f0       0x1c ./Application/User/mc_tasks.o
                0x080024f0                TSK_HardwareFaultTask
 .text.UI_HandleStartStopButton_cb
                0x0800250c       0x18 ./Application/User/mc_tasks.o
                0x0800250c                UI_HandleStartStopButton_cb
 .text.mc_lock_pins
                0x08002524      0x17c ./Application/User/mc_tasks.o
                0x08002524                mc_lock_pins
 .text.FOC_Clear
                0x080026a0       0x6c ./Application/User/mc_tasks_foc.o
                0x080026a0                FOC_Clear
 .text.FOC_Init
                0x0800270c       0xfc ./Application/User/mc_tasks_foc.o
                0x0800270c                FOC_Init
 .text.FOC_InitAdditionalMethods
                0x08002808        0x4 ./Application/User/mc_tasks_foc.o
                0x08002808                FOC_InitAdditionalMethods
 .text.FOC_CalcCurrRef
                0x0800280c       0x50 ./Application/User/mc_tasks_foc.o
                0x0800280c                FOC_CalcCurrRef
 .text.TSK_MediumFrequencyTaskM1
                0x0800285c      0x2a4 ./Application/User/mc_tasks_foc.o
                0x0800285c                TSK_MediumFrequencyTaskM1
 .text.FOC_HighFrequencyTask
                0x08002b00      0x110 ./Application/User/mc_tasks_foc.o
                0x08002b00                FOC_HighFrequencyTask
 .text.MX_MotorControl_Init
                0x08002c10       0x3c ./Application/User/motorcontrol.o
                0x08002c10                MX_MotorControl_Init
 .text.startTimers
                0x08002c4c       0x9c ./Application/User/pwm_common.o
                0x08002c4c                startTimers
 .text.waitForPolarizationEnd
                0x08002ce8       0x3c ./Application/User/pwm_common.o
                0x08002ce8                waitForPolarizationEnd
 .text.PWMC_SetPhaseVoltage
                0x08002d24      0x248 ./Application/User/pwm_curr_fdbk.o
                0x08002d24                PWMC_SetPhaseVoltage
 .text.PWMC_SwitchOffPWM
                0x08002f6c        0x4 ./Application/User/pwm_curr_fdbk.o
                0x08002f6c                PWMC_SwitchOffPWM
 .text.PWMC_SwitchOnPWM
                0x08002f70        0x4 ./Application/User/pwm_curr_fdbk.o
                0x08002f70                PWMC_SwitchOnPWM
 .text.PWMC_CurrentReadingCalibr
                0x08002f74       0x34 ./Application/User/pwm_curr_fdbk.o
                0x08002f74                PWMC_CurrentReadingCalibr
 .text.PWMC_OCP_Handler
                0x08002fa8       0x14 ./Application/User/pwm_curr_fdbk.o
                0x08002fa8                PWMC_OCP_Handler
 .text.PWMC_OVP_Handler
                0x08002fbc       0x1c ./Application/User/pwm_curr_fdbk.o
                0x08002fbc                PWMC_OVP_Handler
 .text.PWMC_IsFaultOccurred
                0x08002fd8       0x38 ./Application/User/pwm_curr_fdbk.o
                0x08002fd8                PWMC_IsFaultOccurred
 .text.RCM_RegisterRegConv
                0x08003010       0xcc ./Application/User/regular_conversion_manager.o
                0x08003010                RCM_RegisterRegConv
 .text.RCM_ExecNextConv
                0x080030dc       0x6c ./Application/User/regular_conversion_manager.o
                0x080030dc                RCM_ExecNextConv
 .text.RCM_ReadOngoingConv
                0x08003148       0x44 ./Application/User/regular_conversion_manager.o
                0x08003148                RCM_ReadOngoingConv
 .text.STC_Init
                0x0800318c       0x2c ./Application/User/speed_torq_ctrl.o
                0x0800318c                STC_Init
 .text.STC_SetSpeedSensor
                0x080031b8        0x4 ./Application/User/speed_torq_ctrl.o
                0x080031b8                STC_SetSpeedSensor
 .text.STC_Clear
                0x080031bc       0x18 ./Application/User/speed_torq_ctrl.o
                0x080031bc                STC_Clear
 .text.STC_GetMecSpeedRefUnit
                0x080031d4        0x8 ./Application/User/speed_torq_ctrl.o
                0x080031d4                STC_GetMecSpeedRefUnit
 .text.STC_SetControlMode
                0x080031dc        0x8 ./Application/User/speed_torq_ctrl.o
                0x080031dc                STC_SetControlMode
 .text.STC_ExecRamp
                0x080031e4       0x90 ./Application/User/speed_torq_ctrl.o
                0x080031e4                STC_ExecRamp
 .text.STC_CalcTorqueReference
                0x08003274       0x6c ./Application/User/speed_torq_ctrl.o
                0x08003274                STC_CalcTorqueReference
 .text.STC_GetMecSpeedRefUnitDefault
                0x080032e0        0x8 ./Application/User/speed_torq_ctrl.o
                0x080032e0                STC_GetMecSpeedRefUnitDefault
 .text.STC_GetDefaultIqdref
                0x080032e8        0xc ./Application/User/speed_torq_ctrl.o
                0x080032e8                STC_GetDefaultIqdref
 .text.STC_ForceSpeedReferenceToCurrentSpeed
                0x080032f4       0x10 ./Application/User/speed_torq_ctrl.o
                0x080032f4                STC_ForceSpeedReferenceToCurrentSpeed
 .text.TIM4_IRQHandler
                0x08003304       0x20 ./Application/User/stm32_mc_common_it.o
                0x08003304                TIM4_IRQHandler
 .text.HardFault_Handler
                0x08003324        0x8 ./Application/User/stm32_mc_common_it.o
                0x08003324                HardFault_Handler
 .text.SysTick_Handler
                0x0800332c       0x34 ./Application/User/stm32_mc_common_it.o
                0x0800332c                SysTick_Handler
 .text.EXTI15_10_IRQHandler
                0x08003360       0x18 ./Application/User/stm32_mc_common_it.o
                0x08003360                EXTI15_10_IRQHandler
 .text.HAL_MspInit
                0x08003378       0x40 ./Application/User/stm32g4xx_hal_msp.o
                0x08003378                HAL_MspInit
 .text.HAL_ADC_MspInit
                0x080033b8      0x140 ./Application/User/stm32g4xx_hal_msp.o
                0x080033b8                HAL_ADC_MspInit
 .text.HAL_COMP_MspInit
                0x080034f8       0xe8 ./Application/User/stm32g4xx_hal_msp.o
                0x080034f8                HAL_COMP_MspInit
 .text.HAL_CORDIC_MspInit
                0x080035e0       0x2c ./Application/User/stm32g4xx_hal_msp.o
                0x080035e0                HAL_CORDIC_MspInit
 .text.HAL_DAC_MspInit
                0x0800360c       0x30 ./Application/User/stm32g4xx_hal_msp.o
                0x0800360c                HAL_DAC_MspInit
 .text.HAL_FDCAN_MspInit
                0x0800363c       0xe4 ./Application/User/stm32g4xx_hal_msp.o
                0x0800363c                HAL_FDCAN_MspInit
 .text.HAL_OPAMP_MspInit
                0x08003720       0xe8 ./Application/User/stm32g4xx_hal_msp.o
                0x08003720                HAL_OPAMP_MspInit
 .text.HAL_TIM_PWM_MspInit
                0x08003808       0x2c ./Application/User/stm32g4xx_hal_msp.o
                0x08003808                HAL_TIM_PWM_MspInit
 *fill*         0x08003834        0x4 
 .text.HAL_TIM_Encoder_MspInit
                0x08003838       0x78 ./Application/User/stm32g4xx_hal_msp.o
                0x08003838                HAL_TIM_Encoder_MspInit
 .text.HAL_TIM_MspPostInit
                0x080038b0       0xbc ./Application/User/stm32g4xx_hal_msp.o
                0x080038b0                HAL_TIM_MspPostInit
 .text.FDCAN1_IT0_IRQHandler
                0x0800396c        0xc ./Application/User/stm32g4xx_it.o
                0x0800396c                FDCAN1_IT0_IRQHandler
 .text.FDCAN1_IT1_IRQHandler
                0x08003978        0xc ./Application/User/stm32g4xx_it.o
                0x08003978                FDCAN1_IT1_IRQHandler
 .text.ADC1_2_IRQHandler
                0x08003984       0x10 ./Application/User/stm32g4xx_mc_it.o
                0x08003984                ADC1_2_IRQHandler
 .text.TIM1_UP_TIM16_IRQHandler
                0x08003994       0x18 ./Application/User/stm32g4xx_mc_it.o
                0x08003994                TIM1_UP_TIM16_IRQHandler
 .text.TIM1_BRK_TIM15_IRQHandler
                0x080039ac       0x3c ./Application/User/stm32g4xx_mc_it.o
                0x080039ac                TIM1_BRK_TIM15_IRQHandler
 .text.uart_debug_print
                0x080039e8        0x8 ./Application/User/uart_debug.o
                0x080039e8                uart_debug_print
 .text.SystemInit
                0x080039f0       0x14 ./Drivers/CMSIS/system_stm32g4xx.o
                0x080039f0                SystemInit
 .text.HAL_InitTick
                0x08003a04       0x4c ./Drivers/STM32G4xx_HAL_Driver/stm32g4xx_hal.o
                0x08003a04                HAL_InitTick
 .text.HAL_Init
                0x08003a50       0x30 ./Drivers/STM32G4xx_HAL_Driver/stm32g4xx_hal.o
                0x08003a50                HAL_Init
 .text.HAL_IncTick
                0x08003a80       0x18 ./Drivers/STM32G4xx_HAL_Driver/stm32g4xx_hal.o
                0x08003a80                HAL_IncTick
 .text.HAL_GetTick
                0x08003a98        0xc ./Drivers/STM32G4xx_HAL_Driver/stm32g4xx_hal.o
                0x08003a98                HAL_GetTick
 .text.HAL_Delay
                0x08003aa4       0x24 ./Drivers/STM32G4xx_HAL_Driver/stm32g4xx_hal.o
                0x08003aa4                HAL_Delay
 .text.HAL_ADC_Init
                0x08003ac8      0x1e8 ./Drivers/STM32G4xx_HAL_Driver/stm32g4xx_hal_adc.o
                0x08003ac8                HAL_ADC_Init
 .text.HAL_ADC_ConfigChannel
                0x08003cb0      0x4e0 ./Drivers/STM32G4xx_HAL_Driver/stm32g4xx_hal_adc.o
                0x08003cb0                HAL_ADC_ConfigChannel
 .text.HAL_ADCEx_InjectedConfigChannel
                0x08004190      0x5fc ./Drivers/STM32G4xx_HAL_Driver/stm32g4xx_hal_adc_ex.o
                0x08004190                HAL_ADCEx_InjectedConfigChannel
 .text.HAL_ADCEx_MultiModeConfigChannel
                0x0800478c       0xc8 ./Drivers/STM32G4xx_HAL_Driver/stm32g4xx_hal_adc_ex.o
                0x0800478c                HAL_ADCEx_MultiModeConfigChannel
 .text.HAL_COMP_Init
                0x08004854      0x140 ./Drivers/STM32G4xx_HAL_Driver/stm32g4xx_hal_comp.o
                0x08004854                HAL_COMP_Init
 .text.HAL_CORDIC_Init
                0x08004994       0x34 ./Drivers/STM32G4xx_HAL_Driver/stm32g4xx_hal_cordic.o
                0x08004994                HAL_CORDIC_Init
 .text.HAL_NVIC_SetPriorityGrouping
                0x080049c8       0x24 ./Drivers/STM32G4xx_HAL_Driver/stm32g4xx_hal_cortex.o
                0x080049c8                HAL_NVIC_SetPriorityGrouping
 .text.HAL_NVIC_SetPriority
                0x080049ec       0x78 ./Drivers/STM32G4xx_HAL_Driver/stm32g4xx_hal_cortex.o
                0x080049ec                HAL_NVIC_SetPriority
 .text.HAL_NVIC_EnableIRQ
                0x08004a64       0x1c ./Drivers/STM32G4xx_HAL_Driver/stm32g4xx_hal_cortex.o
                0x08004a64                HAL_NVIC_EnableIRQ
 .text.HAL_SYSTICK_Config
                0x08004a80       0x34 ./Drivers/STM32G4xx_HAL_Driver/stm32g4xx_hal_cortex.o
                0x08004a80                HAL_SYSTICK_Config
 .text.HAL_SYSTICK_Callback
                0x08004ab4        0x4 ./Drivers/STM32G4xx_HAL_Driver/stm32g4xx_hal_cortex.o
                0x08004ab4                HAL_SYSTICK_Callback
 .text.HAL_SYSTICK_IRQHandler
                0x08004ab8        0x8 ./Drivers/STM32G4xx_HAL_Driver/stm32g4xx_hal_cortex.o
                0x08004ab8                HAL_SYSTICK_IRQHandler
 .text.HAL_DAC_Init
                0x08004ac0       0x2c ./Drivers/STM32G4xx_HAL_Driver/stm32g4xx_hal_dac.o
                0x08004ac0                HAL_DAC_Init
 .text.HAL_DAC_ConfigChannel
                0x08004aec      0x1d8 ./Drivers/STM32G4xx_HAL_Driver/stm32g4xx_hal_dac.o
                0x08004aec                HAL_DAC_ConfigChannel
 .text.HAL_FDCAN_Init
                0x08004cc4      0x1dc ./Drivers/STM32G4xx_HAL_Driver/stm32g4xx_hal_fdcan.o
                0x08004cc4                HAL_FDCAN_Init
 .text.HAL_FDCAN_ConfigFilter
                0x08004ea0       0x58 ./Drivers/STM32G4xx_HAL_Driver/stm32g4xx_hal_fdcan.o
                0x08004ea0                HAL_FDCAN_ConfigFilter
 .text.HAL_FDCAN_Start
                0x08004ef8       0x30 ./Drivers/STM32G4xx_HAL_Driver/stm32g4xx_hal_fdcan.o
                0x08004ef8                HAL_FDCAN_Start
 .text.HAL_FDCAN_AddMessageToTxFifoQ
                0x08004f28       0xc4 ./Drivers/STM32G4xx_HAL_Driver/stm32g4xx_hal_fdcan.o
                0x08004f28                HAL_FDCAN_AddMessageToTxFifoQ
 .text.HAL_FDCAN_GetRxMessage
                0x08004fec      0x140 ./Drivers/STM32G4xx_HAL_Driver/stm32g4xx_hal_fdcan.o
                0x08004fec                HAL_FDCAN_GetRxMessage
 .text.HAL_FDCAN_GetRxFifoFillLevel
                0x0800512c       0x14 ./Drivers/STM32G4xx_HAL_Driver/stm32g4xx_hal_fdcan.o
                0x0800512c                HAL_FDCAN_GetRxFifoFillLevel
 .text.HAL_FDCAN_ActivateNotification
                0x08005140       0xf8 ./Drivers/STM32G4xx_HAL_Driver/stm32g4xx_hal_fdcan.o
                0x08005140                HAL_FDCAN_ActivateNotification
 .text.HAL_FDCAN_TxEventFifoCallback
                0x08005238        0x4 ./Drivers/STM32G4xx_HAL_Driver/stm32g4xx_hal_fdcan.o
                0x08005238                HAL_FDCAN_TxEventFifoCallback
 .text.HAL_FDCAN_RxFifo1Callback
                0x0800523c        0x4 ./Drivers/STM32G4xx_HAL_Driver/stm32g4xx_hal_fdcan.o
                0x0800523c                HAL_FDCAN_RxFifo1Callback
 .text.HAL_FDCAN_TxFifoEmptyCallback
                0x08005240        0x4 ./Drivers/STM32G4xx_HAL_Driver/stm32g4xx_hal_fdcan.o
                0x08005240                HAL_FDCAN_TxFifoEmptyCallback
 .text.HAL_FDCAN_TxBufferCompleteCallback
                0x08005244        0x4 ./Drivers/STM32G4xx_HAL_Driver/stm32g4xx_hal_fdcan.o
                0x08005244                HAL_FDCAN_TxBufferCompleteCallback
 .text.HAL_FDCAN_TxBufferAbortCallback
                0x08005248        0x4 ./Drivers/STM32G4xx_HAL_Driver/stm32g4xx_hal_fdcan.o
                0x08005248                HAL_FDCAN_TxBufferAbortCallback
 .text.HAL_FDCAN_TimestampWraparoundCallback
                0x0800524c        0x4 ./Drivers/STM32G4xx_HAL_Driver/stm32g4xx_hal_fdcan.o
                0x0800524c                HAL_FDCAN_TimestampWraparoundCallback
 .text.HAL_FDCAN_TimeoutOccurredCallback
                0x08005250        0x4 ./Drivers/STM32G4xx_HAL_Driver/stm32g4xx_hal_fdcan.o
                0x08005250                HAL_FDCAN_TimeoutOccurredCallback
 .text.HAL_FDCAN_HighPriorityMessageCallback
                0x08005254        0x4 ./Drivers/STM32G4xx_HAL_Driver/stm32g4xx_hal_fdcan.o
                0x08005254                HAL_FDCAN_HighPriorityMessageCallback
 .text.HAL_FDCAN_ErrorCallback
                0x08005258        0x4 ./Drivers/STM32G4xx_HAL_Driver/stm32g4xx_hal_fdcan.o
                0x08005258                HAL_FDCAN_ErrorCallback
 .text.HAL_FDCAN_ErrorStatusCallback
                0x0800525c        0x4 ./Drivers/STM32G4xx_HAL_Driver/stm32g4xx_hal_fdcan.o
                0x0800525c                HAL_FDCAN_ErrorStatusCallback
 .text.HAL_FDCAN_IRQHandler
                0x08005260      0x188 ./Drivers/STM32G4xx_HAL_Driver/stm32g4xx_hal_fdcan.o
                0x08005260                HAL_FDCAN_IRQHandler
 .text.HAL_GPIO_Init
                0x080053e8      0x37c ./Drivers/STM32G4xx_HAL_Driver/stm32g4xx_hal_gpio.o
                0x080053e8                HAL_GPIO_Init
 .text.HAL_GPIO_WritePin
                0x08005764        0xc ./Drivers/STM32G4xx_HAL_Driver/stm32g4xx_hal_gpio.o
                0x08005764                HAL_GPIO_WritePin
 .text.HAL_GPIO_TogglePin
                0x08005770       0x14 ./Drivers/STM32G4xx_HAL_Driver/stm32g4xx_hal_gpio.o
                0x08005770                HAL_GPIO_TogglePin
 .text.HAL_OPAMP_Init
                0x08005784       0xf0 ./Drivers/STM32G4xx_HAL_Driver/stm32g4xx_hal_opamp.o
                0x08005784                HAL_OPAMP_Init
 .text.HAL_PWREx_ControlVoltageScaling
                0x08005874       0xe4 ./Drivers/STM32G4xx_HAL_Driver/stm32g4xx_hal_pwr_ex.o
                0x08005874                HAL_PWREx_ControlVoltageScaling
 .text.HAL_PWREx_DisableUCPDDeadBattery
                0x08005958       0x10 ./Drivers/STM32G4xx_HAL_Driver/stm32g4xx_hal_pwr_ex.o
                0x08005958                HAL_PWREx_DisableUCPDDeadBattery
 .text.HAL_RCC_OscConfig
                0x08005968      0x48c ./Drivers/STM32G4xx_HAL_Driver/stm32g4xx_hal_rcc.o
                0x08005968                HAL_RCC_OscConfig
 .text.HAL_RCC_GetSysClockFreq
                0x08005df4       0x70 ./Drivers/STM32G4xx_HAL_Driver/stm32g4xx_hal_rcc.o
                0x08005df4                HAL_RCC_GetSysClockFreq
 .text.HAL_RCC_ClockConfig
                0x08005e64      0x208 ./Drivers/STM32G4xx_HAL_Driver/stm32g4xx_hal_rcc.o
                0x08005e64                HAL_RCC_ClockConfig
 .text.HAL_RCC_GetHCLKFreq
                0x0800606c        0xc ./Drivers/STM32G4xx_HAL_Driver/stm32g4xx_hal_rcc.o
                0x0800606c                HAL_RCC_GetHCLKFreq
 .text.HAL_RCC_EnableCSS
                0x08006078       0x10 ./Drivers/STM32G4xx_HAL_Driver/stm32g4xx_hal_rcc.o
                0x08006078                HAL_RCC_EnableCSS
 .text.HAL_RCCEx_PeriphCLKConfig
                0x08006088      0x29c ./Drivers/STM32G4xx_HAL_Driver/stm32g4xx_hal_rcc_ex.o
                0x08006088                HAL_RCCEx_PeriphCLKConfig
 .text.TIM_OC1_SetConfig
                0x08006324       0x78 ./Drivers/STM32G4xx_HAL_Driver/stm32g4xx_hal_tim.o
 .text.TIM_OC3_SetConfig
                0x0800639c       0x80 ./Drivers/STM32G4xx_HAL_Driver/stm32g4xx_hal_tim.o
 .text.TIM_OC4_SetConfig
                0x0800641c       0x84 ./Drivers/STM32G4xx_HAL_Driver/stm32g4xx_hal_tim.o
 .text.HAL_TIM_PWM_Init
                0x080064a0       0xfc ./Drivers/STM32G4xx_HAL_Driver/stm32g4xx_hal_tim.o
                0x080064a0                HAL_TIM_PWM_Init
 .text.HAL_TIM_Encoder_Init
                0x0800659c      0x144 ./Drivers/STM32G4xx_HAL_Driver/stm32g4xx_hal_tim.o
                0x0800659c                HAL_TIM_Encoder_Init
 .text.TIM_OC2_SetConfig
                0x080066e0       0x84 ./Drivers/STM32G4xx_HAL_Driver/stm32g4xx_hal_tim.o
                0x080066e0                TIM_OC2_SetConfig
 .text.HAL_TIM_PWM_ConfigChannel
                0x08006764      0x1cc ./Drivers/STM32G4xx_HAL_Driver/stm32g4xx_hal_tim.o
                0x08006764                HAL_TIM_PWM_ConfigChannel
 .text.HAL_TIMEx_MasterConfigSynchronization
                0x08006930       0xa4 ./Drivers/STM32G4xx_HAL_Driver/stm32g4xx_hal_tim_ex.o
                0x08006930                HAL_TIMEx_MasterConfigSynchronization
 .text.HAL_TIMEx_ConfigBreakDeadTime
                0x080069d4       0x9c ./Drivers/STM32G4xx_HAL_Driver/stm32g4xx_hal_tim_ex.o
                0x080069d4                HAL_TIMEx_ConfigBreakDeadTime
 .text.HAL_TIMEx_ConfigBreakInput
                0x08006a70       0xb0 ./Drivers/STM32G4xx_HAL_Driver/stm32g4xx_hal_tim_ex.o
                0x08006a70                HAL_TIMEx_ConfigBreakInput
 .text.Circle_Limitation
                0x08006b20       0x5c ./Middlewares/MotorControl/circle_limitation.o
                0x08006b20                Circle_Limitation
 .text.EAC_Init
                0x08006b7c       0x10 ./Middlewares/MotorControl/enc_align_ctrl.o
                0x08006b7c                EAC_Init
 .text.EAC_StartAlignment
                0x08006b8c       0x58 ./Middlewares/MotorControl/enc_align_ctrl.o
                0x08006b8c                EAC_StartAlignment
 .text.EAC_Exec
                0x08006be4       0x30 ./Middlewares/MotorControl/enc_align_ctrl.o
                0x08006be4                EAC_Exec
 .text.ENC_Init
                0x08006c14       0x74 ./Middlewares/MotorControl/encoder_speed_pos_fdbk.o
                0x08006c14                ENC_Init
 .text.ENC_Clear
                0x08006c88       0x1c ./Middlewares/MotorControl/encoder_speed_pos_fdbk.o
                0x08006c88                ENC_Clear
 .text.ENC_CalcAngle
                0x08006ca4       0x34 ./Middlewares/MotorControl/encoder_speed_pos_fdbk.o
                0x08006ca4                ENC_CalcAngle
 .text.ENC_CalcAvrgMecSpeedUnit
                0x08006cd8      0x19c ./Middlewares/MotorControl/encoder_speed_pos_fdbk.o
                0x08006cd8                ENC_CalcAvrgMecSpeedUnit
 .text.ENC_SetMecAngle
                0x08006e74       0x38 ./Middlewares/MotorControl/encoder_speed_pos_fdbk.o
                0x08006e74                ENC_SetMecAngle
 .text.ENC_IRQHandler
                0x08006eac       0x14 ./Middlewares/MotorControl/encoder_speed_pos_fdbk.o
                0x08006eac                ENC_IRQHandler
 .text.NTC_Init
                0x08006ec0       0x24 ./Middlewares/MotorControl/ntc_temperature_sensor.o
                0x08006ec0                NTC_Init
 .text.NTC_CalcAvTemp
                0x08006ee4       0x4c ./Middlewares/MotorControl/ntc_temperature_sensor.o
                0x08006ee4                NTC_CalcAvTemp
 .text.PID_HandleInit
                0x08006f30       0x10 ./Middlewares/MotorControl/pid_regulator.o
                0x08006f30                PID_HandleInit
 .text.PID_SetIntegralTerm
                0x08006f40        0x4 ./Middlewares/MotorControl/pid_regulator.o
                0x08006f40                PID_SetIntegralTerm
 .text.PI_Controller
                0x08006f44       0x80 ./Middlewares/MotorControl/pid_regulator.o
                0x08006f44                PI_Controller
 .text.PID_Controller
                0x08006fc4       0x3c ./Middlewares/MotorControl/pid_regulator.o
                0x08006fc4                PID_Controller
 .text.PQD_CalcElMotorPower
                0x08007000       0x38 ./Middlewares/MotorControl/pqd_motor_power_measurement.o
                0x08007000                PQD_CalcElMotorPower
 .text.R3_2_ADCxInit
                0x08007038       0xdc ./Middlewares/MotorControl/r3_2_g4xx_pwm_curr_fdbk.o
 .text.R3_2_GetPhaseCurrents
                0x08007114      0x17c ./Middlewares/MotorControl/r3_2_g4xx_pwm_curr_fdbk.o
                0x08007114                R3_2_GetPhaseCurrents
 .text.R3_2_SetADCSampPointPolarization
                0x08007290       0x44 ./Middlewares/MotorControl/r3_2_g4xx_pwm_curr_fdbk.o
                0x08007290                R3_2_SetADCSampPointPolarization
 .text.R3_2_HFCurrentsPolarizationAB
                0x080072d4       0x58 ./Middlewares/MotorControl/r3_2_g4xx_pwm_curr_fdbk.o
 .text.R3_2_HFCurrentsPolarizationC
                0x0800732c       0x4c ./Middlewares/MotorControl/r3_2_g4xx_pwm_curr_fdbk.o
 .text.R3_2_SwitchOnPWM
                0x08007378       0xc0 ./Middlewares/MotorControl/r3_2_g4xx_pwm_curr_fdbk.o
                0x08007378                R3_2_SwitchOnPWM
 .text.R3_2_RLGetPhaseCurrents
                0x08007438       0x54 ./Middlewares/MotorControl/r3_2_g4xx_pwm_curr_fdbk.o
 .text.R3_2_RLSwitchOnPWM
                0x0800748c       0x84 ./Middlewares/MotorControl/r3_2_g4xx_pwm_curr_fdbk.o
 .text.R3_2_TurnOnLowSides
                0x08007510       0x74 ./Middlewares/MotorControl/r3_2_g4xx_pwm_curr_fdbk.o
                0x08007510                R3_2_TurnOnLowSides
 .text.R3_2_SwitchOffPWM
                0x08007584       0x4c ./Middlewares/MotorControl/r3_2_g4xx_pwm_curr_fdbk.o
                0x08007584                R3_2_SwitchOffPWM
 .text.R3_2_SetAOReferenceVoltage
                0x080075d0       0x94 ./Middlewares/MotorControl/r3_2_g4xx_pwm_curr_fdbk.o
 .text.R3_2_RLTurnOnLowSides
                0x08007664       0x4c ./Middlewares/MotorControl/r3_2_g4xx_pwm_curr_fdbk.o
 .text.R3_2_Init
                0x080076b0      0x2a8 ./Middlewares/MotorControl/r3_2_g4xx_pwm_curr_fdbk.o
                0x080076b0                R3_2_Init
 .text.R3_2_SetOffsetCalib
                0x08007958       0x1c ./Middlewares/MotorControl/r3_2_g4xx_pwm_curr_fdbk.o
                0x08007958                R3_2_SetOffsetCalib
 .text.R3_2_GetOffsetCalib
                0x08007974       0x10 ./Middlewares/MotorControl/r3_2_g4xx_pwm_curr_fdbk.o
                0x08007974                R3_2_GetOffsetCalib
 .text.R3_2_CurrentReadingPolarization
                0x08007984      0x128 ./Middlewares/MotorControl/r3_2_g4xx_pwm_curr_fdbk.o
                0x08007984                R3_2_CurrentReadingPolarization
 .text.R3_2_SetADCSampPointSectX
                0x08007aac       0x88 ./Middlewares/MotorControl/r3_2_g4xx_pwm_curr_fdbk.o
                0x08007aac                R3_2_SetADCSampPointSectX
 .text.R3_2_TIMx_UP_IRQHandler
                0x08007b34       0x80 ./Middlewares/MotorControl/r3_2_g4xx_pwm_curr_fdbk.o
                0x08007b34                R3_2_TIMx_UP_IRQHandler
 .text.R3_2_RLDetectionModeEnable
                0x08007bb4       0xd4 ./Middlewares/MotorControl/r3_2_g4xx_pwm_curr_fdbk.o
                0x08007bb4                R3_2_RLDetectionModeEnable
 .text.R3_2_RLDetectionModeDisable
                0x08007c88      0x12c ./Middlewares/MotorControl/r3_2_g4xx_pwm_curr_fdbk.o
                0x08007c88                R3_2_RLDetectionModeDisable
 .text.R3_2_RLDetectionModeSetDuty
                0x08007db4       0x7c ./Middlewares/MotorControl/r3_2_g4xx_pwm_curr_fdbk.o
                0x08007db4                R3_2_RLDetectionModeSetDuty
 .text.R3_2_RLTurnOnLowSidesAndStart
                0x08007e30       0x9c ./Middlewares/MotorControl/r3_2_g4xx_pwm_curr_fdbk.o
                0x08007e30                R3_2_RLTurnOnLowSidesAndStart
 .text.RVBS_Init
                0x08007ecc        0xc ./Middlewares/MotorControl/r_divider_bus_voltage_sensor.o
                0x08007ecc                RVBS_Init
 .text.RVBS_CalcAvVbus
                0x08007ed8       0x70 ./Middlewares/MotorControl/r_divider_bus_voltage_sensor.o
                0x08007ed8                RVBS_CalcAvVbus
 .text.REMNG_Init
                0x08007f48       0x10 ./Middlewares/MotorControl/ramp_ext_mngr.o
                0x08007f48                REMNG_Init
 .text.SPD_GetMecAngle
                0x08007f58        0x4 ./Middlewares/MotorControl/speed_pos_fdbk.o
                0x08007f58                SPD_GetMecAngle
 .text.SPD_GetAvrgMecSpeedUnit
                0x08007f5c        0x8 ./Middlewares/MotorControl/speed_pos_fdbk.o
                0x08007f5c                SPD_GetAvrgMecSpeedUnit
 .text.SPD_IsMecSpeedReliable
                0x08007f64       0x6c ./Middlewares/MotorControl/speed_pos_fdbk.o
                0x08007f64                SPD_IsMecSpeedReliable
 .text.TC_Init  0x08007fd0       0x60 ./Middlewares/MotorControl/trajectory_ctrl.o
                0x08007fd0                TC_Init
 .text.TC_MoveCommand
                0x08008030       0xe4 ./Middlewares/MotorControl/trajectory_ctrl.o
                0x08008030                TC_MoveCommand
 .text.TC_FollowCommand
                0x08008114       0x98 ./Middlewares/MotorControl/trajectory_ctrl.o
                0x08008114                TC_FollowCommand
 .text.TC_MoveExecution
                0x080081ac       0xf8 ./Middlewares/MotorControl/trajectory_ctrl.o
                0x080081ac                TC_MoveExecution
 .text.TC_PositionRegulation
                0x080082a4       0x88 ./Middlewares/MotorControl/trajectory_ctrl.o
                0x080082a4                TC_PositionRegulation
 .text.TC_EncAlignmentCommand
                0x0800832c      0x13c ./Middlewares/MotorControl/trajectory_ctrl.o
                0x0800832c                TC_EncAlignmentCommand
 .text.TC_IncTick
                0x08008468        0x8 ./Middlewares/MotorControl/trajectory_ctrl.o
                0x08008468                TC_IncTick
 .text.VSS_Clear
                0x08008470       0x1c ./Middlewares/MotorControl/virtual_speed_sensor.o
                0x08008470                VSS_Clear
 .text.VSS_Init
                0x0800848c        0x8 ./Middlewares/MotorControl/virtual_speed_sensor.o
                0x0800848c                VSS_Init
 .text.VSS_SetMecAcceleration
                0x08008494       0x78 ./Middlewares/MotorControl/virtual_speed_sensor.o
                0x08008494                VSS_SetMecAcceleration
 .text.memset   0x0800850c       0x10 C:/ST/STM32CubeIDE_1.18.0/STM32CubeIDE/plugins/com.st.stm32cube.ide.mcu.externaltools.gnu-tools-for-stm32.13.3.rel1.win32_1.0.0.202411081344/tools/bin/../lib/gcc/arm-none-eabi/13.3.1/../../../../arm-none-eabi/lib/thumb/v7e-m+fp/hard\libc_nano.a(libc_a-memset.o)
                0x0800850c                memset
 .text.__libc_init_array
                0x0800851c       0x48 C:/ST/STM32CubeIDE_1.18.0/STM32CubeIDE/plugins/com.st.stm32cube.ide.mcu.externaltools.gnu-tools-for-stm32.13.3.rel1.win32_1.0.0.202411081344/tools/bin/../lib/gcc/arm-none-eabi/13.3.1/../../../../arm-none-eabi/lib/thumb/v7e-m+fp/hard\libc_nano.a(libc_a-init.o)
                0x0800851c                __libc_init_array
 *(.glue_7)
 .glue_7        0x08008564        0x0 linker stubs
 *(.glue_7t)
 .glue_7t       0x08008564        0x0 linker stubs
 *(.eh_frame)
 .eh_frame      0x08008564        0x0 C:/ST/STM32CubeIDE_1.18.0/STM32CubeIDE/plugins/com.st.stm32cube.ide.mcu.externaltools.gnu-tools-for-stm32.13.3.rel1.win32_1.0.0.202411081344/tools/bin/../lib/gcc/arm-none-eabi/13.3.1/thumb/v7e-m+fp/hard/crtbegin.o
 *(.init)
 .init          0x08008564        0x4 C:/ST/STM32CubeIDE_1.18.0/STM32CubeIDE/plugins/com.st.stm32cube.ide.mcu.externaltools.gnu-tools-for-stm32.13.3.rel1.win32_1.0.0.202411081344/tools/bin/../lib/gcc/arm-none-eabi/13.3.1/thumb/v7e-m+fp/hard/crti.o
                0x08008564                _init
 .init          0x08008568        0x8 C:/ST/STM32CubeIDE_1.18.0/STM32CubeIDE/plugins/com.st.stm32cube.ide.mcu.externaltools.gnu-tools-for-stm32.13.3.rel1.win32_1.0.0.202411081344/tools/bin/../lib/gcc/arm-none-eabi/13.3.1/thumb/v7e-m+fp/hard/crtn.o
 *(.fini)
 .fini          0x08008570        0x4 C:/ST/STM32CubeIDE_1.18.0/STM32CubeIDE/plugins/com.st.stm32cube.ide.mcu.externaltools.gnu-tools-for-stm32.13.3.rel1.win32_1.0.0.202411081344/tools/bin/../lib/gcc/arm-none-eabi/13.3.1/thumb/v7e-m+fp/hard/crti.o
                0x08008570                _fini
 .fini          0x08008574        0x8 C:/ST/STM32CubeIDE_1.18.0/STM32CubeIDE/plugins/com.st.stm32cube.ide.mcu.externaltools.gnu-tools-for-stm32.13.3.rel1.win32_1.0.0.202411081344/tools/bin/../lib/gcc/arm-none-eabi/13.3.1/thumb/v7e-m+fp/hard/crtn.o
                0x0800857c                        . = ALIGN (0x4)
                0x0800857c                        _etext = .

.vfp11_veneer   0x0800857c        0x0
 .vfp11_veneer  0x0800857c        0x0 linker stubs

.v4_bx          0x0800857c        0x0
 .v4_bx         0x0800857c        0x0 linker stubs

.iplt           0x0800857c        0x0
 .iplt          0x0800857c        0x0 C:/ST/STM32CubeIDE_1.18.0/STM32CubeIDE/plugins/com.st.stm32cube.ide.mcu.externaltools.gnu-tools-for-stm32.13.3.rel1.win32_1.0.0.202411081344/tools/bin/../lib/gcc/arm-none-eabi/13.3.1/thumb/v7e-m+fp/hard/crtbegin.o

.rodata         0x0800857c      0x8c4
                0x0800857c                        . = ALIGN (0x4)
 *(.rodata)
 *(.rodata*)
 .rodata.CalibrateSingleMotor.str1.4
                0x0800857c      0x698 ./Application/User/CAN_processing.o
                                 0x4c (size before relaxing)
 .rodata.ControlSingleMotorPosition.str1.4
                0x08008c14       0x73 ./Application/User/CAN_processing.o
 .rodata.runSingleMotorV2.str1.4
                0x08008c14       0xc9 ./Application/User/CAN_processing.o
 .rodata.IdleSingleMotor.str1.4
                0x08008c14       0xf4 ./Application/User/CAN_processing.o
 .rodata.safeStopMotor.str1.4
                0x08008c14       0xbe ./Application/User/CAN_processing.o
 .rodata.StartSingleMotor.str1.4
                0x08008c14       0xda ./Application/User/CAN_processing.o
 .rodata.ControlSingleMotor.str1.4
                0x08008c14       0x95 ./Application/User/CAN_processing.o
 .rodata.Process_Multiple_ESC_Command.str1.4
                0x08008c14       0x76 ./Application/User/CAN_processing.o
 .rodata.sendCANResponse.str1.4
                0x08008c14       0x19 ./Application/User/CAN_processing.o
 .rodata.Process_Single_ESC_Command.str1.4
                0x08008c14       0x49 ./Application/User/CAN_processing.o
 .rodata.CAN_Parse_MSG.str1.4
                0x08008c14       0x8b ./Application/User/CAN_processing.o
 .rodata.main.str1.4
                0x08008c14       0x78 ./Application/User/main.o
 .rodata.R3_2_ParamsM1
                0x08008c14       0xac ./Application/User/mc_parameters.o
                0x08008c14                R3_2_ParamsM1
 .rodata.R3_3_OPAMPParamsM1
                0x08008cc0       0x60 ./Application/User/mc_parameters.o
                0x08008cc0                R3_3_OPAMPParamsM1
 .rodata.AHBPrescTable
                0x08008d20       0x10 ./Drivers/CMSIS/system_stm32g4xx.o
                0x08008d20                AHBPrescTable
 .rodata.DLCtoBytes
                0x08008d30       0x10 ./Drivers/STM32G4xx_HAL_Driver/stm32g4xx_hal_fdcan.o
 .rodata.CSWTCH.115
                0x08008d40       0x40 ./Drivers/STM32G4xx_HAL_Driver/stm32g4xx_hal_tim_ex.o
 .rodata.CSWTCH.114
                0x08008d80       0x40 ./Drivers/STM32G4xx_HAL_Driver/stm32g4xx_hal_tim_ex.o
 .rodata.CSWTCH.113
                0x08008dc0       0x40 ./Drivers/STM32G4xx_HAL_Driver/stm32g4xx_hal_tim_ex.o
 .rodata.CSWTCH.112
                0x08008e00       0x40 ./Drivers/STM32G4xx_HAL_Driver/stm32g4xx_hal_tim_ex.o
                0x08008e40                        . = ALIGN (0x4)

.ARM.extab      0x08008e40        0x0
                0x08008e40                        . = ALIGN (0x4)
 *(.ARM.extab* .gnu.linkonce.armextab.*)
                0x08008e40                        . = ALIGN (0x4)

.ARM            0x08008e40        0x0
                0x08008e40                        . = ALIGN (0x4)
                0x08008e40                        __exidx_start = .
 *(.ARM.exidx*)
                0x08008e40                        __exidx_end = .
                0x08008e40                        . = ALIGN (0x4)

.preinit_array  0x08008e40        0x0
                0x08008e40                        . = ALIGN (0x4)
                0x08008e40                        PROVIDE (__preinit_array_start = .)
 *(.preinit_array*)
                0x08008e40                        PROVIDE (__preinit_array_end = .)
                0x08008e40                        . = ALIGN (0x4)

.init_array     0x08008e40        0x4
                0x08008e40                        . = ALIGN (0x4)
                0x08008e40                        PROVIDE (__init_array_start = .)
 *(SORT_BY_NAME(.init_array.*))
 *(.init_array*)
 .init_array    0x08008e40        0x4 C:/ST/STM32CubeIDE_1.18.0/STM32CubeIDE/plugins/com.st.stm32cube.ide.mcu.externaltools.gnu-tools-for-stm32.13.3.rel1.win32_1.0.0.202411081344/tools/bin/../lib/gcc/arm-none-eabi/13.3.1/thumb/v7e-m+fp/hard/crtbegin.o
                0x08008e44                        PROVIDE (__init_array_end = .)
                0x08008e44                        . = ALIGN (0x4)

.fini_array     0x08008e44        0x4
                0x08008e44                        . = ALIGN (0x4)
                [!provide]                        PROVIDE (__fini_array_start = .)
 *(SORT_BY_NAME(.fini_array.*))
 *(.fini_array*)
 .fini_array    0x08008e44        0x4 C:/ST/STM32CubeIDE_1.18.0/STM32CubeIDE/plugins/com.st.stm32cube.ide.mcu.externaltools.gnu-tools-for-stm32.13.3.rel1.win32_1.0.0.202411081344/tools/bin/../lib/gcc/arm-none-eabi/13.3.1/thumb/v7e-m+fp/hard/crtbegin.o
                [!provide]                        PROVIDE (__fini_array_end = .)
                0x08008e48                        . = ALIGN (0x4)
                0x08008e48                        _sidata = LOADADDR (.data)

.rel.dyn        0x08008e48        0x0
 .rel.iplt      0x08008e48        0x0 C:/ST/STM32CubeIDE_1.18.0/STM32CubeIDE/plugins/com.st.stm32cube.ide.mcu.externaltools.gnu-tools-for-stm32.13.3.rel1.win32_1.0.0.202411081344/tools/bin/../lib/gcc/arm-none-eabi/13.3.1/thumb/v7e-m+fp/hard/crtbegin.o

.data           0x20000000      0x3b4 load address 0x08008e48
                0x20000000                        . = ALIGN (0x4)
                0x20000000                        _sdata = .
 *(.data)
 *(.data*)
 .data.DELTA_SPEED_THRESH
                0x20000000        0x4 ./Application/User/CAN_processing.o
                0x20000000                DELTA_SPEED_THRESH
 .data.ESC_ID   0x20000004        0x4 ./Application/User/main.o
                0x20000004                ESC_ID
 .data.Mci      0x20000008       0x2c ./Application/User/mc_config.o
                0x20000008                Mci
 .data.pPosCtrl
                0x20000034        0x4 ./Application/User/mc_config.o
                0x20000034                pPosCtrl
 .data.pMPM     0x20000038        0x4 ./Application/User/mc_config.o
                0x20000038                pMPM
 .data.pPIDId   0x2000003c        0x4 ./Application/User/mc_config.o
                0x2000003c                pPIDId
 .data.pPIDIq   0x20000040        0x4 ./Application/User/mc_config.o
                0x20000040                pPIDIq
 .data.pSTC     0x20000044        0x4 ./Application/User/mc_config.o
                0x20000044                pSTC
 .data.CircleLimitationM1
                0x20000048        0x4 ./Application/User/mc_config.o
                0x20000048                CircleLimitationM1
 .data.RampExtMngrHFParamsM1
                0x2000004c       0x18 ./Application/User/mc_config.o
                0x2000004c                RampExtMngrHFParamsM1
 .data.PWM_Handle_M1
                0x20000064       0xa0 ./Application/User/mc_config.o
                0x20000064                PWM_Handle_M1
 .data.SpeednTorqCtrlM1
                0x20000104       0x38 ./Application/User/mc_config.o
                0x20000104                SpeednTorqCtrlM1
 .data.PosCtrlM1
                0x2000013c       0x70 ./Application/User/mc_config.o
                0x2000013c                PosCtrlM1
 .data.PID_PosParamsM1
                0x200001ac       0x2c ./Application/User/mc_config.o
                0x200001ac                PID_PosParamsM1
 .data.PIDIdHandle_M1
                0x200001d8       0x2c ./Application/User/mc_config.o
                0x200001d8                PIDIdHandle_M1
 .data.PIDIqHandle_M1
                0x20000204       0x2c ./Application/User/mc_config.o
                0x20000204                PIDIqHandle_M1
 .data.PIDSpeedHandle_M1
                0x20000230       0x2c ./Application/User/mc_config.o
                0x20000230                PIDSpeedHandle_M1
 .data.PQD_MotorPowMeasM1
                0x2000025c       0x10 ./Application/User/mc_config.o
                0x2000025c                PQD_MotorPowMeasM1
 .data.BusVoltageSensor_M1
                0x2000026c       0x12 ./Application/User/mc_config_common.o
                0x2000026c                BusVoltageSensor_M1
 *fill*         0x2000027e        0x2 
 .data.VbusRegConv_M1
                0x20000280       0x10 ./Application/User/mc_config_common.o
                0x20000280                VbusRegConv_M1
 .data.TempSensor_M1
                0x20000290       0x18 ./Application/User/mc_config_common.o
                0x20000290                TempSensor_M1
 .data.TempRegConv_M1
                0x200002a8       0x10 ./Application/User/mc_config_common.o
                0x200002a8                TempRegConv_M1
 .data.VirtualSpeedSensorM1
                0x200002b8       0x38 ./Application/User/mc_config_common.o
                0x200002b8                VirtualSpeedSensorM1
 .data.EncAlignCtrlM1
                0x200002f0       0x1c ./Application/User/mc_config_common.o
                0x200002f0                EncAlignCtrlM1
 .data.ENCODER_M1
                0x2000030c       0x88 ./Application/User/mc_config_common.o
                0x2000030c                ENCODER_M1
 .data.scaleParams_M1
                0x20000394       0x10 ./Application/User/mc_parameters.o
                0x20000394                scaleParams_M1
 .data.SystickDividerCounter.0
                0x200003a4        0x1 ./Application/User/stm32_mc_common_it.o
 *fill*         0x200003a5        0x3 
 .data.SystemCoreClock
                0x200003a8        0x4 ./Drivers/CMSIS/system_stm32g4xx.o
                0x200003a8                SystemCoreClock
 .data.uwTickFreq
                0x200003ac        0x4 ./Drivers/STM32G4xx_HAL_Driver/stm32g4xx_hal.o
                0x200003ac                uwTickFreq
 .data.uwTickPrio
                0x200003b0        0x4 ./Drivers/STM32G4xx_HAL_Driver/stm32g4xx_hal.o
                0x200003b0                uwTickPrio
 *(.RamFunc)
 *(.RamFunc*)
                0x200003b4                        . = ALIGN (0x4)
                0x200003b4                        _edata = .

.igot.plt       0x200003b4        0x0 load address 0x080091fc
 .igot.plt      0x200003b4        0x0 C:/ST/STM32CubeIDE_1.18.0/STM32CubeIDE/plugins/com.st.stm32cube.ide.mcu.externaltools.gnu-tools-for-stm32.13.3.rel1.win32_1.0.0.202411081344/tools/bin/../lib/gcc/arm-none-eabi/13.3.1/thumb/v7e-m+fp/hard/crtbegin.o
                0x200003b4                        . = ALIGN (0x4)

.bss            0x200003b4      0x3e8 load address 0x080091fc
                0x200003b4                        _sbss = .
                0x200003b4                        __bss_start__ = _sbss
 *(.bss)
 .bss           0x200003b4       0x1c C:/ST/STM32CubeIDE_1.18.0/STM32CubeIDE/plugins/com.st.stm32cube.ide.mcu.externaltools.gnu-tools-for-stm32.13.3.rel1.win32_1.0.0.202411081344/tools/bin/../lib/gcc/arm-none-eabi/13.3.1/thumb/v7e-m+fp/hard/crtbegin.o
 *(.bss*)
 .bss.s_startWd
                0x200003d0        0x8 ./Application/User/CAN_processing.o
 .bss.s_previousDirection
                0x200003d8        0x4 ./Application/User/CAN_processing.o
                0x200003d8                s_previousDirection
 .bss.g_lastCommandedSpeed
                0x200003dc        0x4 ./Application/User/CAN_processing.o
 .bss.rxData    0x200003e0        0x8 ./Application/User/main.o
                0x200003e0                rxData
 .bss.rxHeader  0x200003e8       0x28 ./Application/User/main.o
                0x200003e8                rxHeader
 .bss.received_CAN_command
                0x20000410        0x1 ./Application/User/main.o
                0x20000410                received_CAN_command
 *fill*         0x20000411        0x3 
 .bss.htim4     0x20000414       0x4c ./Application/User/main.o
                0x20000414                htim4
 .bss.htim1     0x20000460       0x4c ./Application/User/main.o
                0x20000460                htim1
 .bss.hopamp3   0x200004ac       0x3c ./Application/User/main.o
                0x200004ac                hopamp3
 .bss.hopamp2   0x200004e8       0x3c ./Application/User/main.o
                0x200004e8                hopamp2
 .bss.hopamp1   0x20000524       0x3c ./Application/User/main.o
                0x20000524                hopamp1
 .bss.hfdcan1   0x20000560       0x64 ./Application/User/main.o
                0x20000560                hfdcan1
 .bss.hdac3     0x200005c4       0x14 ./Application/User/main.o
                0x200005c4                hdac3
 .bss.hcordic   0x200005d8       0x28 ./Application/User/main.o
                0x200005d8                hcordic
 .bss.hcomp4    0x20000600       0x24 ./Application/User/main.o
                0x20000600                hcomp4
 .bss.hcomp2    0x20000624       0x24 ./Application/User/main.o
                0x20000624                hcomp2
 .bss.hcomp1    0x20000648       0x24 ./Application/User/main.o
                0x20000648                hcomp1
 .bss.hadc2     0x2000066c       0x6c ./Application/User/main.o
                0x2000066c                hadc2
 .bss.hadc1     0x200006d8       0x6c ./Application/User/main.o
                0x200006d8                hadc1
 .bss.pREMNG    0x20000744        0x4 ./Application/User/mc_config.o
                0x20000744                pREMNG
 .bss.FOCVars   0x20000748       0x22 ./Application/User/mc_config.o
                0x20000748                FOCVars
 *fill*         0x2000076a        0x2 
 .bss.pwmcHandle
                0x2000076c        0x4 ./Application/User/mc_config_common.o
                0x2000076c                pwmcHandle
 .bss.pEAC      0x20000770        0x4 ./Application/User/mc_config_common.o
                0x20000770                pEAC
 .bss.bMCBootCompleted
                0x20000774        0x1 ./Application/User/mc_tasks.o
 *fill*         0x20000775        0x1 
 .bss.hStopPermanencyCounterM1
                0x20000776        0x2 ./Application/User/mc_tasks.o
 .bss.hBootCapDelayCounterM1
                0x20000778        0x2 ./Application/User/mc_tasks.o
 .bss.hMFTaskCounterM1
                0x2000077a        0x2 ./Application/User/mc_tasks.o
 .bss.pMCI      0x2000077c        0x4 ./Application/User/motorcontrol.o
                0x2000077c                pMCI
 .bss.RCM_conversion_nb
                0x20000780        0x1 ./Application/User/regular_conversion_manager.o
 .bss.RCM_array_index
                0x20000781        0x1 ./Application/User/regular_conversion_manager.o
 *fill*         0x20000782        0x2 
 .bss.RCM_handle_array
                0x20000784       0x10 ./Application/User/regular_conversion_manager.o
 .bss.HAL_RCC_ADC12_CLK_ENABLED
                0x20000794        0x4 ./Application/User/stm32g4xx_hal_msp.o
 .bss.uwTick    0x20000798        0x4 ./Drivers/STM32G4xx_HAL_Driver/stm32g4xx_hal.o
                0x20000798                uwTick
 *(COMMON)
                0x2000079c                        . = ALIGN (0x4)
                0x2000079c                        _ebss = .
                0x2000079c                        __bss_end__ = _ebss

._user_heap_stack
                0x2000079c      0x604 load address 0x080091fc
                0x200007a0                        . = ALIGN (0x8)
 *fill*         0x2000079c        0x4 
                [!provide]                        PROVIDE (end = .)
                0x200007a0                        PROVIDE (_end = .)
                0x200009a0                        . = (. + _Min_Heap_Size)
 *fill*         0x200007a0      0x200 
                0x20000da0                        . = (. + _Min_Stack_Size)
 *fill*         0x200009a0      0x400 
                0x20000da0                        . = ALIGN (0x8)

/DISCARD/
 libc.a(*)
 libm.a(*)
 libgcc.a(*)

.ARM.attributes
                0x00000000       0x30
 *(.ARM.attributes)
 .ARM.attributes
                0x00000000       0x22 C:/ST/STM32CubeIDE_1.18.0/STM32CubeIDE/plugins/com.st.stm32cube.ide.mcu.externaltools.gnu-tools-for-stm32.13.3.rel1.win32_1.0.0.202411081344/tools/bin/../lib/gcc/arm-none-eabi/13.3.1/thumb/v7e-m+fp/hard/crti.o
 .ARM.attributes
                0x00000022       0x34 C:/ST/STM32CubeIDE_1.18.0/STM32CubeIDE/plugins/com.st.stm32cube.ide.mcu.externaltools.gnu-tools-for-stm32.13.3.rel1.win32_1.0.0.202411081344/tools/bin/../lib/gcc/arm-none-eabi/13.3.1/thumb/v7e-m+fp/hard/crtbegin.o
 .ARM.attributes
                0x00000056       0x21 ./Application/Startup/startup_stm32g431cbux.o
 .ARM.attributes
                0x00000077       0x30 ./Application/User/CAN_processing.o
 .ARM.attributes
                0x000000a7       0x30 ./Application/User/main.o
 .ARM.attributes
                0x000000d7       0x30 ./Application/User/mc_api.o
 .ARM.attributes
                0x00000107       0x30 ./Application/User/mc_app_hooks.o
 .ARM.attributes
                0x00000137       0x30 ./Application/User/mc_config.o
 .ARM.attributes
                0x00000167       0x30 ./Application/User/mc_config_common.o
 .ARM.attributes
                0x00000197       0x30 ./Application/User/mc_interface.o
 .ARM.attributes
                0x000001c7       0x30 ./Application/User/mc_math.o
 .ARM.attributes
                0x000001f7       0x30 ./Application/User/mc_parameters.o
 .ARM.attributes
                0x00000227       0x30 ./Application/User/mc_tasks.o
 .ARM.attributes
                0x00000257       0x30 ./Application/User/mc_tasks_foc.o
 .ARM.attributes
                0x00000287       0x30 ./Application/User/motorcontrol.o
 .ARM.attributes
                0x000002b7       0x30 ./Application/User/pwm_common.o
 .ARM.attributes
                0x000002e7       0x30 ./Application/User/pwm_curr_fdbk.o
 .ARM.attributes
                0x00000317       0x30 ./Application/User/regular_conversion_manager.o
 .ARM.attributes
                0x00000347       0x30 ./Application/User/speed_torq_ctrl.o
 .ARM.attributes
                0x00000377       0x30 ./Application/User/stm32_mc_common_it.o
 .ARM.attributes
                0x000003a7       0x30 ./Application/User/stm32g4xx_hal_msp.o
 .ARM.attributes
                0x000003d7       0x30 ./Application/User/stm32g4xx_it.o
 .ARM.attributes
                0x00000407       0x30 ./Application/User/stm32g4xx_mc_it.o
 .ARM.attributes
                0x00000437       0x30 ./Application/User/uart_debug.o
 .ARM.attributes
                0x00000467       0x30 ./Drivers/CMSIS/system_stm32g4xx.o
 .ARM.attributes
                0x00000497       0x30 ./Drivers/STM32G4xx_HAL_Driver/stm32g4xx_hal.o
 .ARM.attributes
                0x000004c7       0x30 ./Drivers/STM32G4xx_HAL_Driver/stm32g4xx_hal_adc.o
 .ARM.attributes
                0x000004f7       0x30 ./Drivers/STM32G4xx_HAL_Driver/stm32g4xx_hal_adc_ex.o
 .ARM.attributes
                0x00000527       0x30 ./Drivers/STM32G4xx_HAL_Driver/stm32g4xx_hal_comp.o
 .ARM.attributes
                0x00000557       0x30 ./Drivers/STM32G4xx_HAL_Driver/stm32g4xx_hal_cordic.o
 .ARM.attributes
                0x00000587       0x30 ./Drivers/STM32G4xx_HAL_Driver/stm32g4xx_hal_cortex.o
 .ARM.attributes
                0x000005b7       0x30 ./Drivers/STM32G4xx_HAL_Driver/stm32g4xx_hal_dac.o
 .ARM.attributes
                0x000005e7       0x30 ./Drivers/STM32G4xx_HAL_Driver/stm32g4xx_hal_fdcan.o
 .ARM.attributes
                0x00000617       0x30 ./Drivers/STM32G4xx_HAL_Driver/stm32g4xx_hal_gpio.o
 .ARM.attributes
                0x00000647       0x30 ./Drivers/STM32G4xx_HAL_Driver/stm32g4xx_hal_opamp.o
 .ARM.attributes
                0x00000677       0x30 ./Drivers/STM32G4xx_HAL_Driver/stm32g4xx_hal_pwr_ex.o
 .ARM.attributes
                0x000006a7       0x30 ./Drivers/STM32G4xx_HAL_Driver/stm32g4xx_hal_rcc.o
 .ARM.attributes
                0x000006d7       0x30 ./Drivers/STM32G4xx_HAL_Driver/stm32g4xx_hal_rcc_ex.o
 .ARM.attributes
                0x00000707       0x30 ./Drivers/STM32G4xx_HAL_Driver/stm32g4xx_hal_tim.o
 .ARM.attributes
                0x00000737       0x30 ./Drivers/STM32G4xx_HAL_Driver/stm32g4xx_hal_tim_ex.o
 .ARM.attributes
                0x00000767       0x30 ./Middlewares/MotorControl/circle_limitation.o
 .ARM.attributes
                0x00000797       0x30 ./Middlewares/MotorControl/enc_align_ctrl.o
 .ARM.attributes
                0x000007c7       0x30 ./Middlewares/MotorControl/encoder_speed_pos_fdbk.o
 .ARM.attributes
                0x000007f7       0x30 ./Middlewares/MotorControl/ntc_temperature_sensor.o
 .ARM.attributes
                0x00000827       0x30 ./Middlewares/MotorControl/pid_regulator.o
 .ARM.attributes
                0x00000857       0x30 ./Middlewares/MotorControl/pqd_motor_power_measurement.o
 .ARM.attributes
                0x00000887       0x30 ./Middlewares/MotorControl/r3_2_g4xx_pwm_curr_fdbk.o
 .ARM.attributes
                0x000008b7       0x30 ./Middlewares/MotorControl/r_divider_bus_voltage_sensor.o
 .ARM.attributes
                0x000008e7       0x30 ./Middlewares/MotorControl/ramp_ext_mngr.o
 .ARM.attributes
                0x00000917       0x30 ./Middlewares/MotorControl/speed_pos_fdbk.o
 .ARM.attributes
                0x00000947       0x30 ./Middlewares/MotorControl/trajectory_ctrl.o
 .ARM.attributes
                0x00000977       0x30 ./Middlewares/MotorControl/virtual_speed_sensor.o
 .ARM.attributes
                0x000009a7       0x34 C:/ST/STM32CubeIDE_1.18.0/STM32CubeIDE/plugins/com.st.stm32cube.ide.mcu.externaltools.gnu-tools-for-stm32.13.3.rel1.win32_1.0.0.202411081344/tools/bin/../lib/gcc/arm-none-eabi/13.3.1/../../../../arm-none-eabi/lib/thumb/v7e-m+fp/hard\libc_nano.a(libc_a-memset.o)
 .ARM.attributes
                0x000009db       0x34 C:/ST/STM32CubeIDE_1.18.0/STM32CubeIDE/plugins/com.st.stm32cube.ide.mcu.externaltools.gnu-tools-for-stm32.13.3.rel1.win32_1.0.0.202411081344/tools/bin/../lib/gcc/arm-none-eabi/13.3.1/../../../../arm-none-eabi/lib/thumb/v7e-m+fp/hard\libc_nano.a(libc_a-init.o)
 .ARM.attributes
                0x00000a0f       0x22 C:/ST/STM32CubeIDE_1.18.0/STM32CubeIDE/plugins/com.st.stm32cube.ide.mcu.externaltools.gnu-tools-for-stm32.13.3.rel1.win32_1.0.0.202411081344/tools/bin/../lib/gcc/arm-none-eabi/13.3.1/thumb/v7e-m+fp/hard\libgcc.a(_arm_muldf3.o)
 .ARM.attributes
                0x00000a31       0x22 C:/ST/STM32CubeIDE_1.18.0/STM32CubeIDE/plugins/com.st.stm32cube.ide.mcu.externaltools.gnu-tools-for-stm32.13.3.rel1.win32_1.0.0.202411081344/tools/bin/../lib/gcc/arm-none-eabi/13.3.1/thumb/v7e-m+fp/hard\libgcc.a(_arm_addsubdf3.o)
 .ARM.attributes
                0x00000a53       0x22 C:/ST/STM32CubeIDE_1.18.0/STM32CubeIDE/plugins/com.st.stm32cube.ide.mcu.externaltools.gnu-tools-for-stm32.13.3.rel1.win32_1.0.0.202411081344/tools/bin/../lib/gcc/arm-none-eabi/13.3.1/thumb/v7e-m+fp/hard\libgcc.a(_arm_cmpdf2.o)
 .ARM.attributes
                0x00000a75       0x22 C:/ST/STM32CubeIDE_1.18.0/STM32CubeIDE/plugins/com.st.stm32cube.ide.mcu.externaltools.gnu-tools-for-stm32.13.3.rel1.win32_1.0.0.202411081344/tools/bin/../lib/gcc/arm-none-eabi/13.3.1/thumb/v7e-m+fp/hard\libgcc.a(_arm_truncdfsf2.o)
 .ARM.attributes
                0x00000a97       0x22 C:/ST/STM32CubeIDE_1.18.0/STM32CubeIDE/plugins/com.st.stm32cube.ide.mcu.externaltools.gnu-tools-for-stm32.13.3.rel1.win32_1.0.0.202411081344/tools/bin/../lib/gcc/arm-none-eabi/13.3.1/thumb/v7e-m+fp/hard/crtn.o
OUTPUT(ARM2025Shoulder.elf elf32-littlearm)
LOAD linker stubs
LOAD C:/ST/STM32CubeIDE_1.18.0/STM32CubeIDE/plugins/com.st.stm32cube.ide.mcu.externaltools.gnu-tools-for-stm32.13.3.rel1.win32_1.0.0.202411081344/tools/bin/../lib/gcc/arm-none-eabi/13.3.1/../../../../arm-none-eabi/lib/thumb/v7e-m+fp/hard\libc.a
LOAD C:/ST/STM32CubeIDE_1.18.0/STM32CubeIDE/plugins/com.st.stm32cube.ide.mcu.externaltools.gnu-tools-for-stm32.13.3.rel1.win32_1.0.0.202411081344/tools/bin/../lib/gcc/arm-none-eabi/13.3.1/../../../../arm-none-eabi/lib/thumb/v7e-m+fp/hard\libm.a
LOAD C:/ST/STM32CubeIDE_1.18.0/STM32CubeIDE/plugins/com.st.stm32cube.ide.mcu.externaltools.gnu-tools-for-stm32.13.3.rel1.win32_1.0.0.202411081344/tools/bin/../lib/gcc/arm-none-eabi/13.3.1/thumb/v7e-m+fp/hard\libgcc.a

.debug_line     0x00000000    0x3f829
 .debug_line    0x00000000       0x7b ./Application/Startup/startup_stm32g431cbux.o
 .debug_line    0x0000007b     0x2305 ./Application/User/CAN_processing.o
 .debug_line    0x00002380     0x1f21 ./Application/User/main.o
 .debug_line    0x000042a1     0x1271 ./Application/User/mc_api.o
 .debug_line    0x00005512      0xa14 ./Application/User/mc_app_hooks.o
 .debug_line    0x00005f26      0xd47 ./Application/User/mc_config.o
 .debug_line    0x00006c6d      0xd4e ./Application/User/mc_config_common.o
 .debug_line    0x000079bb     0x1ad7 ./Application/User/mc_interface.o
 .debug_line    0x00009492      0xc3d ./Application/User/mc_math.o
 .debug_line    0x0000a0cf      0xd38 ./Application/User/mc_parameters.o
 .debug_line    0x0000ae07     0x1399 ./Application/User/mc_tasks.o
 .debug_line    0x0000c1a0     0x13cc ./Application/User/mc_tasks_foc.o
 .debug_line    0x0000d56c      0xd87 ./Application/User/motorcontrol.o
 .debug_line    0x0000e2f3      0xc39 ./Application/User/pwm_common.o
 .debug_line    0x0000ef2c     0x1200 ./Application/User/pwm_curr_fdbk.o
 .debug_line    0x0001012c     0x10f6 ./Application/User/regular_conversion_manager.o
 .debug_line    0x00011222      0xe95 ./Application/User/speed_torq_ctrl.o
 .debug_line    0x000120b7      0xe82 ./Application/User/stm32_mc_common_it.o
 .debug_line    0x00012f39     0x1535 ./Application/User/stm32g4xx_hal_msp.o
 .debug_line    0x0001446e      0xd70 ./Application/User/stm32g4xx_it.o
 .debug_line    0x000151de      0xe70 ./Application/User/stm32g4xx_mc_it.o
 .debug_line    0x0001604e      0xeab ./Application/User/uart_debug.o
 .debug_line    0x00016ef9      0x938 ./Drivers/CMSIS/system_stm32g4xx.o
 .debug_line    0x00017831      0xdca ./Drivers/STM32G4xx_HAL_Driver/stm32g4xx_hal.o
 .debug_line    0x000185fb     0x2ead ./Drivers/STM32G4xx_HAL_Driver/stm32g4xx_hal_adc.o
 .debug_line    0x0001b4a8     0x2872 ./Drivers/STM32G4xx_HAL_Driver/stm32g4xx_hal_adc_ex.o
 .debug_line    0x0001dd1a      0xe01 ./Drivers/STM32G4xx_HAL_Driver/stm32g4xx_hal_comp.o
 .debug_line    0x0001eb1b     0x13dd ./Drivers/STM32G4xx_HAL_Driver/stm32g4xx_hal_cordic.o
 .debug_line    0x0001fef8      0xf00 ./Drivers/STM32G4xx_HAL_Driver/stm32g4xx_hal_cortex.o
 .debug_line    0x00020df8     0x11e4 ./Drivers/STM32G4xx_HAL_Driver/stm32g4xx_hal_dac.o
 .debug_line    0x00021fdc     0x25ea ./Drivers/STM32G4xx_HAL_Driver/stm32g4xx_hal_fdcan.o
 .debug_line    0x000245c6     0x1112 ./Drivers/STM32G4xx_HAL_Driver/stm32g4xx_hal_gpio.o
 .debug_line    0x000256d8      0xde3 ./Drivers/STM32G4xx_HAL_Driver/stm32g4xx_hal_opamp.o
 .debug_line    0x000264bb      0xffb ./Drivers/STM32G4xx_HAL_Driver/stm32g4xx_hal_pwr_ex.o
 .debug_line    0x000274b6     0x1602 ./Drivers/STM32G4xx_HAL_Driver/stm32g4xx_hal_rcc.o
 .debug_line    0x00028ab8     0x1670 ./Drivers/STM32G4xx_HAL_Driver/stm32g4xx_hal_rcc_ex.o
 .debug_line    0x0002a128     0x6634 ./Drivers/STM32G4xx_HAL_Driver/stm32g4xx_hal_tim.o
 .debug_line    0x0003075c     0x26d9 ./Drivers/STM32G4xx_HAL_Driver/stm32g4xx_hal_tim_ex.o
 .debug_line    0x00032e35      0xb48 ./Middlewares/MotorControl/circle_limitation.o
 .debug_line    0x0003397d      0xc37 ./Middlewares/MotorControl/enc_align_ctrl.o
 .debug_line    0x000345b4     0x11ab ./Middlewares/MotorControl/encoder_speed_pos_fdbk.o
 .debug_line    0x0003575f      0xbf0 ./Middlewares/MotorControl/ntc_temperature_sensor.o
 .debug_line    0x0003634f      0xeec ./Middlewares/MotorControl/pid_regulator.o
 .debug_line    0x0003723b      0xb47 ./Middlewares/MotorControl/pqd_motor_power_measurement.o
 .debug_line    0x00037d82     0x32ad ./Middlewares/MotorControl/r3_2_g4xx_pwm_curr_fdbk.o
 .debug_line    0x0003b02f      0xbfa ./Middlewares/MotorControl/r_divider_bus_voltage_sensor.o
 .debug_line    0x0003bc29      0xd26 ./Middlewares/MotorControl/ramp_ext_mngr.o
 .debug_line    0x0003c94f      0xbe4 ./Middlewares/MotorControl/speed_pos_fdbk.o
 .debug_line    0x0003d533     0x134d ./Middlewares/MotorControl/trajectory_ctrl.o
 .debug_line    0x0003e880      0xfa9 ./Middlewares/MotorControl/virtual_speed_sensor.o

.debug_line_str
                0x00000000       0x94
 .debug_line_str
                0x00000000       0x94 ./Application/Startup/startup_stm32g431cbux.o

.debug_info     0x00000000    0x40885
 .debug_info    0x00000000       0x30 ./Application/Startup/startup_stm32g431cbux.o
 .debug_info    0x00000030     0x3b97 ./Application/User/CAN_processing.o
 .debug_info    0x00003bc7     0x3db5 ./Application/User/main.o
 .debug_info    0x0000797c     0x22c2 ./Application/User/mc_api.o
 .debug_info    0x00009c3e      0x1db ./Application/User/mc_app_hooks.o
 .debug_info    0x00009e19     0x1f70 ./Application/User/mc_config.o
 .debug_info    0x0000bd89     0x13a9 ./Application/User/mc_config_common.o
 .debug_info    0x0000d132     0x29cf ./Application/User/mc_interface.o
 .debug_info    0x0000fb01      0x764 ./Application/User/mc_math.o
 .debug_info    0x00010265      0xa17 ./Application/User/mc_parameters.o
 .debug_info    0x00010c7c     0x2373 ./Application/User/mc_tasks.o
 .debug_info    0x00012fef     0x2c13 ./Application/User/mc_tasks_foc.o
 .debug_info    0x00015c02     0x15f4 ./Application/User/motorcontrol.o
 .debug_info    0x000171f6      0x953 ./Application/User/pwm_common.o
 .debug_info    0x00017b49     0x1395 ./Application/User/pwm_curr_fdbk.o
 .debug_info    0x00018ede      0xb62 ./Application/User/regular_conversion_manager.o
 .debug_info    0x00019a40      0x9b7 ./Application/User/speed_torq_ctrl.o
 .debug_info    0x0001a3f7      0xcfd ./Application/User/stm32_mc_common_it.o
 .debug_info    0x0001b0f4     0x28ff ./Application/User/stm32g4xx_hal_msp.o
 .debug_info    0x0001d9f3      0x6b9 ./Application/User/stm32g4xx_it.o
 .debug_info    0x0001e0ac     0x124f ./Application/User/stm32g4xx_mc_it.o
 .debug_info    0x0001f2fb      0x239 ./Application/User/uart_debug.o
 .debug_info    0x0001f534      0x5a7 ./Drivers/CMSIS/system_stm32g4xx.o
 .debug_info    0x0001fadb      0xcd7 ./Drivers/STM32G4xx_HAL_Driver/stm32g4xx_hal.o
 .debug_info    0x000207b2     0x3508 ./Drivers/STM32G4xx_HAL_Driver/stm32g4xx_hal_adc.o
 .debug_info    0x00023cba     0x2d2c ./Drivers/STM32G4xx_HAL_Driver/stm32g4xx_hal_adc_ex.o
 .debug_info    0x000269e6      0x869 ./Drivers/STM32G4xx_HAL_Driver/stm32g4xx_hal_comp.o
 .debug_info    0x0002724f      0xdc3 ./Drivers/STM32G4xx_HAL_Driver/stm32g4xx_hal_cordic.o
 .debug_info    0x00028012      0xfd6 ./Drivers/STM32G4xx_HAL_Driver/stm32g4xx_hal_cortex.o
 .debug_info    0x00028fe8      0xe09 ./Drivers/STM32G4xx_HAL_Driver/stm32g4xx_hal_dac.o
 .debug_info    0x00029df1     0x1c54 ./Drivers/STM32G4xx_HAL_Driver/stm32g4xx_hal_fdcan.o
 .debug_info    0x0002ba45      0x795 ./Drivers/STM32G4xx_HAL_Driver/stm32g4xx_hal_gpio.o
 .debug_info    0x0002c1da      0x84b ./Drivers/STM32G4xx_HAL_Driver/stm32g4xx_hal_opamp.o
 .debug_info    0x0002ca25      0x993 ./Drivers/STM32G4xx_HAL_Driver/stm32g4xx_hal_pwr_ex.o
 .debug_info    0x0002d3b8      0xe7b ./Drivers/STM32G4xx_HAL_Driver/stm32g4xx_hal_rcc.o
 .debug_info    0x0002e233      0xd46 ./Drivers/STM32G4xx_HAL_Driver/stm32g4xx_hal_rcc_ex.o
 .debug_info    0x0002ef79     0x500d ./Drivers/STM32G4xx_HAL_Driver/stm32g4xx_hal_tim.o
 .debug_info    0x00033f86     0x25d0 ./Drivers/STM32G4xx_HAL_Driver/stm32g4xx_hal_tim_ex.o
 .debug_info    0x00036556      0x387 ./Middlewares/MotorControl/circle_limitation.o
 .debug_info    0x000368dd      0xb60 ./Middlewares/MotorControl/enc_align_ctrl.o
 .debug_info    0x0003743d      0xc4b ./Middlewares/MotorControl/encoder_speed_pos_fdbk.o
 .debug_info    0x00038088      0x3f8 ./Middlewares/MotorControl/ntc_temperature_sensor.o
 .debug_info    0x00038480      0x8ea ./Middlewares/MotorControl/pid_regulator.o
 .debug_info    0x00038d6a      0x51c ./Middlewares/MotorControl/pqd_motor_power_measurement.o
 .debug_info    0x00039286     0x4fdf ./Middlewares/MotorControl/r3_2_g4xx_pwm_curr_fdbk.o
 .debug_info    0x0003e265      0x397 ./Middlewares/MotorControl/r_divider_bus_voltage_sensor.o
 .debug_info    0x0003e5fc      0x502 ./Middlewares/MotorControl/ramp_ext_mngr.o
 .debug_info    0x0003eafe      0x4ee ./Middlewares/MotorControl/speed_pos_fdbk.o
 .debug_info    0x0003efec     0x1109 ./Middlewares/MotorControl/trajectory_ctrl.o
 .debug_info    0x000400f5      0x790 ./Middlewares/MotorControl/virtual_speed_sensor.o

.debug_abbrev   0x00000000     0x8105
 .debug_abbrev  0x00000000       0x24 ./Application/Startup/startup_stm32g431cbux.o
 .debug_abbrev  0x00000024      0x532 ./Application/User/CAN_processing.o
 .debug_abbrev  0x00000556      0x3e5 ./Application/User/main.o
 .debug_abbrev  0x0000093b      0x2b4 ./Application/User/mc_api.o
 .debug_abbrev  0x00000bef       0x98 ./Application/User/mc_app_hooks.o
 .debug_abbrev  0x00000c87      0x1f9 ./Application/User/mc_config.o
 .debug_abbrev  0x00000e80      0x19b ./Application/User/mc_config_common.o
 .debug_abbrev  0x0000101b      0x434 ./Application/User/mc_interface.o
 .debug_abbrev  0x0000144f      0x279 ./Application/User/mc_math.o
 .debug_abbrev  0x000016c8      0x132 ./Application/User/mc_parameters.o
 .debug_abbrev  0x000017fa      0x477 ./Application/User/mc_tasks.o
 .debug_abbrev  0x00001c71      0x468 ./Application/User/mc_tasks_foc.o
 .debug_abbrev  0x000020d9      0x26d ./Application/User/motorcontrol.o
 .debug_abbrev  0x00002346      0x231 ./Application/User/pwm_common.o
 .debug_abbrev  0x00002577      0x3a3 ./Application/User/pwm_curr_fdbk.o
 .debug_abbrev  0x0000291a      0x2c1 ./Application/User/regular_conversion_manager.o
 .debug_abbrev  0x00002bdb      0x253 ./Application/User/speed_torq_ctrl.o
 .debug_abbrev  0x00002e2e      0x26c ./Application/User/stm32_mc_common_it.o
 .debug_abbrev  0x0000309a      0x2e5 ./Application/User/stm32g4xx_hal_msp.o
 .debug_abbrev  0x0000337f      0x169 ./Application/User/stm32g4xx_it.o
 .debug_abbrev  0x000034e8      0x2a7 ./Application/User/stm32g4xx_mc_it.o
 .debug_abbrev  0x0000378f       0xe2 ./Application/User/uart_debug.o
 .debug_abbrev  0x00003871      0x120 ./Drivers/CMSIS/system_stm32g4xx.o
 .debug_abbrev  0x00003991      0x2dd ./Drivers/STM32G4xx_HAL_Driver/stm32g4xx_hal.o
 .debug_abbrev  0x00003c6e      0x355 ./Drivers/STM32G4xx_HAL_Driver/stm32g4xx_hal_adc.o
 .debug_abbrev  0x00003fc3      0x3eb ./Drivers/STM32G4xx_HAL_Driver/stm32g4xx_hal_adc_ex.o
 .debug_abbrev  0x000043ae      0x2a5 ./Drivers/STM32G4xx_HAL_Driver/stm32g4xx_hal_comp.o
 .debug_abbrev  0x00004653      0x2b4 ./Drivers/STM32G4xx_HAL_Driver/stm32g4xx_hal_cordic.o
 .debug_abbrev  0x00004907      0x387 ./Drivers/STM32G4xx_HAL_Driver/stm32g4xx_hal_cortex.o
 .debug_abbrev  0x00004c8e      0x291 ./Drivers/STM32G4xx_HAL_Driver/stm32g4xx_hal_dac.o
 .debug_abbrev  0x00004f1f      0x2a2 ./Drivers/STM32G4xx_HAL_Driver/stm32g4xx_hal_fdcan.o
 .debug_abbrev  0x000051c1      0x1f9 ./Drivers/STM32G4xx_HAL_Driver/stm32g4xx_hal_gpio.o
 .debug_abbrev  0x000053ba      0x1f7 ./Drivers/STM32G4xx_HAL_Driver/stm32g4xx_hal_opamp.o
 .debug_abbrev  0x000055b1      0x281 ./Drivers/STM32G4xx_HAL_Driver/stm32g4xx_hal_pwr_ex.o
 .debug_abbrev  0x00005832      0x352 ./Drivers/STM32G4xx_HAL_Driver/stm32g4xx_hal_rcc.o
 .debug_abbrev  0x00005b84      0x2ce ./Drivers/STM32G4xx_HAL_Driver/stm32g4xx_hal_rcc_ex.o
 .debug_abbrev  0x00005e52      0x3c0 ./Drivers/STM32G4xx_HAL_Driver/stm32g4xx_hal_tim.o
 .debug_abbrev  0x00006212      0x3d0 ./Drivers/STM32G4xx_HAL_Driver/stm32g4xx_hal_tim_ex.o
 .debug_abbrev  0x000065e2      0x126 ./Middlewares/MotorControl/circle_limitation.o
 .debug_abbrev  0x00006708      0x235 ./Middlewares/MotorControl/enc_align_ctrl.o
 .debug_abbrev  0x0000693d      0x30b ./Middlewares/MotorControl/encoder_speed_pos_fdbk.o
 .debug_abbrev  0x00006c48      0x196 ./Middlewares/MotorControl/ntc_temperature_sensor.o
 .debug_abbrev  0x00006dde      0x1b1 ./Middlewares/MotorControl/pid_regulator.o
 .debug_abbrev  0x00006f8f      0x1df ./Middlewares/MotorControl/pqd_motor_power_measurement.o
 .debug_abbrev  0x0000716e      0x495 ./Middlewares/MotorControl/r3_2_g4xx_pwm_curr_fdbk.o
 .debug_abbrev  0x00007603      0x182 ./Middlewares/MotorControl/r_divider_bus_voltage_sensor.o
 .debug_abbrev  0x00007785      0x1fb ./Middlewares/MotorControl/ramp_ext_mngr.o
 .debug_abbrev  0x00007980      0x1bb ./Middlewares/MotorControl/speed_pos_fdbk.o
 .debug_abbrev  0x00007b3b      0x3b8 ./Middlewares/MotorControl/trajectory_ctrl.o
 .debug_abbrev  0x00007ef3      0x212 ./Middlewares/MotorControl/virtual_speed_sensor.o

.debug_aranges  0x00000000     0x1f90
 .debug_aranges
                0x00000000       0x28 ./Application/Startup/startup_stm32g431cbux.o
 .debug_aranges
                0x00000028      0x100 ./Application/User/CAN_processing.o
 .debug_aranges
                0x00000128       0x40 ./Application/User/main.o
 .debug_aranges
                0x00000168      0x1d0 ./Application/User/mc_api.o
 .debug_aranges
                0x00000338       0x28 ./Application/User/mc_app_hooks.o
 .debug_aranges
                0x00000360       0x18 ./Application/User/mc_config.o
 .debug_aranges
                0x00000378       0x18 ./Application/User/mc_config_common.o
 .debug_aranges
                0x00000390      0x1e8 ./Application/User/mc_interface.o
 .debug_aranges
                0x00000578       0x48 ./Application/User/mc_math.o
 .debug_aranges
                0x000005c0       0x18 ./Application/User/mc_parameters.o
 .debug_aranges
                0x000005d8       0x78 ./Application/User/mc_tasks.o
 .debug_aranges
                0x00000650       0x50 ./Application/User/mc_tasks_foc.o
 .debug_aranges
                0x000006a0       0x20 ./Application/User/motorcontrol.o
 .debug_aranges
                0x000006c0       0x28 ./Application/User/pwm_common.o
 .debug_aranges
                0x000006e8      0x110 ./Application/User/pwm_curr_fdbk.o
 .debug_aranges
                0x000007f8       0x40 ./Application/User/regular_conversion_manager.o
 .debug_aranges
                0x00000838       0x80 ./Application/User/speed_torq_ctrl.o
 .debug_aranges
                0x000008b8       0x38 ./Application/User/stm32_mc_common_it.o
 .debug_aranges
                0x000008f0       0xa8 ./Application/User/stm32g4xx_hal_msp.o
 .debug_aranges
                0x00000998       0x28 ./Application/User/stm32g4xx_it.o
 .debug_aranges
                0x000009c0       0x30 ./Application/User/stm32g4xx_mc_it.o
 .debug_aranges
                0x000009f0       0x20 ./Application/User/uart_debug.o
 .debug_aranges
                0x00000a10       0x28 ./Drivers/CMSIS/system_stm32g4xx.o
 .debug_aranges
                0x00000a38      0x148 ./Drivers/STM32G4xx_HAL_Driver/stm32g4xx_hal.o
 .debug_aranges