../Application/User/calibration.c:125:6:Calibration_Init	8	static
../Application/User/calibration.c:138:6:Calibration_LimitHit	0	static
../Application/User/calibration.c:144:6:Calibration_MainStep	24	static
../Application/User/calibration.c:249:6:Calibration_ISRStep	8	static
../Application/User/calibration.c:259:6:Calibration_Tick_1ms	0	static
../Application/User/calibration.c:268:6:Calibration_IsDone	0	static
../Application/User/calibration.c:273:7:Calibration_GetOffset	0	static
../Application/User/calibration.c:301:6:Calibration_RuntimeSnap	16	static
