C:/Users/james/Documents/2.Robotics/rover-embedded-2025/Arm_Brushless_2026/Robotics_Test_2026/Src/main.c:284:6:SystemClock_Config	3
C:/Users/james/Documents/2.Robotics/rover-embedded-2025/Arm_Brushless_2026/Robotics_Test_2026/Src/main.c:134:5:main	43
C:/Users/james/Documents/2.Robotics/rover-embedded-2025/Arm_Brushless_2026/Robotics_Test_2026/Src/main.c:1098:6:HAL_FDCAN_RxFifo0Callback	3
C:/Users/james/Documents/2.Robotics/rover-embedded-2025/Arm_Brushless_2026/Robotics_Test_2026/Src/main.c:1115:6:HAL_GPIO_EXTI_Callback	5
C:/Users/james/Documents/2.Robotics/rover-embedded-2025/Arm_Brushless_2026/Robotics_Test_2026/Src/main.c:1134:6:HAL_TIM_PeriodElapsedCallback	8
C:/Users/james/Documents/2.Robotics/rover-embedded-2025/Arm_Brushless_2026/Robotics_Test_2026/Src/main.c:1212:7:Read_Encoder_Position_Rad	1
C:/Users/james/Documents/2.Robotics/rover-embedded-2025/Arm_Brushless_2026/Robotics_Test_2026/Src/main.c:1224:7:degreesToRad	1
C:/Users/james/Documents/2.Robotics/rover-embedded-2025/Arm_Brushless_2026/Robotics_Test_2026/Src/main.c:1228:7:radToDegrees	1
C:/Users/james/Documents/2.Robotics/rover-embedded-2025/Arm_Brushless_2026/Robotics_Test_2026/Src/main.c:1234:7:inputShaftToOutput	1
C:/Users/james/Documents/2.Robotics/rover-embedded-2025/Arm_Brushless_2026/Robotics_Test_2026/Src/main.c:1240:7:outputShaftToInput	1
C:/Users/james/Documents/2.Robotics/rover-embedded-2025/Arm_Brushless_2026/Robotics_Test_2026/Src/main.c:1253:6:Error_Handler	1
