C:/Users/james/Documents/2.Robotics/rover-embedded-2025/Arm_Brushless_2026/Robotics_Test_2026/Src/main.c:284:6:SystemClock_Config	3
C:/Users/james/Documents/2.Robotics/rover-embedded-2025/Arm_Brushless_2026/Robotics_Test_2026/Src/main.c:134:5:main	43
C:/Users/james/Documents/2.Robotics/rover-embedded-2025/Arm_Brushless_2026/Robotics_Test_2026/Src/main.c:1097:6:HAL_FDCAN_RxFifo0Callback	3
C:/Users/james/Documents/2.Robotics/rover-embedded-2025/Arm_Brushless_2026/Robotics_Test_2026/Src/main.c:1111:6:HAL_TIM_PeriodElapsedCallback	10
C:/Users/james/Documents/2.Robotics/rover-embedded-2025/Arm_Brushless_2026/Robotics_Test_2026/Src/main.c:1187:7:Read_Encoder_Position_Rad	1
C:/Users/james/Documents/2.Robotics/rover-embedded-2025/Arm_Brushless_2026/Robotics_Test_2026/Src/main.c:1199:7:degreesToRad	1
C:/Users/james/Documents/2.Robotics/rover-embedded-2025/Arm_Brushless_2026/Robotics_Test_2026/Src/main.c:1203:7:radToDegrees	1
C:/Users/james/Documents/2.Robotics/rover-embedded-2025/Arm_Brushless_2026/Robotics_Test_2026/Src/main.c:1209:7:inputShaftToOutput	1
C:/Users/james/Documents/2.Robotics/rover-embedded-2025/Arm_Brushless_2026/Robotics_Test_2026/Src/main.c:1215:7:outputShaftToInput	1
C:/Users/james/Documents/2.Robotics/rover-embedded-2025/Arm_Brushless_2026/Robotics_Test_2026/Src/main.c:1228:6:Error_Handler	1
