C:/Users/james/Documents/2.Robotics/rover-embedded-2025/Arm_Brushless_2026/Robotics_Test_2026/Src/stm32g4xx_hal_msp.c:65:6:HAL_MspInit	16	static
C:/Users/james/Documents/2.Robotics/rover-embedded-2025/Arm_Brushless_2026/Robotics_Test_2026/Src/stm32g4xx_hal_msp.c:96:6:HAL_ADC_MspInit	120	static
C:/Users/james/Documents/2.Robotics/rover-embedded-2025/Arm_Brushless_2026/Robotics_Test_2026/Src/stm32g4xx_hal_msp.c:186:6:HAL_ADC_MspDeInit	8	static
C:/Users/james/Documents/2.Robotics/rover-embedded-2025/Arm_Brushless_2026/Robotics_Test_2026/Src/stm32g4xx_hal_msp.c:260:6:HAL_COMP_MspInit	48	static
C:/Users/james/Documents/2.Robotics/rover-embedded-2025/Arm_Brushless_2026/Robotics_Test_2026/Src/stm32g4xx_hal_msp.c:329:6:HAL_COMP_MspDeInit	0	static
C:/Users/james/Documents/2.Robotics/rover-embedded-2025/Arm_Brushless_2026/Robotics_Test_2026/Src/stm32g4xx_hal_msp.c:385:6:HAL_CORDIC_MspInit	8	static
C:/Users/james/Documents/2.Robotics/rover-embedded-2025/Arm_Brushless_2026/Robotics_Test_2026/Src/stm32g4xx_hal_msp.c:408:6:HAL_CORDIC_MspDeInit	0	static
C:/Users/james/Documents/2.Robotics/rover-embedded-2025/Arm_Brushless_2026/Robotics_Test_2026/Src/stm32g4xx_hal_msp.c:430:6:HAL_DAC_MspInit	16	static
C:/Users/james/Documents/2.Robotics/rover-embedded-2025/Arm_Brushless_2026/Robotics_Test_2026/Src/stm32g4xx_hal_msp.c:456:6:HAL_DAC_MspDeInit	0	static
C:/Users/james/Documents/2.Robotics/rover-embedded-2025/Arm_Brushless_2026/Robotics_Test_2026/Src/stm32g4xx_hal_msp.c:488:6:HAL_FDCAN_MspInit	120	static
C:/Users/james/Documents/2.Robotics/rover-embedded-2025/Arm_Brushless_2026/Robotics_Test_2026/Src/stm32g4xx_hal_msp.c:549:6:HAL_FDCAN_MspDeInit	8	static
C:/Users/james/Documents/2.Robotics/rover-embedded-2025/Arm_Brushless_2026/Robotics_Test_2026/Src/stm32g4xx_hal_msp.c:583:6:HAL_OPAMP_MspInit	48	static
C:/Users/james/Documents/2.Robotics/rover-embedded-2025/Arm_Brushless_2026/Robotics_Test_2026/Src/stm32g4xx_hal_msp.c:658:6:HAL_OPAMP_MspDeInit	0	static
C:/Users/james/Documents/2.Robotics/rover-embedded-2025/Arm_Brushless_2026/Robotics_Test_2026/Src/stm32g4xx_hal_msp.c:720:6:HAL_TIM_PWM_MspInit	8	static
C:/Users/james/Documents/2.Robotics/rover-embedded-2025/Arm_Brushless_2026/Robotics_Test_2026/Src/stm32g4xx_hal_msp.c:743:6:HAL_TIM_Encoder_MspInit	40	static
C:/Users/james/Documents/2.Robotics/rover-embedded-2025/Arm_Brushless_2026/Robotics_Test_2026/Src/stm32g4xx_hal_msp.c:780:6:HAL_TIM_Base_MspInit	16	static
C:/Users/james/Documents/2.Robotics/rover-embedded-2025/Arm_Brushless_2026/Robotics_Test_2026/Src/stm32g4xx_hal_msp.c:800:6:HAL_TIM_MspPostInit	56	static
C:/Users/james/Documents/2.Robotics/rover-embedded-2025/Arm_Brushless_2026/Robotics_Test_2026/Src/stm32g4xx_hal_msp.c:853:6:HAL_TIM_PWM_MspDeInit	8	static
C:/Users/james/Documents/2.Robotics/rover-embedded-2025/Arm_Brushless_2026/Robotics_Test_2026/Src/stm32g4xx_hal_msp.c:879:6:HAL_TIM_Encoder_MspDeInit	8	static
C:/Users/james/Documents/2.Robotics/rover-embedded-2025/Arm_Brushless_2026/Robotics_Test_2026/Src/stm32g4xx_hal_msp.c:910:6:HAL_TIM_Base_MspDeInit	0	static
