C:/Users/rywan/STM32CubeIDE/workspace_1.16.0/rover-embedded-2025/Brushless-Motor-ESC/src/Test-V3/MCSDK_v6.3.0-Full/MotorControl/MCSDK/MCLib/Any/Src/r_divider_bus_voltage_sensor.c:72:13:RVBS_Clear	8	static
C:/Users/rywan/STM32CubeIDE/workspace_1.16.0/rover-embedded-2025/Brushless-Motor-ESC/src/Test-V3/MCSDK_v6.3.0-Full/MotorControl/MCSDK/MCLib/Any/Src/r_divider_bus_voltage_sensor.c:49:13:RVBS_Init	8	static
C:/Users/rywan/STM32CubeIDE/workspace_1.16.0/rover-embedded-2025/Brushless-Motor-ESC/src/Test-V3/MCSDK_v6.3.0-Full/MotorControl/MCSDK/MCLib/Any/Src/r_divider_bus_voltage_sensor.c:163:17:RVBS_CheckFaultState	4	static
C:/Users/rywan/STM32CubeIDE/workspace_1.16.0/rover-embedded-2025/Brushless-Motor-ESC/src/Test-V3/MCSDK_v6.3.0-Full/MotorControl/MCSDK/MCLib/Any/Src/r_divider_bus_voltage_sensor.c:104:17:RVBS_CalcAvVbus	16	static
