../Core/Src/main.c:93:6:HAL_CAN_RxFifo0MsgPendingCallback	16	static
../Core/Src/main.c:106:5:main	64	static
../Core/Src/main.c:233:6:SystemClock_Config	88	static
../Core/Src/main.c:280:13:MX_CAN2_Init	8	static
../Core/Src/main.c:320:13:MX_TIM1_Init	32	static
../Core/Src/main.c:366:13:MX_TIM2_Init	56	static
../Core/Src/main.c:415:13:MX_TIM5_Init	32	static
../Core/Src/main.c:460:13:MX_TIM8_Init	96	static
../Core/Src/main.c:535:13:MX_USART2_UART_Init	8	static
../Core/Src/main.c:568:13:MX_GPIO_Init	48	static
../Core/Src/main.c:621:1:__io_putchar	16	static
../Core/Src/main.c:630:6:HAL_GPIO_EXTI_Callback	16	static
../Core/Src/main.c:657:6:Error_Handler	4	static,ignoring_inline_asm
