../Application/User/CAN_processing.c:94:9:get_CAN_transmitter	0	static
../Application/User/CAN_processing.c:97:9:get_CAN_action	0	static
../Application/User/CAN_processing.c:100:9:get_CAN_motor_mov_type	0	static
../Application/User/CAN_processing.c:103:9:get_CAN_motor_type	0	static
../Application/User/CAN_processing.c:106:9:get_CAN_SPEC	0	static
../Application/User/CAN_processing.c:109:5:get_CAN_device_ID	0	static
../Application/User/CAN_processing.c:604:6:ControlSingleMotorPositionFollower	16	static
../Application/User/CAN_processing.c:478:6:CalibrateSingleMotor	64	static
../Application/User/CAN_processing.c:639:6:runSingleMotorPosition	24	static
../Application/User/CAN_processing.c:570:6:ControlSingleMotorPosition	16	static
../Application/User/CAN_processing.c:663:6:runSingleMotorPositionIncrement	16	static
../Application/User/CAN_processing.c:533:6:ControlSingleMotorPositionIncrement	16	static
../Application/User/CAN_processing.c:688:6:runSingleMotorPositionFollower	16	static
../Application/User/CAN_processing.c:713:6:lowerLimitSwitchHit	8	static
../Application/User/CAN_processing.c:728:6:upperLimitSwitchHit	8	static
../Application/User/CAN_processing.c:746:7:computeTrajectoryTime	0	static
../Application/User/CAN_processing.c:792:6:waitForStop	8	static
../Application/User/CAN_processing.c:813:6:waitForRun	8	static
../Application/User/CAN_processing.c:830:7:degreesToRad	8	static
../Application/User/CAN_processing.c:834:7:radToDegrees	8	static
../Application/User/CAN_processing.c:838:7:dpp_to_mech_deg	0	static
../Application/User/CAN_processing.c:844:7:inputShaftDegreetoOutput	0	static
../Application/User/CAN_processing.c:861:7:OutputShaftDegreetoInput	0	static
../Application/User/CAN_processing.c:878:6:isValidPos	0	static
../Application/User/CAN_processing.c:904:7:getCurrentPosition	8	static
../Application/User/CAN_processing.c:913:7:half_to_float	0	static
../Application/User/CAN_processing.c:360:6:Process_Multiple_ESC_Command	24	static
../Application/User/CAN_processing.c:948:7:extract_multiple_positions_arm	0	static
../Application/User/CAN_processing.c:1047:6:runSingleMotorV2	32	static
../Application/User/CAN_processing.c:1090:6:IdleSingleMotor	24	static
../Application/User/CAN_processing.c:1216:7:speedCheck	16	static
../Application/User/CAN_processing.c:1239:7:clippingCheck	16	static
../Application/User/CAN_processing.c:1264:6:safeStopMotor	56	static
../Application/User/CAN_processing.c:1162:6:StartSingleMotor	16	static
../Application/User/CAN_processing.c:982:6:ControlSingleMotor	16	static
../Application/User/CAN_processing.c:1405:6:checkReversing	16	static
../Application/User/CAN_processing.c:1426:10:computeRampTimeMs	0	static
../Application/User/CAN_processing.c:1458:6:sendCANResponse	72	static
../Application/User/CAN_processing.c:186:6:Process_Single_ESC_Command	16	static
../Application/User/CAN_processing.c:116:6:CAN_Parse_MSG	32	static
../Application/User/CAN_processing.c:1511:7:SingleExtractFloatFromCAN	0	static
../Application/User/CAN_processing.c:1526:9:extract_multiple_speeds	0	static
../Application/User/CAN_processing.c:1537:7:Read_Temperature_Celsius	16	static
