../Core/Src/main.cpp:86:5:int main()	8	static
../Core/Src/main.cpp:141:6:void SystemClock_Config()	88	static
../Core/Src/main.cpp:187:13:void MX_ADC1_Init()	24	static
../Core/Src/main.cpp:238:13:void MX_CRC_Init()	8	static
../Core/Src/main.cpp:263:13:void MX_DAC_Init()	16	static
../Core/Src/main.cpp:309:13:void MX_SPI2_Init()	8	static
../Core/Src/main.cpp:346:13:void MX_TIM1_Init()	56	static
../Core/Src/main.cpp:395:13:void MX_TIM2_Init()	48	static
../Core/Src/main.cpp:451:13:void MX_TIM4_Init()	56	static
../Core/Src/main.cpp:499:13:void MX_USART2_UART_Init()	8	static
../Core/Src/main.cpp:531:13:void MX_GPIO_Init()	48	static
../Core/Src/main.cpp:600:6:void Error_Handler()	4	static,ignoring_inline_asm
