../Core/Src/main.c:78:5:main	8	static
../Core/Src/main.c:134:6:SystemClock_Config	88	static
../Core/Src/main.c:176:13:MX_TIM2_Init	56	static
../Core/Src/main.c:225:13:MX_TIM5_Init	32	static
../Core/Src/main.c:270:13:MX_TIM8_Init	96	static
../Core/Src/main.c:345:13:MX_USART2_UART_Init	8	static
../Core/Src/main.c:378:13:MX_GPIO_Init	40	static
../Core/Src/main.c:419:1:__io_putchar	16	static
../Core/Src/main.c:428:6:HAL_GPIO_EXTI_Callback	16	static
../Core/Src/main.c:444:6:Error_Handler	4	static,ignoring_inline_asm
