../Core/Src/main.c:86:5:main	48	static
../Core/Src/main.c:179:6:SystemClock_Config	88	static
../Core/Src/main.c:226:13:MX_CAN2_Init	8	static
../Core/Src/main.c:266:13:MX_TIM2_Init	56	static
../Core/Src/main.c:315:13:MX_TIM5_Init	32	static
../Core/Src/main.c:360:13:MX_TIM8_Init	96	static
../Core/Src/main.c:435:13:MX_USART2_UART_Init	8	static
../Core/Src/main.c:468:13:MX_GPIO_Init	48	static
../Core/Src/main.c:517:6:HAL_CAN_RxFifo0MsgPendingCallback	16	static
../Core/Src/main.c:530:1:__io_putchar	16	static
../Core/Src/main.c:539:6:HAL_GPIO_EXTI_Callback	24	static
../Core/Src/main.c:556:6:Error_Handler	4	static,ignoring_inline_asm
