C:/Users/james/Documents/2.Robotics/rover-embedded-2025/Arm_Brushless_2026/Robotics_Elbow_2026/Src/main.c:237:6:SystemClock_Config	3
C:/Users/james/Documents/2.Robotics/rover-embedded-2025/Arm_Brushless_2026/Robotics_Elbow_2026/Src/main.c:114:5:main	45
C:/Users/james/Documents/2.Robotics/rover-embedded-2025/Arm_Brushless_2026/Robotics_Elbow_2026/Src/main.c:1060:6:HAL_FDCAN_RxFifo0Callback	3
C:/Users/james/Documents/2.Robotics/rover-embedded-2025/Arm_Brushless_2026/Robotics_Elbow_2026/Src/main.c:1073:6:HAL_TIM_PeriodElapsedCallback	3
C:/Users/james/Documents/2.Robotics/rover-embedded-2025/Arm_Brushless_2026/Robotics_Elbow_2026/Src/main.c:1089:6:Error_Handler	1
