C:/Users/james/Documents/2.Robotics/rover-embedded-2025/Arm_Brushless_2026/Robotics_Elbow_2026/Src/main.c:235:6:SystemClock_Config	3
C:/Users/james/Documents/2.Robotics/rover-embedded-2025/Arm_Brushless_2026/Robotics_Elbow_2026/Src/main.c:119:5:main	44
C:/Users/james/Documents/2.Robotics/rover-embedded-2025/Arm_Brushless_2026/Robotics_Elbow_2026/Src/main.c:1058:6:HAL_FDCAN_RxFifo0Callback	3
C:/Users/james/Documents/2.Robotics/rover-embedded-2025/Arm_Brushless_2026/Robotics_Elbow_2026/Src/main.c:1071:6:HAL_TIM_PeriodElapsedCallback	3
C:/Users/james/Documents/2.Robotics/rover-embedded-2025/Arm_Brushless_2026/Robotics_Elbow_2026/Src/main.c:1096:7:Read_Encoder_Position_Rad	1
C:/Users/james/Documents/2.Robotics/rover-embedded-2025/Arm_Brushless_2026/Robotics_Elbow_2026/Src/main.c:1103:7:degreesToRad	1
C:/Users/james/Documents/2.Robotics/rover-embedded-2025/Arm_Brushless_2026/Robotics_Elbow_2026/Src/main.c:1107:7:radToDegrees	1
C:/Users/james/Documents/2.Robotics/rover-embedded-2025/Arm_Brushless_2026/Robotics_Elbow_2026/Src/main.c:1121:6:Error_Handler	1
