C:/Users/james/Documents/2.Robotics/rover-embedded-2025/Arm_Brushless_2026/Robotics_Elbow_2026/Src/main.c:241:6:SystemClock_Config	88	static,ignoring_inline_asm
C:/Users/james/Documents/2.Robotics/rover-embedded-2025/Arm_Brushless_2026/Robotics_Elbow_2026/Src/main.c:122:5:main	168	static,ignoring_inline_asm
C:/Users/james/Documents/2.Robotics/rover-embedded-2025/Arm_Brushless_2026/Robotics_Elbow_2026/Src/main.c:1065:6:HAL_FDCAN_RxFifo0Callback	8	static
C:/Users/james/Documents/2.Robotics/rover-embedded-2025/Arm_Brushless_2026/Robotics_Elbow_2026/Src/main.c:1078:6:HAL_TIM_PeriodElapsedCallback	8	static
C:/Users/james/Documents/2.Robotics/rover-embedded-2025/Arm_Brushless_2026/Robotics_Elbow_2026/Src/main.c:1107:7:Read_Encoder_Position_Rad	8	static
C:/Users/james/Documents/2.Robotics/rover-embedded-2025/Arm_Brushless_2026/Robotics_Elbow_2026/Src/main.c:1114:7:degreesToRad	8	static
C:/Users/james/Documents/2.Robotics/rover-embedded-2025/Arm_Brushless_2026/Robotics_Elbow_2026/Src/main.c:1118:7:radToDegrees	8	static
C:/Users/james/Documents/2.Robotics/rover-embedded-2025/Arm_Brushless_2026/Robotics_Elbow_2026/Src/main.c:1132:6:Error_Handler	0	static,ignoring_inline_asm
