C:/School Files/McGill/Robotics/rover-elect-2025/rover-embedded-2025/Brushless-Motor-ESC/RoverArm2025/ARM2025Elbow/Src/main.c:124:6:HAL_FDCAN_RxFifo0Callback	3
C:/School Files/McGill/Robotics/rover-elect-2025/rover-embedded-2025/Brushless-Motor-ESC/RoverArm2025/ARM2025Elbow/Src/main.c:193:6:HAL_GPIO_EXTI_Callback	5
C:/School Files/McGill/Robotics/rover-elect-2025/rover-embedded-2025/Brushless-Motor-ESC/RoverArm2025/ARM2025Elbow/Src/main.c:355:6:SystemClock_Config	3
C:/School Files/McGill/Robotics/rover-elect-2025/rover-embedded-2025/Brushless-Motor-ESC/RoverArm2025/ARM2025Elbow/Src/main.c:231:5:main	37
C:/School Files/McGill/Robotics/rover-elect-2025/rover-embedded-2025/Brushless-Motor-ESC/RoverArm2025/ARM2025Elbow/Src/main.c:1151:6:Error_Handler	1
