C:/Users/wei-K/OneDrive - McGill University/Robotics/rover-embedded-2025/ROSJam2/src/rosjam.c:21:8:string_to_float	16	static
C:/Users/wei-K/OneDrive - McGill University/Robotics/rover-embedded-2025/ROSJam2/src/rosjam.c:25:5:float_to_string	48	static
C:/Users/wei-K/OneDrive - McGill University/Robotics/rover-embedded-2025/ROSJam2/src/rosjam.c:34:5:int_to_string	32	static
C:/Users/wei-K/OneDrive - McGill University/Robotics/rover-embedded-2025/ROSJam2/src/rosjam.c:43:6:setup_simple	16	static
C:/Users/wei-K/OneDrive - McGill University/Robotics/rover-embedded-2025/ROSJam2/src/rosjam.c:51:6:print_to_usb	16	static
C:/Users/wei-K/OneDrive - McGill University/Robotics/rover-embedded-2025/ROSJam2/src/rosjam.c:55:6:send_msg_raw	16	static
C:/Users/wei-K/OneDrive - McGill University/Robotics/rover-embedded-2025/ROSJam2/src/rosjam.c:62:5:has_data	16	static
C:/Users/wei-K/OneDrive - McGill University/Robotics/rover-embedded-2025/ROSJam2/src/rosjam.c:70:6:read_char	16	static
C:/Users/wei-K/OneDrive - McGill University/Robotics/rover-embedded-2025/ROSJam2/src/rosjam.c:78:6:process_simple	8	static
C:/Users/wei-K/OneDrive - McGill University/Robotics/rover-embedded-2025/ROSJam2/src/rosjam.c:83:6:setup	16	static
C:/Users/wei-K/OneDrive - McGill University/Robotics/rover-embedded-2025/ROSJam2/src/rosjam.c:98:5:add_interface	16	static
C:/Users/wei-K/OneDrive - McGill University/Robotics/rover-embedded-2025/ROSJam2/src/rosjam.c:126:6:send_msg	2096	static
C:/Users/wei-K/OneDrive - McGill University/Robotics/rover-embedded-2025/ROSJam2/src/rosjam.c:145:6:send_next_messages	56	static
C:/Users/wei-K/OneDrive - McGill University/Robotics/rover-embedded-2025/ROSJam2/src/rosjam.c:260:13:receivedFromUSB	16	static
C:/Users/wei-K/OneDrive - McGill University/Robotics/rover-embedded-2025/ROSJam2/src/rosjam.c:267:6:check_rx	4152	static
C:/Users/wei-K/OneDrive - McGill University/Robotics/rover-embedded-2025/ROSJam2/src/rosjam.c:356:6:process	8	static
