13:08:53 **** Build of configuration Debug for project Rover-Arm-Board-2025 ****
make -j8 all 
arm-none-eabi-gcc "../Core/Src/amt222c.c" -mcpu=cortex-m4 -std=gnu11 -g3 -DDEBUG -DUSE_HAL_DRIVER -DSTM32F446xx -c -I../USB_DEVICE/App -I../USB_DEVICE/Target -I../Core/Inc -I../Drivers/STM32F4xx_HAL_Driver/Inc -I../Drivers/STM32F4xx_HAL_Driver/Inc/Legacy -I../Middlewares/ST/STM32_USB_Device_Library/Core/Inc -I../Middlewares/ST/STM32_USB_Device_Library/Class/CDC/Inc -I../Drivers/CMSIS/Device/ST/STM32F4xx/Include -I../Drivers/CMSIS/Include -O0 -ffunction-sections -fdata-sections -Wall -fstack-usage -fcyclomatic-complexity -MMD -MP -MF"Core/Src/amt222c.d" -MT"Core/Src/amt222c.o" --specs=nano.specs -mfpu=fpv4-sp-d16 -mfloat-abi=hard -mthumb -o "Core/Src/amt222c.o"
arm-none-eabi-gcc "../Core/Src/encoder_conf.c" -mcpu=cortex-m4 -std=gnu11 -g3 -DDEBUG -DUSE_HAL_DRIVER -DSTM32F446xx -c -I../USB_DEVICE/App -I../USB_DEVICE/Target -I../Core/Inc -I../Drivers/STM32F4xx_HAL_Driver/Inc -I../Drivers/STM32F4xx_HAL_Driver/Inc/Legacy -I../Middlewares/ST/STM32_USB_Device_Library/Core/Inc -I../Middlewares/ST/STM32_USB_Device_Library/Class/CDC/Inc -I../Drivers/CMSIS/Device/ST/STM32F4xx/Include -I../Drivers/CMSIS/Include -O0 -ffunction-sections -fdata-sections -Wall -fstack-usage -fcyclomatic-complexity -MMD -MP -MF"Core/Src/encoder_conf.d" -MT"Core/Src/encoder_conf.o" --specs=nano.specs -mfpu=fpv4-sp-d16 -mfloat-abi=hard -mthumb -o "Core/Src/encoder_conf.o"
arm-none-eabi-gcc "../Core/Src/main.c" -mcpu=cortex-m4 -std=gnu11 -g3 -DDEBUG -DUSE_HAL_DRIVER -DSTM32F446xx -c -I../USB_DEVICE/App -I../USB_DEVICE/Target -I../Core/Inc -I../Drivers/STM32F4xx_HAL_Driver/Inc -I../Drivers/STM32F4xx_HAL_Driver/Inc/Legacy -I../Middlewares/ST/STM32_USB_Device_Library/Core/Inc -I../Middlewares/ST/STM32_USB_Device_Library/Class/CDC/Inc -I../Drivers/CMSIS/Device/ST/STM32F4xx/Include -I../Drivers/CMSIS/Include -O0 -ffunction-sections -fdata-sections -Wall -fstack-usage -fcyclomatic-complexity -MMD -MP -MF"Core/Src/main.d" -MT"Core/Src/main.o" --specs=nano.specs -mfpu=fpv4-sp-d16 -mfloat-abi=hard -mthumb -o "Core/Src/main.o"
arm-none-eabi-gcc "../Core/Src/stm32f4xx_hal_msp.c" -mcpu=cortex-m4 -std=gnu11 -g3 -DDEBUG -DUSE_HAL_DRIVER -DSTM32F446xx -c -I../USB_DEVICE/App -I../USB_DEVICE/Target -I../Core/Inc -I../Drivers/STM32F4xx_HAL_Driver/Inc -I../Drivers/STM32F4xx_HAL_Driver/Inc/Legacy -I../Middlewares/ST/STM32_USB_Device_Library/Core/Inc -I../Middlewares/ST/STM32_USB_Device_Library/Class/CDC/Inc -I../Drivers/CMSIS/Device/ST/STM32F4xx/Include -I../Drivers/CMSIS/Include -O0 -ffunction-sections -fdata-sections -Wall -fstack-usage -fcyclomatic-complexity -MMD -MP -MF"Core/Src/stm32f4xx_hal_msp.d" -MT"Core/Src/stm32f4xx_hal_msp.o" --specs=nano.specs -mfpu=fpv4-sp-d16 -mfloat-abi=hard -mthumb -o "Core/Src/stm32f4xx_hal_msp.o"
arm-none-eabi-gcc "../Core/Src/stm32f4xx_it.c" -mcpu=cortex-m4 -std=gnu11 -g3 -DDEBUG -DUSE_HAL_DRIVER -DSTM32F446xx -c -I../USB_DEVICE/App -I../USB_DEVICE/Target -I../Core/Inc -I../Drivers/STM32F4xx_HAL_Driver/Inc -I../Drivers/STM32F4xx_HAL_Driver/Inc/Legacy -I../Middlewares/ST/STM32_USB_Device_Library/Core/Inc -I../Middlewares/ST/STM32_USB_Device_Library/Class/CDC/Inc -I../Drivers/CMSIS/Device/ST/STM32F4xx/Include -I../Drivers/CMSIS/Include -O0 -ffunction-sections -fdata-sections -Wall -fstack-usage -fcyclomatic-complexity -MMD -MP -MF"Core/Src/stm32f4xx_it.d" -MT"Core/Src/stm32f4xx_it.o" --specs=nano.specs -mfpu=fpv4-sp-d16 -mfloat-abi=hard -mthumb -o "Core/Src/stm32f4xx_it.o"
arm-none-eabi-gcc "../Core/Src/stspin948.c" -mcpu=cortex-m4 -std=gnu11 -g3 -DDEBUG -DUSE_HAL_DRIVER -DSTM32F446xx -c -I../USB_DEVICE/App -I../USB_DEVICE/Target -I../Core/Inc -I../Drivers/STM32F4xx_HAL_Driver/Inc -I../Drivers/STM32F4xx_HAL_Driver/Inc/Legacy -I../Middlewares/ST/STM32_USB_Device_Library/Core/Inc -I../Middlewares/ST/STM32_USB_Device_Library/Class/CDC/Inc -I../Drivers/CMSIS/Device/ST/STM32F4xx/Include -I../Drivers/CMSIS/Include -O0 -ffunction-sections -fdata-sections -Wall -fstack-usage -fcyclomatic-complexity -MMD -MP -MF"Core/Src/stspin948.d" -MT"Core/Src/stspin948.o" --specs=nano.specs -mfpu=fpv4-sp-d16 -mfloat-abi=hard -mthumb -o "Core/Src/stspin948.o"
arm-none-eabi-gcc "../Core/Src/syscalls.c" -mcpu=cortex-m4 -std=gnu11 -g3 -DDEBUG -DUSE_HAL_DRIVER -DSTM32F446xx -c -I../USB_DEVICE/App -I../USB_DEVICE/Target -I../Core/Inc -I../Drivers/STM32F4xx_HAL_Driver/Inc -I../Drivers/STM32F4xx_HAL_Driver/Inc/Legacy -I../Middlewares/ST/STM32_USB_Device_Library/Core/Inc -I../Middlewares/ST/STM32_USB_Device_Library/Class/CDC/Inc -I../Drivers/CMSIS/Device/ST/STM32F4xx/Include -I../Drivers/CMSIS/Include -O0 -ffunction-sections -fdata-sections -Wall -fstack-usage -fcyclomatic-complexity -MMD -MP -MF"Core/Src/syscalls.d" -MT"Core/Src/syscalls.o" --specs=nano.specs -mfpu=fpv4-sp-d16 -mfloat-abi=hard -mthumb -o "Core/Src/syscalls.o"
arm-none-eabi-gcc "../Core/Src/sysmem.c" -mcpu=cortex-m4 -std=gnu11 -g3 -DDEBUG -DUSE_HAL_DRIVER -DSTM32F446xx -c -I../USB_DEVICE/App -I../USB_DEVICE/Target -I../Core/Inc -I../Drivers/STM32F4xx_HAL_Driver/Inc -I../Drivers/STM32F4xx_HAL_Driver/Inc/Legacy -I../Middlewares/ST/STM32_USB_Device_Library/Core/Inc -I../Middlewares/ST/STM32_USB_Device_Library/Class/CDC/Inc -I../Drivers/CMSIS/Device/ST/STM32F4xx/Include -I../Drivers/CMSIS/Include -O0 -ffunction-sections -fdata-sections -Wall -fstack-usage -fcyclomatic-complexity -MMD -MP -MF"Core/Src/sysmem.d" -MT"Core/Src/sysmem.o" --specs=nano.specs -mfpu=fpv4-sp-d16 -mfloat-abi=hard -mthumb -o "Core/Src/sysmem.o"
arm-none-eabi-gcc "../Core/Src/system_stm32f4xx.c" -mcpu=cortex-m4 -std=gnu11 -g3 -DDEBUG -DUSE_HAL_DRIVER -DSTM32F446xx -c -I../USB_DEVICE/App -I../USB_DEVICE/Target -I../Core/Inc -I../Drivers/STM32F4xx_HAL_Driver/Inc -I../Drivers/STM32F4xx_HAL_Driver/Inc/Legacy -I../Middlewares/ST/STM32_USB_Device_Library/Core/Inc -I../Middlewares/ST/STM32_USB_Device_Library/Class/CDC/Inc -I../Drivers/CMSIS/Device/ST/STM32F4xx/Include -I../Drivers/CMSIS/Include -O0 -ffunction-sections -fdata-sections -Wall -fstack-usage -fcyclomatic-complexity -MMD -MP -MF"Core/Src/system_stm32f4xx.d" -MT"Core/Src/system_stm32f4xx.o" --specs=nano.specs -mfpu=fpv4-sp-d16 -mfloat-abi=hard -mthumb -o "Core/Src/system_stm32f4xx.o"
../Core/Src/amt222c.c: In function 'spi_transfer_byte':
../Core/Src/amt222c.c:16:27: warning: unused variable 'err' [-Wunused-variable]
   16 |         HAL_StatusTypeDef err = HAL_SPI_TransmitReceive(encoder->hspi, &tx, &rx, 1,
      |                           ^~~
arm-none-eabi-gcc -o "Rover-Arm-Board-2025.elf" @"objects.list"   -mcpu=cortex-m4 -T"C:\Users\vince\Documents\GitHub\rover-embedded-2025\Rover-Arm-Board-2025\STM32F446RETX_FLASH.ld" -Wl,-Map="Rover-Arm-Board-2025.map" -Wl,--gc-sections -static --specs=nano.specs -mfpu=fpv4-sp-d16 -mfloat-abi=hard -mthumb -Wl,--start-group -lc -lm -Wl,--end-group
Finished building target: Rover-Arm-Board-2025.elf
 
arm-none-eabi-size  Rover-Arm-Board-2025.elf 
arm-none-eabi-objdump -h -S Rover-Arm-Board-2025.elf  > "Rover-Arm-Board-2025.list"
   text	   data	    bss	    dec	    hex	filename
  47848	    292	   9332	  57472	   e080	Rover-Arm-Board-2025.elf
Finished building: default.size.stdout
 
Finished building: Rover-Arm-Board-2025.list
 
13:09:12 **** Incremental Build of configuration Debug for project Rover-Arm-Board-2025 ****
make -j8 all 
arm-none-eabi-size  Rover-Arm-Board-2025.elf 
   text	   data	    bss	    dec	    hex	filename
  47848	    292	   9332	  57472	   e080	Rover-Arm-Board-2025.elf
Finished building: default.size.stdout
 
13:44:37 **** Incremental Build of configuration Debug for project Rover-Arm-Board-2025 ****
make -j8 all 
arm-none-eabi-gcc "../Core/Src/main.c" -mcpu=cortex-m4 -std=gnu11 -g3 -DDEBUG -DUSE_HAL_DRIVER -DSTM32F446xx -c -I../USB_DEVICE/App -I../USB_DEVICE/Target -I../Core/Inc -I../Drivers/STM32F4xx_HAL_Driver/Inc -I../Drivers/STM32F4xx_HAL_Driver/Inc/Legacy -I../Middlewares/ST/STM32_USB_Device_Library/Core/Inc -I../Middlewares/ST/STM32_USB_Device_Library/Class/CDC/Inc -I../Drivers/CMSIS/Device/ST/STM32F4xx/Include -I../Drivers/CMSIS/Include -O0 -ffunction-sections -fdata-sections -Wall -fstack-usage -fcyclomatic-complexity -MMD -MP -MF"Core/Src/main.d" -MT"Core/Src/main.o" --specs=nano.specs -mfpu=fpv4-sp-d16 -mfloat-abi=hard -mthumb -o "Core/Src/main.o"
arm-none-eabi-gcc -o "Rover-Arm-Board-2025.elf" @"objects.list"   -mcpu=cortex-m4 -T"C:\Users\vince\Documents\GitHub\rover-embedded-2025\Rover-Arm-Board-2025\STM32F446RETX_FLASH.ld" -Wl,-Map="Rover-Arm-Board-2025.map" -Wl,--gc-sections -static --specs=nano.specs -mfpu=fpv4-sp-d16 -mfloat-abi=hard -mthumb -Wl,--start-group -lc -lm -Wl,--end-group
Finished building target: Rover-Arm-Board-2025.elf
 
arm-none-eabi-size  Rover-Arm-Board-2025.elf 
arm-none-eabi-objdump -h -S Rover-Arm-Board-2025.elf  > "Rover-Arm-Board-2025.list"
   text	   data	    bss	    dec	    hex	filename
  47872	    292	   9332	  57496	   e098	Rover-Arm-Board-2025.elf
Finished building: default.size.stdout
 
Finished building: Rover-Arm-Board-2025.list
 
13:47:17 **** Incremental Build of configuration Debug for project Rover-Arm-Board-2025 ****
make -j8 all 
arm-none-eabi-gcc "../Core/Src/main.c" -mcpu=cortex-m4 -std=gnu11 -g3 -DDEBUG -DUSE_HAL_DRIVER -DSTM32F446xx -c -I../USB_DEVICE/App -I../USB_DEVICE/Target -I../Core/Inc -I../Drivers/STM32F4xx_HAL_Driver/Inc -I../Drivers/STM32F4xx_HAL_Driver/Inc/Legacy -I../Middlewares/ST/STM32_USB_Device_Library/Core/Inc -I../Middlewares/ST/STM32_USB_Device_Library/Class/CDC/Inc -I../Drivers/CMSIS/Device/ST/STM32F4xx/Include -I../Drivers/CMSIS/Include -O0 -ffunction-sections -fdata-sections -Wall -fstack-usage -fcyclomatic-complexity -MMD -MP -MF"Core/Src/main.d" -MT"Core/Src/main.o" --specs=nano.specs -mfpu=fpv4-sp-d16 -mfloat-abi=hard -mthumb -o "Core/Src/main.o"
arm-none-eabi-gcc -o "Rover-Arm-Board-2025.elf" @"objects.list"   -mcpu=cortex-m4 -T"C:\Users\vince\Documents\GitHub\rover-embedded-2025\Rover-Arm-Board-2025\STM32F446RETX_FLASH.ld" -Wl,-Map="Rover-Arm-Board-2025.map" -Wl,--gc-sections -static --specs=nano.specs -mfpu=fpv4-sp-d16 -mfloat-abi=hard -mthumb -Wl,--start-group -lc -lm -Wl,--end-group
Finished building target: Rover-Arm-Board-2025.elf
 
arm-none-eabi-size  Rover-Arm-Board-2025.elf 
arm-none-eabi-objdump -h -S Rover-Arm-Board-2025.elf  > "Rover-Arm-Board-2025.list"
   text	   data	    bss	    dec	    hex	filename
  47888	    292	   9332	  57512	   e0a8	Rover-Arm-Board-2025.elf
Finished building: default.size.stdout
 
Finished building: Rover-Arm-Board-2025.list
 
13:58:19 **** Incremental Build of configuration Debug for project Rover-Arm-Board-2025 ****
make -j8 all 
arm-none-eabi-size  Rover-Arm-Board-2025.elf 
   text	   data	    bss	    dec	    hex	filename
  47888	    292	   9332	  57512	   e0a8	Rover-Arm-Board-2025.elf
Finished building: default.size.stdout
 
14:08:33 **** Incremental Build of configuration Debug for project Rover-Arm-Board-2025 ****
make -j8 all 
arm-none-eabi-size  Rover-Arm-Board-2025.elf 
   text	   data	    bss	    dec	    hex	filename
  47888	    292	   9332	  57512	   e0a8	Rover-Arm-Board-2025.elf
Finished building: default.size.stdout
 
14:21:07 **** Incremental Build of configuration Debug for project Rover-Arm-Board-2025 ****
make -j8 all 
arm-none-eabi-gcc "../Core/Src/amt222c.c" -mcpu=cortex-m4 -std=gnu11 -g3 -DDEBUG -DUSE_HAL_DRIVER -DSTM32F446xx -c -I../USB_DEVICE/App -I../USB_DEVICE/Target -I../Core/Inc -I../Drivers/STM32F4xx_HAL_Driver/Inc -I../Drivers/STM32F4xx_HAL_Driver/Inc/Legacy -I../Middlewares/ST/STM32_USB_Device_Library/Core/Inc -I../Middlewares/ST/STM32_USB_Device_Library/Class/CDC/Inc -I../Drivers/CMSIS/Device/ST/STM32F4xx/Include -I../Drivers/CMSIS/Include -O0 -ffunction-sections -fdata-sections -Wall -fstack-usage -fcyclomatic-complexity -MMD -MP -MF"Core/Src/amt222c.d" -MT"Core/Src/amt222c.o" --specs=nano.specs -mfpu=fpv4-sp-d16 -mfloat-abi=hard -mthumb -o "Core/Src/amt222c.o"
../Core/Src/amt222c.c: In function 'spi_transfer_byte':
../Core/Src/amt222c.c:16:27: warning: unused variable 'err' [-Wunused-variable]
   16 |         HAL_StatusTypeDef err = HAL_SPI_TransmitReceive(encoder->hspi, &tx, &rx, 1,
      |                           ^~~
arm-none-eabi-gcc -o "Rover-Arm-Board-2025.elf" @"objects.list"   -mcpu=cortex-m4 -T"C:\Users\vince\Documents\GitHub\rover-embedded-2025\Rover-Arm-Board-2025\STM32F446RETX_FLASH.ld" -Wl,-Map="Rover-Arm-Board-2025.map" -Wl,--gc-sections -static --specs=nano.specs -mfpu=fpv4-sp-d16 -mfloat-abi=hard -mthumb -Wl,--start-group -lc -lm -Wl,--end-group
Finished building target: Rover-Arm-Board-2025.elf
 
arm-none-eabi-size  Rover-Arm-Board-2025.elf 
arm-none-eabi-objdump -h -S Rover-Arm-Board-2025.elf  > "Rover-Arm-Board-2025.list"
   text	   data	    bss	    dec	    hex	filename
  47888	    292	   9332	  57512	   e0a8	Rover-Arm-Board-2025.elf
Finished building: default.size.stdout
 
Finished building: Rover-Arm-Board-2025.list
 
14:36:20 **** Incremental Build of configuration Debug for project Rover-Arm-Board-2025 ****
make -j8 all 
arm-none-eabi-size  Rover-Arm-Board-2025.elf 
   text	   data	    bss	    dec	    hex	filename
  47888	    292	   9332	  57512	   e0a8	Rover-Arm-Board-2025.elf
Finished building: default.size.stdout
 
15:08:10 **** Incremental Build of configuration Debug for project Rover-Arm-Board-2025 ****
make -j8 all 
arm-none-eabi-gcc "../Core/Src/amt222c.c" -mcpu=cortex-m4 -std=gnu11 -g3 -DDEBUG -DUSE_HAL_DRIVER -DSTM32F446xx -c -I../USB_DEVICE/App -I../USB_DEVICE/Target -I../Core/Inc -I../Drivers/STM32F4xx_HAL_Driver/Inc -I../Drivers/STM32F4xx_HAL_Driver/Inc/Legacy -I../Middlewares/ST/STM32_USB_Device_Library/Core/Inc -I../Middlewares/ST/STM32_USB_Device_Library/Class/CDC/Inc -I../Drivers/CMSIS/Device/ST/STM32F4xx/Include -I../Drivers/CMSIS/Include -O0 -ffunction-sections -fdata-sections -Wall -fstack-usage -fcyclomatic-complexity -MMD -MP -MF"Core/Src/amt222c.d" -MT"Core/Src/amt222c.o" --specs=nano.specs -mfpu=fpv4-sp-d16 -mfloat-abi=hard -mthumb -o "Core/Src/amt222c.o"
../Core/Src/amt222c.c: In function 'spi_transfer_byte':
../Core/Src/amt222c.c:16:27: warning: unused variable 'err' [-Wunused-variable]
   16 |         HAL_StatusTypeDef err = HAL_SPI_TransmitReceive(encoder->hspi, &tx, &rx, 1,
      |                           ^~~
arm-none-eabi-gcc -o "Rover-Arm-Board-2025.elf" @"objects.list"   -mcpu=cortex-m4 -T"C:\Users\vince\Documents\GitHub\rover-embedded-2025\Rover-Arm-Board-2025\STM32F446RETX_FLASH.ld" -Wl,-Map="Rover-Arm-Board-2025.map" -Wl,--gc-sections -static --specs=nano.specs -mfpu=fpv4-sp-d16 -mfloat-abi=hard -mthumb -Wl,--start-group -lc -lm -Wl,--end-group
Finished building target: Rover-Arm-Board-2025.elf
 
arm-none-eabi-size  Rover-Arm-Board-2025.elf 
arm-none-eabi-objdump -h -S Rover-Arm-Board-2025.elf  > "Rover-Arm-Board-2025.list"
   text	   data	    bss	    dec	    hex	filename
  47808	    292	   9332	  57432	   e058	Rover-Arm-Board-2025.elf
Finished building: default.size.stdout
 
Finished building: Rover-Arm-Board-2025.list
 
15:11:02 **** Incremental Build of configuration Debug for project Rover-Arm-Board-2025 ****
make -j8 all 
arm-none-eabi-gcc "../Core/Src/amt222c.c" -mcpu=cortex-m4 -std=gnu11 -g3 -DDEBUG -DUSE_HAL_DRIVER -DSTM32F446xx -c -I../USB_DEVICE/App -I../USB_DEVICE/Target -I../Core/Inc -I../Drivers/STM32F4xx_HAL_Driver/Inc -I../Drivers/STM32F4xx_HAL_Driver/Inc/Legacy -I../Middlewares/ST/STM32_USB_Device_Library/Core/Inc -I../Middlewares/ST/STM32_USB_Device_Library/Class/CDC/Inc -I../Drivers/CMSIS/Device/ST/STM32F4xx/Include -I../Drivers/CMSIS/Include -O0 -ffunction-sections -fdata-sections -Wall -fstack-usage -fcyclomatic-complexity -MMD -MP -MF"Core/Src/amt222c.d" -MT"Core/Src/amt222c.o" --specs=nano.specs -mfpu=fpv4-sp-d16 -mfloat-abi=hard -mthumb -o "Core/Src/amt222c.o"
../Core/Src/amt222c.c: In function 'spi_transfer_byte':
../Core/Src/amt222c.c:16:27: warning: unused variable 'err' [-Wunused-variable]
   16 |         HAL_StatusTypeDef err = HAL_SPI_TransmitReceive(encoder->hspi, &tx, &rx, 1,
      |                           ^~~
../Core/Src/amt222c.c: At top level:
../Core/Src/amt222c.c:24:16: warning: 'AMT222C_CalculateCheck' defined but not used [-Wunused-function]
   24 | static uint8_t AMT222C_CalculateCheck(uint16_t value) {
      |                ^~~~~~~~~~~~~~~~~~~~~~
arm-none-eabi-gcc -o "Rover-Arm-Board-2025.elf" @"objects.list"   -mcpu=cortex-m4 -T"C:\Users\vince\Documents\GitHub\rover-embedded-2025\Rover-Arm-Board-2025\STM32F446RETX_FLASH.ld" -Wl,-Map="Rover-Arm-Board-2025.map" -Wl,--gc-sections -static --specs=nano.specs -mfpu=fpv4-sp-d16 -mfloat-abi=hard -mthumb -Wl,--start-group -lc -lm -Wl,--end-group
Finished building target: Rover-Arm-Board-2025.elf
 
arm-none-eabi-size  Rover-Arm-Board-2025.elf 
arm-none-eabi-objdump -h -S Rover-Arm-Board-2025.elf  > "Rover-Arm-Board-2025.list"
   text	   data	    bss	    dec	    hex	filename
  47592	    292	   9332	  57216	   df80	Rover-Arm-Board-2025.elf
Finished building: default.size.stdout
 
Finished building: Rover-Arm-Board-2025.list
 
15:14:47 **** Incremental Build of configuration Debug for project Rover-Arm-Board-2025 ****
make -j8 all 
arm-none-eabi-gcc "../Core/Src/amt222c.c" -mcpu=cortex-m4 -std=gnu11 -g3 -DDEBUG -DUSE_HAL_DRIVER -DSTM32F446xx -c -I../USB_DEVICE/App -I../USB_DEVICE/Target -I../Core/Inc -I../Drivers/STM32F4xx_HAL_Driver/Inc -I../Drivers/STM32F4xx_HAL_Driver/Inc/Legacy -I../Middlewares/ST/STM32_USB_Device_Library/Core/Inc -I../Middlewares/ST/STM32_USB_Device_Library/Class/CDC/Inc -I../Drivers/CMSIS/Device/ST/STM32F4xx/Include -I../Drivers/CMSIS/Include -O0 -ffunction-sections -fdata-sections -Wall -fstack-usage -fcyclomatic-complexity -MMD -MP -MF"Core/Src/amt222c.d" -MT"Core/Src/amt222c.o" --specs=nano.specs -mfpu=fpv4-sp-d16 -mfloat-abi=hard -mthumb -o "Core/Src/amt222c.o"
../Core/Src/amt222c.c: In function 'spi_transfer_byte':
../Core/Src/amt222c.c:16:27: warning: unused variable 'err' [-Wunused-variable]
   16 |         HAL_StatusTypeDef err = HAL_SPI_TransmitReceive(encoder->hspi, &tx, &rx, 1,
      |                           ^~~
../Core/Src/amt222c.c: At top level:
../Core/Src/amt222c.c:24:16: warning: 'AMT222C_CalculateCheck' defined but not used [-Wunused-function]
   24 | static uint8_t AMT222C_CalculateCheck(uint16_t value) {
      |                ^~~~~~~~~~~~~~~~~~~~~~
arm-none-eabi-gcc -o "Rover-Arm-Board-2025.elf" @"objects.list"   -mcpu=cortex-m4 -T"C:\Users\vince\Documents\GitHub\rover-embedded-2025\Rover-Arm-Board-2025\STM32F446RETX_FLASH.ld" -Wl,-Map="Rover-Arm-Board-2025.map" -Wl,--gc-sections -static --specs=nano.specs -mfpu=fpv4-sp-d16 -mfloat-abi=hard -mthumb -Wl,--start-group -lc -lm -Wl,--end-group
Finished building target: Rover-Arm-Board-2025.elf
 
arm-none-eabi-size  Rover-Arm-Board-2025.elf 
arm-none-eabi-objdump -h -S Rover-Arm-Board-2025.elf  > "Rover-Arm-Board-2025.list"
   text	   data	    bss	    dec	    hex	filename
  47592	    292	   9332	  57216	   df80	Rover-Arm-Board-2025.elf
Finished building: default.size.stdout
 
Finished building: Rover-Arm-Board-2025.list
 
15:52:56 **** Incremental Build of configuration Debug for project Rover-Arm-Board-2025 ****
make -j8 all 
arm-none-eabi-gcc "../USB_DEVICE/App/brushed_comms.c" -mcpu=cortex-m4 -std=gnu11 -g3 -DDEBUG -DUSE_HAL_DRIVER -DSTM32F446xx -c -I../USB_DEVICE/App -I../USB_DEVICE/Target -I../Core/Inc -I../Drivers/STM32F4xx_HAL_Driver/Inc -I../Drivers/STM32F4xx_HAL_Driver/Inc/Legacy -I../Middlewares/ST/STM32_USB_Device_Library/Core/Inc -I../Middlewares/ST/STM32_USB_Device_Library/Class/CDC/Inc -I../Drivers/CMSIS/Device/ST/STM32F4xx/Include -I../Drivers/CMSIS/Include -O0 -ffunction-sections -fdata-sections -Wall -fstack-usage -fcyclomatic-complexity -MMD -MP -MF"USB_DEVICE/App/brushed_comms.d" -MT"USB_DEVICE/App/brushed_comms.o" --specs=nano.specs -mfpu=fpv4-sp-d16 -mfloat-abi=hard -mthumb -o "USB_DEVICE/App/brushed_comms.o"
arm-none-eabi-gcc "../USB_DEVICE/App/usbd_cdc_if.c" -mcpu=cortex-m4 -std=gnu11 -g3 -DDEBUG -DUSE_HAL_DRIVER -DSTM32F446xx -c -I../USB_DEVICE/App -I../USB_DEVICE/Target -I../Core/Inc -I../Drivers/STM32F4xx_HAL_Driver/Inc -I../Drivers/STM32F4xx_HAL_Driver/Inc/Legacy -I../Middlewares/ST/STM32_USB_Device_Library/Core/Inc -I../Middlewares/ST/STM32_USB_Device_Library/Class/CDC/Inc -I../Drivers/CMSIS/Device/ST/STM32F4xx/Include -I../Drivers/CMSIS/Include -O0 -ffunction-sections -fdata-sections -Wall -fstack-usage -fcyclomatic-complexity -MMD -MP -MF"USB_DEVICE/App/usbd_cdc_if.d" -MT"USB_DEVICE/App/usbd_cdc_if.o" --specs=nano.specs -mfpu=fpv4-sp-d16 -mfloat-abi=hard -mthumb -o "USB_DEVICE/App/usbd_cdc_if.o"
arm-none-eabi-gcc "../Core/Src/main.c" -mcpu=cortex-m4 -std=gnu11 -g3 -DDEBUG -DUSE_HAL_DRIVER -DSTM32F446xx -c -I../USB_DEVICE/App -I../USB_DEVICE/Target -I../Core/Inc -I../Drivers/STM32F4xx_HAL_Driver/Inc -I../Drivers/STM32F4xx_HAL_Driver/Inc/Legacy -I../Middlewares/ST/STM32_USB_Device_Library/Core/Inc -I../Middlewares/ST/STM32_USB_Device_Library/Class/CDC/Inc -I../Drivers/CMSIS/Device/ST/STM32F4xx/Include -I../Drivers/CMSIS/Include -O0 -ffunction-sections -fdata-sections -Wall -fstack-usage -fcyclomatic-complexity -MMD -MP -MF"Core/Src/main.d" -MT"Core/Src/main.o" --specs=nano.specs -mfpu=fpv4-sp-d16 -mfloat-abi=hard -mthumb -o "Core/Src/main.o"
../Core/Src/main.c: In function 'main':
../Core/Src/main.c:164:63: error: 'pos' undeclared (first use in this function); did you mean 'pow'?
  164 |                 bFeedback.motor_position[0] = (uint16_t) fabs(pos);
      |                                                               ^~~
      |                                                               pow
../Core/Src/main.c:164:63: note: each undeclared identifier is reported only once for each function it appears in
make: *** [Core/Src/subdir.mk:43: Core/Src/main.o] Error 1
make: *** Waiting for unfinished jobs....
"make -j8 all" terminated with exit code 2. Build might be incomplete.
15:53:21 **** Incremental Build of configuration Debug for project Rover-Arm-Board-2025 ****
make -j8 all 
arm-none-eabi-gcc "../Core/Src/main.c" -mcpu=cortex-m4 -std=gnu11 -g3 -DDEBUG -DUSE_HAL_DRIVER -DSTM32F446xx -c -I../USB_DEVICE/App -I../USB_DEVICE/Target -I../Core/Inc -I../Drivers/STM32F4xx_HAL_Driver/Inc -I../Drivers/STM32F4xx_HAL_Driver/Inc/Legacy -I../Middlewares/ST/STM32_USB_Device_Library/Core/Inc -I../Middlewares/ST/STM32_USB_Device_Library/Class/CDC/Inc -I../Drivers/CMSIS/Device/ST/STM32F4xx/Include -I../Drivers/CMSIS/Include -O0 -ffunction-sections -fdata-sections -Wall -fstack-usage -fcyclomatic-complexity -MMD -MP -MF"Core/Src/main.d" -MT"Core/Src/main.o" --specs=nano.specs -mfpu=fpv4-sp-d16 -mfloat-abi=hard -mthumb -o "Core/Src/main.o"
arm-none-eabi-gcc -o "Rover-Arm-Board-2025.elf" @"objects.list"   -mcpu=cortex-m4 -T"C:\Users\vince\Documents\GitHub\rover-embedded-2025\Rover-Arm-Board-2025\STM32F446RETX_FLASH.ld" -Wl,-Map="Rover-Arm-Board-2025.map" -Wl,--gc-sections -static --specs=nano.specs -mfpu=fpv4-sp-d16 -mfloat-abi=hard -mthumb -Wl,--start-group -lc -lm -Wl,--end-group
Finished building target: Rover-Arm-Board-2025.elf
 
arm-none-eabi-size  Rover-Arm-Board-2025.elf 
arm-none-eabi-objdump -h -S Rover-Arm-Board-2025.elf  > "Rover-Arm-Board-2025.list"
   text	   data	    bss	    dec	    hex	filename
  47600	    292	   9332	  57224	   df88	Rover-Arm-Board-2025.elf
Finished building: default.size.stdout
 
Finished building: Rover-Arm-Board-2025.list
 
15:53:48 **** Incremental Build of configuration Debug for project Rover-Arm-Board-2025 ****
make -j8 all 
arm-none-eabi-size  Rover-Arm-Board-2025.elf 
   text	   data	    bss	    dec	    hex	filename
  47600	    292	   9332	  57224	   df88	Rover-Arm-Board-2025.elf
Finished building: default.size.stdout
 
15:57:56 **** Incremental Build of configuration Debug for project Rover-Arm-Board-2025 ****
make -j8 all 
arm-none-eabi-size  Rover-Arm-Board-2025.elf 
   text	   data	    bss	    dec	    hex	filename
  47600	    292	   9332	  57224	   df88	Rover-Arm-Board-2025.elf
Finished building: default.size.stdout
 
15:59:13 **** Incremental Build of configuration Debug for project Rover-Arm-Board-2025 ****
make -j8 all 
arm-none-eabi-gcc "../Core/Src/amt222c.c" -mcpu=cortex-m4 -std=gnu11 -g3 -DDEBUG -DUSE_HAL_DRIVER -DSTM32F446xx -c -I../USB_DEVICE/App -I../USB_DEVICE/Target -I../Core/Inc -I../Drivers/STM32F4xx_HAL_Driver/Inc -I../Drivers/STM32F4xx_HAL_Driver/Inc/Legacy -I../Middlewares/ST/STM32_USB_Device_Library/Core/Inc -I../Middlewares/ST/STM32_USB_Device_Library/Class/CDC/Inc -I../Drivers/CMSIS/Device/ST/STM32F4xx/Include -I../Drivers/CMSIS/Include -O0 -ffunction-sections -fdata-sections -Wall -fstack-usage -fcyclomatic-complexity -MMD -MP -MF"Core/Src/amt222c.d" -MT"Core/Src/amt222c.o" --specs=nano.specs -mfpu=fpv4-sp-d16 -mfloat-abi=hard -mthumb -o "Core/Src/amt222c.o"
../Core/Src/amt222c.c: In function 'spi_transfer_byte':
../Core/Src/amt222c.c:16:27: warning: unused variable 'err' [-Wunused-variable]
   16 |         HAL_StatusTypeDef err = HAL_SPI_TransmitReceive(encoder->hspi, &tx, &rx, 1,
      |                           ^~~
../Core/Src/amt222c.c: At top level:
../Core/Src/amt222c.c:24:16: warning: 'AMT222C_CalculateCheck' defined but not used [-Wunused-function]
   24 | static uint8_t AMT222C_CalculateCheck(uint16_t value) {
      |                ^~~~~~~~~~~~~~~~~~~~~~
arm-none-eabi-gcc -o "Rover-Arm-Board-2025.elf" @"objects.list"   -mcpu=cortex-m4 -T"C:\Users\vince\Documents\GitHub\rover-embedded-2025\Rover-Arm-Board-2025\STM32F446RETX_FLASH.ld" -Wl,-Map="Rover-Arm-Board-2025.map" -Wl,--gc-sections -static --specs=nano.specs -mfpu=fpv4-sp-d16 -mfloat-abi=hard -mthumb -Wl,--start-group -lc -lm -Wl,--end-group
Finished building target: Rover-Arm-Board-2025.elf
 
arm-none-eabi-size  Rover-Arm-Board-2025.elf 
arm-none-eabi-objdump -h -S Rover-Arm-Board-2025.elf  > "Rover-Arm-Board-2025.list"
   text	   data	    bss	    dec	    hex	filename
  47600	    292	   9332	  57224	   df88	Rover-Arm-Board-2025.elf
Finished building: default.size.stdout
 
Finished building: Rover-Arm-Board-2025.list
 
16:04:40 **** Incremental Build of configuration Debug for project Rover-Arm-Board-2025 ****
make -j8 all 
arm-none-eabi-gcc "../Core/Src/amt222c.c" -mcpu=cortex-m4 -std=gnu11 -g3 -DDEBUG -DUSE_HAL_DRIVER -DSTM32F446xx -c -I../USB_DEVICE/App -I../USB_DEVICE/Target -I../Core/Inc -I../Drivers/STM32F4xx_HAL_Driver/Inc -I../Drivers/STM32F4xx_HAL_Driver/Inc/Legacy -I../Middlewares/ST/STM32_USB_Device_Library/Core/Inc -I../Middlewares/ST/STM32_USB_Device_Library/Class/CDC/Inc -I../Drivers/CMSIS/Device/ST/STM32F4xx/Include -I../Drivers/CMSIS/Include -O0 -ffunction-sections -fdata-sections -Wall -fstack-usage -fcyclomatic-complexity -MMD -MP -MF"Core/Src/amt222c.d" -MT"Core/Src/amt222c.o" --specs=nano.specs -mfpu=fpv4-sp-d16 -mfloat-abi=hard -mthumb -o "Core/Src/amt222c.o"
arm-none-eabi-gcc "../Core/Src/main.c" -mcpu=cortex-m4 -std=gnu11 -g3 -DDEBUG -DUSE_HAL_DRIVER -DSTM32F446xx -c -I../USB_DEVICE/App -I../USB_DEVICE/Target -I../Core/Inc -I../Drivers/STM32F4xx_HAL_Driver/Inc -I../Drivers/STM32F4xx_HAL_Driver/Inc/Legacy -I../Middlewares/ST/STM32_USB_Device_Library/Core/Inc -I../Middlewares/ST/STM32_USB_Device_Library/Class/CDC/Inc -I../Drivers/CMSIS/Device/ST/STM32F4xx/Include -I../Drivers/CMSIS/Include -O0 -ffunction-sections -fdata-sections -Wall -fstack-usage -fcyclomatic-complexity -MMD -MP -MF"Core/Src/main.d" -MT"Core/Src/main.o" --specs=nano.specs -mfpu=fpv4-sp-d16 -mfloat-abi=hard -mthumb -o "Core/Src/main.o"
../Core/Src/amt222c.c: In function 'spi_transfer_byte':
../Core/Src/amt222c.c:16:27: warning: unused variable 'err' [-Wunused-variable]
   16 |         HAL_StatusTypeDef err = HAL_SPI_TransmitReceive(encoder->hspi, &tx, &rx, 1,
      |                           ^~~
../Core/Src/amt222c.c: In function 'AMT222C_Init':
../Core/Src/amt222c.c:40:16: error: 'AMT222C_Handle' has no member named 'last_raw'
   40 |         encoder->last_raw = 0;
      |                ^~
../Core/Src/amt222c.c:41:16: error: 'AMT222C_Handle' has no member named 'last_turn'
   41 |         encoder->last_turn = 0;
      |                ^~
../Core/Src/amt222c.c: In function 'AMT222C_UpdatePosition':
../Core/Src/amt222c.c:90:72: error: invalid operands to binary % (have 'float' and 'double')
   90 |                         ((float) encoder->ticks / encoder->gear_ratio) % 360.0;
      |                         ~~~~~~~~~~~~~~~~~~~~~~~~~~~~~~~~~~~~~~~~~~~~~~ ^
      |                                                 |
      |                                                 float
../Core/Src/amt222c.c: At top level:
../Core/Src/amt222c.c:24:16: warning: 'AMT222C_CalculateCheck' defined but not used [-Wunused-function]
   24 | static uint8_t AMT222C_CalculateCheck(uint16_t value) {
      |                ^~~~~~~~~~~~~~~~~~~~~~
make: *** [Core/Src/subdir.mk:43: Core/Src/amt222c.o] Error 1
make: *** Waiting for unfinished jobs....
"make -j8 all" terminated with exit code 2. Build might be incomplete.
16:05:11 **** Incremental Build of configuration Debug for project Rover-Arm-Board-2025 ****
make -j8 all 
arm-none-eabi-gcc "../Core/Src/amt222c.c" -mcpu=cortex-m4 -std=gnu11 -g3 -DDEBUG -DUSE_HAL_DRIVER -DSTM32F446xx -c -I../USB_DEVICE/App -I../USB_DEVICE/Target -I../Core/Inc -I../Drivers/STM32F4xx_HAL_Driver/Inc -I../Drivers/STM32F4xx_HAL_Driver/Inc/Legacy -I../Middlewares/ST/STM32_USB_Device_Library/Core/Inc -I../Middlewares/ST/STM32_USB_Device_Library/Class/CDC/Inc -I../Drivers/CMSIS/Device/ST/STM32F4xx/Include -I../Drivers/CMSIS/Include -O0 -ffunction-sections -fdata-sections -Wall -fstack-usage -fcyclomatic-complexity -MMD -MP -MF"Core/Src/amt222c.d" -MT"Core/Src/amt222c.o" --specs=nano.specs -mfpu=fpv4-sp-d16 -mfloat-abi=hard -mthumb -o "Core/Src/amt222c.o"
../Core/Src/amt222c.c: In function 'AMT222C_UpdatePosition':
../Core/Src/amt222c.c:88:72: error: invalid operands to binary % (have 'float' and 'double')
   88 |                         ((float) encoder->ticks / encoder->gear_ratio) % 360.0;
      |                         ~~~~~~~~~~~~~~~~~~~~~~~~~~~~~~~~~~~~~~~~~~~~~~ ^
      |                                                 |
      |                                                 float
../Core/Src/amt222c.c: At top level:
../Core/Src/amt222c.c:24:16: warning: 'AMT222C_CalculateCheck' defined but not used [-Wunused-function]
   24 | static uint8_t AMT222C_CalculateCheck(uint16_t value) {
      |                ^~~~~~~~~~~~~~~~~~~~~~
make: *** [Core/Src/subdir.mk:43: Core/Src/amt222c.o] Error 1
"make -j8 all" terminated with exit code 2. Build might be incomplete.
16:05:48 **** Incremental Build of configuration Debug for project Rover-Arm-Board-2025 ****
make -j8 all 
arm-none-eabi-gcc "../Core/Src/amt222c.c" -mcpu=cortex-m4 -std=gnu11 -g3 -DDEBUG -DUSE_HAL_DRIVER -DSTM32F446xx -c -I../USB_DEVICE/App -I../USB_DEVICE/Target -I../Core/Inc -I../Drivers/STM32F4xx_HAL_Driver/Inc -I../Drivers/STM32F4xx_HAL_Driver/Inc/Legacy -I../Middlewares/ST/STM32_USB_Device_Library/Core/Inc -I../Middlewares/ST/STM32_USB_Device_Library/Class/CDC/Inc -I../Drivers/CMSIS/Device/ST/STM32F4xx/Include -I../Drivers/CMSIS/Include -O0 -ffunction-sections -fdata-sections -Wall -fstack-usage -fcyclomatic-complexity -MMD -MP -MF"Core/Src/amt222c.d" -MT"Core/Src/amt222c.o" --specs=nano.specs -mfpu=fpv4-sp-d16 -mfloat-abi=hard -mthumb -o "Core/Src/amt222c.o"
../Core/Src/amt222c.c: In function 'AMT222C_UpdatePosition':
../Core/Src/amt222c.c:88:72: error: invalid operands to binary % (have 'float' and 'float')
   88 |                         ((float) encoder->ticks / encoder->gear_ratio) % 360.0f;
      |                         ~~~~~~~~~~~~~~~~~~~~~~~~~~~~~~~~~~~~~~~~~~~~~~ ^
      |                                                 |
      |                                                 float
../Core/Src/amt222c.c: At top level:
../Core/Src/amt222c.c:24:16: warning: 'AMT222C_CalculateCheck' defined but not used [-Wunused-function]
   24 | static uint8_t AMT222C_CalculateCheck(uint16_t value) {
      |                ^~~~~~~~~~~~~~~~~~~~~~
make: *** [Core/Src/subdir.mk:43: Core/Src/amt222c.o] Error 1
"make -j8 all" terminated with exit code 2. Build might be incomplete.
16:06:33 **** Incremental Build of configuration Debug for project Rover-Arm-Board-2025 ****
make -j8 all 
arm-none-eabi-gcc "../Core/Src/amt222c.c" -mcpu=cortex-m4 -std=gnu11 -g3 -DDEBUG -DUSE_HAL_DRIVER -DSTM32F446xx -c -I../USB_DEVICE/App -I../USB_DEVICE/Target -I../Core/Inc -I../Drivers/STM32F4xx_HAL_Driver/Inc -I../Drivers/STM32F4xx_HAL_Driver/Inc/Legacy -I../Middlewares/ST/STM32_USB_Device_Library/Core/Inc -I../Middlewares/ST/STM32_USB_Device_Library/Class/CDC/Inc -I../Drivers/CMSIS/Device/ST/STM32F4xx/Include -I../Drivers/CMSIS/Include -O0 -ffunction-sections -fdata-sections -Wall -fstack-usage -fcyclomatic-complexity -MMD -MP -MF"Core/Src/amt222c.d" -MT"Core/Src/amt222c.o" --specs=nano.specs -mfpu=fpv4-sp-d16 -mfloat-abi=hard -mthumb -o "Core/Src/amt222c.o"
../Core/Src/amt222c.c: In function 'AMT222C_UpdatePosition':
../Core/Src/amt222c.c:87:40: warning: implicit declaration of function 'fmod' [-Wimplicit-function-declaration]
   87 |         encoder->position_continuous = fmod(
      |                                        ^~~~
../Core/Src/amt222c.c:3:1: note: include '<math.h>' or provide a declaration of 'fmod'
    2 | #include "amt222c.h"
  +++ |+#include <math.h>
    3 | 
../Core/Src/amt222c.c:87:40: warning: incompatible implicit declaration of built-in function 'fmod' [-Wbuiltin-declaration-mismatch]
   87 |         encoder->position_continuous = fmod(
      |                                        ^~~~
../Core/Src/amt222c.c:87:40: note: include '<math.h>' or provide a declaration of 'fmod'
../Core/Src/amt222c.c: At top level:
../Core/Src/amt222c.c:24:16: warning: 'AMT222C_CalculateCheck' defined but not used [-Wunused-function]
   24 | static uint8_t AMT222C_CalculateCheck(uint16_t value) {
      |                ^~~~~~~~~~~~~~~~~~~~~~
arm-none-eabi-gcc -o "Rover-Arm-Board-2025.elf" @"objects.list"   -mcpu=cortex-m4 -T"C:\Users\vince\Documents\GitHub\rover-embedded-2025\Rover-Arm-Board-2025\STM32F446RETX_FLASH.ld" -Wl,-Map="Rover-Arm-Board-2025.map" -Wl,--gc-sections -static --specs=nano.specs -mfpu=fpv4-sp-d16 -mfloat-abi=hard -mthumb -Wl,--start-group -lc -lm -Wl,--end-group
Finished building target: Rover-Arm-Board-2025.elf
 
arm-none-eabi-size  Rover-Arm-Board-2025.elf 
arm-none-eabi-objdump -h -S Rover-Arm-Board-2025.elf  > "Rover-Arm-Board-2025.list"
   text	   data	    bss	    dec	    hex	filename
  48540	    372	   9644	  58556	   e4bc	Rover-Arm-Board-2025.elf
Finished building: default.size.stdout
 
Finished building: Rover-Arm-Board-2025.list
 
16:53:50 **** Incremental Build of configuration Debug for project Rover-Arm-Board-2025 ****
make -j8 all 
arm-none-eabi-size  Rover-Arm-Board-2025.elf 
   text	   data	    bss	    dec	    hex	filename
  48540	    372	   9644	  58556	   e4bc	Rover-Arm-Board-2025.elf
Finished building: default.size.stdout
 
17:09:23 **** Incremental Build of configuration Debug for project Rover-Arm-Board-2025 ****
make -j8 all 
arm-none-eabi-gcc "../Core/Src/amt222c.c" -mcpu=cortex-m4 -std=gnu11 -g3 -DDEBUG -DUSE_HAL_DRIVER -DSTM32F446xx -c -I../USB_DEVICE/App -I../USB_DEVICE/Target -I../Core/Inc -I../Drivers/STM32F4xx_HAL_Driver/Inc -I../Drivers/STM32F4xx_HAL_Driver/Inc/Legacy -I../Middlewares/ST/STM32_USB_Device_Library/Core/Inc -I../Middlewares/ST/STM32_USB_Device_Library/Class/CDC/Inc -I../Drivers/CMSIS/Device/ST/STM32F4xx/Include -I../Drivers/CMSIS/Include -O0 -ffunction-sections -fdata-sections -Wall -fstack-usage -fcyclomatic-complexity -MMD -MP -MF"Core/Src/amt222c.d" -MT"Core/Src/amt222c.o" --specs=nano.specs -mfpu=fpv4-sp-d16 -mfloat-abi=hard -mthumb -o "Core/Src/amt222c.o"
arm-none-eabi-gcc "../Core/Src/main.c" -mcpu=cortex-m4 -std=gnu11 -g3 -DDEBUG -DUSE_HAL_DRIVER -DSTM32F446xx -c -I../USB_DEVICE/App -I../USB_DEVICE/Target -I../Core/Inc -I../Drivers/STM32F4xx_HAL_Driver/Inc -I../Drivers/STM32F4xx_HAL_Driver/Inc/Legacy -I../Middlewares/ST/STM32_USB_Device_Library/Core/Inc -I../Middlewares/ST/STM32_USB_Device_Library/Class/CDC/Inc -I../Drivers/CMSIS/Device/ST/STM32F4xx/Include -I../Drivers/CMSIS/Include -O0 -ffunction-sections -fdata-sections -Wall -fstack-usage -fcyclomatic-complexity -MMD -MP -MF"Core/Src/main.d" -MT"Core/Src/main.o" --specs=nano.specs -mfpu=fpv4-sp-d16 -mfloat-abi=hard -mthumb -o "Core/Src/main.o"
../Core/Src/amt222c.c: In function 'AMT222C_UpdatePosition':
../Core/Src/amt222c.c:87:40: warning: implicit declaration of function 'fmod' [-Wimplicit-function-declaration]
   87 |         encoder->position_continuous = fmod(
      |                                        ^~~~
../Core/Src/amt222c.c:3:1: note: include '<math.h>' or provide a declaration of 'fmod'
    2 | #include "amt222c.h"
  +++ |+#include <math.h>
    3 | 
../Core/Src/amt222c.c:87:40: warning: incompatible implicit declaration of built-in function 'fmod' [-Wbuiltin-declaration-mismatch]
   87 |         encoder->position_continuous = fmod(
      |                                        ^~~~
../Core/Src/amt222c.c:87:40: note: include '<math.h>' or provide a declaration of 'fmod'
../Core/Src/amt222c.c: At top level:
../Core/Src/amt222c.c:24:16: warning: 'AMT222C_CalculateCheck' defined but not used [-Wunused-function]
   24 | static uint8_t AMT222C_CalculateCheck(uint16_t value) {
      |                ^~~~~~~~~~~~~~~~~~~~~~
arm-none-eabi-gcc -o "Rover-Arm-Board-2025.elf" @"objects.list"   -mcpu=cortex-m4 -T"C:\Users\vince\Documents\GitHub\rover-embedded-2025\Rover-Arm-Board-2025\STM32F446RETX_FLASH.ld" -Wl,-Map="Rover-Arm-Board-2025.map" -Wl,--gc-sections -static --specs=nano.specs -mfpu=fpv4-sp-d16 -mfloat-abi=hard -mthumb -Wl,--start-group -lc -lm -Wl,--end-group
Finished building target: Rover-Arm-Board-2025.elf
 
arm-none-eabi-size  Rover-Arm-Board-2025.elf 
arm-none-eabi-objdump -h -S Rover-Arm-Board-2025.elf  > "Rover-Arm-Board-2025.list"
   text	   data	    bss	    dec	    hex	filename
  48588	    372	   9644	  58604	   e4ec	Rover-Arm-Board-2025.elf
Finished building: default.size.stdout
 
Finished building: Rover-Arm-Board-2025.list
 
17:15:53 **** Incremental Build of configuration Debug for project Rover-Arm-Board-2025 ****
make -j8 all 
arm-none-eabi-gcc "../Core/Src/amt222c.c" -mcpu=cortex-m4 -std=gnu11 -g3 -DDEBUG -DUSE_HAL_DRIVER -DSTM32F446xx -c -I../USB_DEVICE/App -I../USB_DEVICE/Target -I../Core/Inc -I../Drivers/STM32F4xx_HAL_Driver/Inc -I../Drivers/STM32F4xx_HAL_Driver/Inc/Legacy -I../Middlewares/ST/STM32_USB_Device_Library/Core/Inc -I../Middlewares/ST/STM32_USB_Device_Library/Class/CDC/Inc -I../Drivers/CMSIS/Device/ST/STM32F4xx/Include -I../Drivers/CMSIS/Include -O0 -ffunction-sections -fdata-sections -Wall -fstack-usage -fcyclomatic-complexity -MMD -MP -MF"Core/Src/amt222c.d" -MT"Core/Src/amt222c.o" --specs=nano.specs -mfpu=fpv4-sp-d16 -mfloat-abi=hard -mthumb -o "Core/Src/amt222c.o"
../Core/Src/amt222c.c: In function 'AMT222C_UpdatePosition':
../Core/Src/amt222c.c:87:40: warning: implicit declaration of function 'fmod' [-Wimplicit-function-declaration]
   87 |         encoder->position_continuous = fmod(
      |                                        ^~~~
../Core/Src/amt222c.c:3:1: note: include '<math.h>' or provide a declaration of 'fmod'
    2 | #include "amt222c.h"
  +++ |+#include <math.h>
    3 | 
../Core/Src/amt222c.c:87:40: warning: incompatible implicit declaration of built-in function 'fmod' [-Wbuiltin-declaration-mismatch]
   87 |         encoder->position_continuous = fmod(
      |                                        ^~~~
../Core/Src/amt222c.c:87:40: note: include '<math.h>' or provide a declaration of 'fmod'
../Core/Src/amt222c.c: At top level:
../Core/Src/amt222c.c:24:16: warning: 'AMT222C_CalculateCheck' defined but not used [-Wunused-function]
   24 | static uint8_t AMT222C_CalculateCheck(uint16_t value) {
      |                ^~~~~~~~~~~~~~~~~~~~~~
arm-none-eabi-gcc -o "Rover-Arm-Board-2025.elf" @"objects.list"   -mcpu=cortex-m4 -T"C:\Users\vince\Documents\GitHub\rover-embedded-2025\Rover-Arm-Board-2025\STM32F446RETX_FLASH.ld" -Wl,-Map="Rover-Arm-Board-2025.map" -Wl,--gc-sections -static --specs=nano.specs -mfpu=fpv4-sp-d16 -mfloat-abi=hard -mthumb -Wl,--start-group -lc -lm -Wl,--end-group
Finished building target: Rover-Arm-Board-2025.elf
 
arm-none-eabi-size  Rover-Arm-Board-2025.elf 
arm-none-eabi-objdump -h -S Rover-Arm-Board-2025.elf  > "Rover-Arm-Board-2025.list"
   text	   data	    bss	    dec	    hex	filename
  48604	    372	   9644	  58620	   e4fc	Rover-Arm-Board-2025.elf
Finished building: default.size.stdout
 
Finished building: Rover-Arm-Board-2025.list
 
17:18:50 **** Incremental Build of configuration Debug for project Rover-Arm-Board-2025 ****
make -j8 all 
arm-none-eabi-gcc "../Core/Src/main.c" -mcpu=cortex-m4 -std=gnu11 -g3 -DDEBUG -DUSE_HAL_DRIVER -DSTM32F446xx -c -I../USB_DEVICE/App -I../USB_DEVICE/Target -I../Core/Inc -I../Drivers/STM32F4xx_HAL_Driver/Inc -I../Drivers/STM32F4xx_HAL_Driver/Inc/Legacy -I../Middlewares/ST/STM32_USB_Device_Library/Core/Inc -I../Middlewares/ST/STM32_USB_Device_Library/Class/CDC/Inc -I../Drivers/CMSIS/Device/ST/STM32F4xx/Include -I../Drivers/CMSIS/Include -O0 -ffunction-sections -fdata-sections -Wall -fstack-usage -fcyclomatic-complexity -MMD -MP -MF"Core/Src/main.d" -MT"Core/Src/main.o" --specs=nano.specs -mfpu=fpv4-sp-d16 -mfloat-abi=hard -mthumb -o "Core/Src/main.o"
arm-none-eabi-gcc -o "Rover-Arm-Board-2025.elf" @"objects.list"   -mcpu=cortex-m4 -T"C:\Users\vince\Documents\GitHub\rover-embedded-2025\Rover-Arm-Board-2025\STM32F446RETX_FLASH.ld" -Wl,-Map="Rover-Arm-Board-2025.map" -Wl,--gc-sections -static --specs=nano.specs -mfpu=fpv4-sp-d16 -mfloat-abi=hard -mthumb -Wl,--start-group -lc -lm -Wl,--end-group
Finished building target: Rover-Arm-Board-2025.elf
 
arm-none-eabi-size  Rover-Arm-Board-2025.elf 
arm-none-eabi-objdump -h -S Rover-Arm-Board-2025.elf  > "Rover-Arm-Board-2025.list"
   text	   data	    bss	    dec	    hex	filename
  49340	    372	   9644	  59356	   e7dc	Rover-Arm-Board-2025.elf
Finished building: default.size.stdout
 
Finished building: Rover-Arm-Board-2025.list
 
17:21:33 **** Incremental Build of configuration Debug for project Rover-Arm-Board-2025 ****
make -j8 all 
arm-none-eabi-gcc "../Core/Src/main.c" -mcpu=cortex-m4 -std=gnu11 -g3 -DDEBUG -DUSE_HAL_DRIVER -DSTM32F446xx -c -I../USB_DEVICE/App -I../USB_DEVICE/Target -I../Core/Inc -I../Drivers/STM32F4xx_HAL_Driver/Inc -I../Drivers/STM32F4xx_HAL_Driver/Inc/Legacy -I../Middlewares/ST/STM32_USB_Device_Library/Core/Inc -I../Middlewares/ST/STM32_USB_Device_Library/Class/CDC/Inc -I../Drivers/CMSIS/Device/ST/STM32F4xx/Include -I../Drivers/CMSIS/Include -O0 -ffunction-sections -fdata-sections -Wall -fstack-usage -fcyclomatic-complexity -MMD -MP -MF"Core/Src/main.d" -MT"Core/Src/main.o" --specs=nano.specs -mfpu=fpv4-sp-d16 -mfloat-abi=hard -mthumb -o "Core/Src/main.o"
arm-none-eabi-gcc -o "Rover-Arm-Board-2025.elf" @"objects.list"   -mcpu=cortex-m4 -T"C:\Users\vince\Documents\GitHub\rover-embedded-2025\Rover-Arm-Board-2025\STM32F446RETX_FLASH.ld" -Wl,-Map="Rover-Arm-Board-2025.map" -Wl,--gc-sections -static --specs=nano.specs -mfpu=fpv4-sp-d16 -mfloat-abi=hard -mthumb -Wl,--start-group -lc -lm -Wl,--end-group
Finished building target: Rover-Arm-Board-2025.elf
 
arm-none-eabi-size  Rover-Arm-Board-2025.elf 
arm-none-eabi-objdump -h -S Rover-Arm-Board-2025.elf  > "Rover-Arm-Board-2025.list"
   text	   data	    bss	    dec	    hex	filename
  49340	    372	   9644	  59356	   e7dc	Rover-Arm-Board-2025.elf
Finished building: default.size.stdout
 
Finished building: Rover-Arm-Board-2025.list
 
17:22:52 **** Incremental Build of configuration Debug for project Rover-Arm-Board-2025 ****
make -j8 all 
arm-none-eabi-gcc "../Core/Src/main.c" -mcpu=cortex-m4 -std=gnu11 -g3 -DDEBUG -DUSE_HAL_DRIVER -DSTM32F446xx -c -I../USB_DEVICE/App -I../USB_DEVICE/Target -I../Core/Inc -I../Drivers/STM32F4xx_HAL_Driver/Inc -I../Drivers/STM32F4xx_HAL_Driver/Inc/Legacy -I../Middlewares/ST/STM32_USB_Device_Library/Core/Inc -I../Middlewares/ST/STM32_USB_Device_Library/Class/CDC/Inc -I../Drivers/CMSIS/Device/ST/STM32F4xx/Include -I../Drivers/CMSIS/Include -O0 -ffunction-sections -fdata-sections -Wall -fstack-usage -fcyclomatic-complexity -MMD -MP -MF"Core/Src/main.d" -MT"Core/Src/main.o" --specs=nano.specs -mfpu=fpv4-sp-d16 -mfloat-abi=hard -mthumb -o "Core/Src/main.o"
arm-none-eabi-gcc -o "Rover-Arm-Board-2025.elf" @"objects.list"   -mcpu=cortex-m4 -T"C:\Users\vince\Documents\GitHub\rover-embedded-2025\Rover-Arm-Board-2025\STM32F446RETX_FLASH.ld" -Wl,-Map="Rover-Arm-Board-2025.map" -Wl,--gc-sections -static --specs=nano.specs -mfpu=fpv4-sp-d16 -mfloat-abi=hard -mthumb -Wl,--start-group -lc -lm -Wl,--end-group
Finished building target: Rover-Arm-Board-2025.elf
 
arm-none-eabi-size  Rover-Arm-Board-2025.elf 
arm-none-eabi-objdump -h -S Rover-Arm-Board-2025.elf  > "Rover-Arm-Board-2025.list"
   text	   data	    bss	    dec	    hex	filename
  49340	    372	   9644	  59356	   e7dc	Rover-Arm-Board-2025.elf
Finished building: default.size.stdout
 
Finished building: Rover-Arm-Board-2025.list
 
17:23:58 **** Incremental Build of configuration Debug for project Rover-Arm-Board-2025 ****
make -j8 all 
arm-none-eabi-gcc "../Core/Src/main.c" -mcpu=cortex-m4 -std=gnu11 -g3 -DDEBUG -DUSE_HAL_DRIVER -DSTM32F446xx -c -I../USB_DEVICE/App -I../USB_DEVICE/Target -I../Core/Inc -I../Drivers/STM32F4xx_HAL_Driver/Inc -I../Drivers/STM32F4xx_HAL_Driver/Inc/Legacy -I../Middlewares/ST/STM32_USB_Device_Library/Core/Inc -I../Middlewares/ST/STM32_USB_Device_Library/Class/CDC/Inc -I../Drivers/CMSIS/Device/ST/STM32F4xx/Include -I../Drivers/CMSIS/Include -O0 -ffunction-sections -fdata-sections -Wall -fstack-usage -fcyclomatic-complexity -MMD -MP -MF"Core/Src/main.d" -MT"Core/Src/main.o" --specs=nano.specs -mfpu=fpv4-sp-d16 -mfloat-abi=hard -mthumb -o "Core/Src/main.o"
arm-none-eabi-gcc -o "Rover-Arm-Board-2025.elf" @"objects.list"   -mcpu=cortex-m4 -T"C:\Users\vince\Documents\GitHub\rover-embedded-2025\Rover-Arm-Board-2025\STM32F446RETX_FLASH.ld" -Wl,-Map="Rover-Arm-Board-2025.map" -Wl,--gc-sections -static --specs=nano.specs -mfpu=fpv4-sp-d16 -mfloat-abi=hard -mthumb -Wl,--start-group -lc -lm -Wl,--end-group
Finished building target: Rover-Arm-Board-2025.elf
 
arm-none-eabi-size  Rover-Arm-Board-2025.elf 
arm-none-eabi-objdump -h -S Rover-Arm-Board-2025.elf  > "Rover-Arm-Board-2025.list"
   text	   data	    bss	    dec	    hex	filename
  49340	    372	   9644	  59356	   e7dc	Rover-Arm-Board-2025.elf
Finished building: default.size.stdout
 
Finished building: Rover-Arm-Board-2025.list
 
17:25:25 **** Incremental Build of configuration Debug for project Rover-Arm-Board-2025 ****
make -j8 all 
arm-none-eabi-gcc "../Core/Src/main.c" -mcpu=cortex-m4 -std=gnu11 -g3 -DDEBUG -DUSE_HAL_DRIVER -DSTM32F446xx -c -I../USB_DEVICE/App -I../USB_DEVICE/Target -I../Core/Inc -I../Drivers/STM32F4xx_HAL_Driver/Inc -I../Drivers/STM32F4xx_HAL_Driver/Inc/Legacy -I../Middlewares/ST/STM32_USB_Device_Library/Core/Inc -I../Middlewares/ST/STM32_USB_Device_Library/Class/CDC/Inc -I../Drivers/CMSIS/Device/ST/STM32F4xx/Include -I../Drivers/CMSIS/Include -O0 -ffunction-sections -fdata-sections -Wall -fstack-usage -fcyclomatic-complexity -MMD -MP -MF"Core/Src/main.d" -MT"Core/Src/main.o" --specs=nano.specs -mfpu=fpv4-sp-d16 -mfloat-abi=hard -mthumb -o "Core/Src/main.o"
arm-none-eabi-gcc "../Core/Src/stspin948.c" -mcpu=cortex-m4 -std=gnu11 -g3 -DDEBUG -DUSE_HAL_DRIVER -DSTM32F446xx -c -I../USB_DEVICE/App -I../USB_DEVICE/Target -I../Core/Inc -I../Drivers/STM32F4xx_HAL_Driver/Inc -I../Drivers/STM32F4xx_HAL_Driver/Inc/Legacy -I../Middlewares/ST/STM32_USB_Device_Library/Core/Inc -I../Middlewares/ST/STM32_USB_Device_Library/Class/CDC/Inc -I../Drivers/CMSIS/Device/ST/STM32F4xx/Include -I../Drivers/CMSIS/Include -O0 -ffunction-sections -fdata-sections -Wall -fstack-usage -fcyclomatic-complexity -MMD -MP -MF"Core/Src/stspin948.d" -MT"Core/Src/stspin948.o" --specs=nano.specs -mfpu=fpv4-sp-d16 -mfloat-abi=hard -mthumb -o "Core/Src/stspin948.o"
arm-none-eabi-gcc -o "Rover-Arm-Board-2025.elf" @"objects.list"   -mcpu=cortex-m4 -T"C:\Users\vince\Documents\GitHub\rover-embedded-2025\Rover-Arm-Board-2025\STM32F446RETX_FLASH.ld" -Wl,-Map="Rover-Arm-Board-2025.map" -Wl,--gc-sections -static --specs=nano.specs -mfpu=fpv4-sp-d16 -mfloat-abi=hard -mthumb -Wl,--start-group -lc -lm -Wl,--end-group
Finished building target: Rover-Arm-Board-2025.elf
 
arm-none-eabi-size  Rover-Arm-Board-2025.elf 
arm-none-eabi-objdump -h -S Rover-Arm-Board-2025.elf  > "Rover-Arm-Board-2025.list"
   text	   data	    bss	    dec	    hex	filename
  49340	    372	   9644	  59356	   e7dc	Rover-Arm-Board-2025.elf
Finished building: default.size.stdout
 
Finished building: Rover-Arm-Board-2025.list
 
17:26:29 **** Incremental Build of configuration Debug for project Rover-Arm-Board-2025 ****
make -j8 all 
arm-none-eabi-gcc "../Core/Src/main.c" -mcpu=cortex-m4 -std=gnu11 -g3 -DDEBUG -DUSE_HAL_DRIVER -DSTM32F446xx -c -I../USB_DEVICE/App -I../USB_DEVICE/Target -I../Core/Inc -I../Drivers/STM32F4xx_HAL_Driver/Inc -I../Drivers/STM32F4xx_HAL_Driver/Inc/Legacy -I../Middlewares/ST/STM32_USB_Device_Library/Core/Inc -I../Middlewares/ST/STM32_USB_Device_Library/Class/CDC/Inc -I../Drivers/CMSIS/Device/ST/STM32F4xx/Include -I../Drivers/CMSIS/Include -O0 -ffunction-sections -fdata-sections -Wall -fstack-usage -fcyclomatic-complexity -MMD -MP -MF"Core/Src/main.d" -MT"Core/Src/main.o" --specs=nano.specs -mfpu=fpv4-sp-d16 -mfloat-abi=hard -mthumb -o "Core/Src/main.o"
arm-none-eabi-gcc -o "Rover-Arm-Board-2025.elf" @"objects.list"   -mcpu=cortex-m4 -T"C:\Users\vince\Documents\GitHub\rover-embedded-2025\Rover-Arm-Board-2025\STM32F446RETX_FLASH.ld" -Wl,-Map="Rover-Arm-Board-2025.map" -Wl,--gc-sections -static --specs=nano.specs -mfpu=fpv4-sp-d16 -mfloat-abi=hard -mthumb -Wl,--start-group -lc -lm -Wl,--end-group
Finished building target: Rover-Arm-Board-2025.elf
 
arm-none-eabi-size  Rover-Arm-Board-2025.elf 
arm-none-eabi-objdump -h -S Rover-Arm-Board-2025.elf  > "Rover-Arm-Board-2025.list"
   text	   data	    bss	    dec	    hex	filename
  49340	    372	   9644	  59356	   e7dc	Rover-Arm-Board-2025.elf
Finished building: default.size.stdout
 
Finished building: Rover-Arm-Board-2025.list
 
17:28:25 **** Incremental Build of configuration Debug for project Rover-Arm-Board-2025 ****
make -j8 all 
arm-none-eabi-gcc "../Core/Src/main.c" -mcpu=cortex-m4 -std=gnu11 -g3 -DDEBUG -DUSE_HAL_DRIVER -DSTM32F446xx -c -I../USB_DEVICE/App -I../USB_DEVICE/Target -I../Core/Inc -I../Drivers/STM32F4xx_HAL_Driver/Inc -I../Drivers/STM32F4xx_HAL_Driver/Inc/Legacy -I../Middlewares/ST/STM32_USB_Device_Library/Core/Inc -I../Middlewares/ST/STM32_USB_Device_Library/Class/CDC/Inc -I../Drivers/CMSIS/Device/ST/STM32F4xx/Include -I../Drivers/CMSIS/Include -O0 -ffunction-sections -fdata-sections -Wall -fstack-usage -fcyclomatic-complexity -MMD -MP -MF"Core/Src/main.d" -MT"Core/Src/main.o" --specs=nano.specs -mfpu=fpv4-sp-d16 -mfloat-abi=hard -mthumb -o "Core/Src/main.o"
arm-none-eabi-gcc -o "Rover-Arm-Board-2025.elf" @"objects.list"   -mcpu=cortex-m4 -T"C:\Users\vince\Documents\GitHub\rover-embedded-2025\Rover-Arm-Board-2025\STM32F446RETX_FLASH.ld" -Wl,-Map="Rover-Arm-Board-2025.map" -Wl,--gc-sections -static --specs=nano.specs -mfpu=fpv4-sp-d16 -mfloat-abi=hard -mthumb -Wl,--start-group -lc -lm -Wl,--end-group
Finished building target: Rover-Arm-Board-2025.elf
 
arm-none-eabi-size  Rover-Arm-Board-2025.elf 
arm-none-eabi-objdump -h -S Rover-Arm-Board-2025.elf  > "Rover-Arm-Board-2025.list"
   text	   data	    bss	    dec	    hex	filename
  49340	    372	   9644	  59356	   e7dc	Rover-Arm-Board-2025.elf
Finished building: default.size.stdout
 
Finished building: Rover-Arm-Board-2025.list
 
17:30:05 **** Incremental Build of configuration Debug for project Rover-Arm-Board-2025 ****
make -j8 all 
arm-none-eabi-gcc "../Core/Src/main.c" -mcpu=cortex-m4 -std=gnu11 -g3 -DDEBUG -DUSE_HAL_DRIVER -DSTM32F446xx -c -I../USB_DEVICE/App -I../USB_DEVICE/Target -I../Core/Inc -I../Drivers/STM32F4xx_HAL_Driver/Inc -I../Drivers/STM32F4xx_HAL_Driver/Inc/Legacy -I../Middlewares/ST/STM32_USB_Device_Library/Core/Inc -I../Middlewares/ST/STM32_USB_Device_Library/Class/CDC/Inc -I../Drivers/CMSIS/Device/ST/STM32F4xx/Include -I../Drivers/CMSIS/Include -O0 -ffunction-sections -fdata-sections -Wall -fstack-usage -fcyclomatic-complexity -MMD -MP -MF"Core/Src/main.d" -MT"Core/Src/main.o" --specs=nano.specs -mfpu=fpv4-sp-d16 -mfloat-abi=hard -mthumb -o "Core/Src/main.o"
arm-none-eabi-gcc -o "Rover-Arm-Board-2025.elf" @"objects.list"   -mcpu=cortex-m4 -T"C:\Users\vince\Documents\GitHub\rover-embedded-2025\Rover-Arm-Board-2025\STM32F446RETX_FLASH.ld" -Wl,-Map="Rover-Arm-Board-2025.map" -Wl,--gc-sections -static --specs=nano.specs -mfpu=fpv4-sp-d16 -mfloat-abi=hard -mthumb -Wl,--start-group -lc -lm -Wl,--end-group
Finished building target: Rover-Arm-Board-2025.elf
 
arm-none-eabi-size  Rover-Arm-Board-2025.elf 
arm-none-eabi-objdump -h -S Rover-Arm-Board-2025.elf  > "Rover-Arm-Board-2025.list"
   text	   data	    bss	    dec	    hex	filename
  49340	    372	   9644	  59356	   e7dc	Rover-Arm-Board-2025.elf
Finished building: default.size.stdout
 
Finished building: Rover-Arm-Board-2025.list
 
17:32:46 **** Incremental Build of configuration Debug for project Rover-Arm-Board-2025 ****
make -j8 all 
arm-none-eabi-gcc "../Core/Src/main.c" -mcpu=cortex-m4 -std=gnu11 -g3 -DDEBUG -DUSE_HAL_DRIVER -DSTM32F446xx -c -I../USB_DEVICE/App -I../USB_DEVICE/Target -I../Core/Inc -I../Drivers/STM32F4xx_HAL_Driver/Inc -I../Drivers/STM32F4xx_HAL_Driver/Inc/Legacy -I../Middlewares/ST/STM32_USB_Device_Library/Core/Inc -I../Middlewares/ST/STM32_USB_Device_Library/Class/CDC/Inc -I../Drivers/CMSIS/Device/ST/STM32F4xx/Include -I../Drivers/CMSIS/Include -O0 -ffunction-sections -fdata-sections -Wall -fstack-usage -fcyclomatic-complexity -MMD -MP -MF"Core/Src/main.d" -MT"Core/Src/main.o" --specs=nano.specs -mfpu=fpv4-sp-d16 -mfloat-abi=hard -mthumb -o "Core/Src/main.o"
arm-none-eabi-gcc -o "Rover-Arm-Board-2025.elf" @"objects.list"   -mcpu=cortex-m4 -T"C:\Users\vince\Documents\GitHub\rover-embedded-2025\Rover-Arm-Board-2025\STM32F446RETX_FLASH.ld" -Wl,-Map="Rover-Arm-Board-2025.map" -Wl,--gc-sections -static --specs=nano.specs -mfpu=fpv4-sp-d16 -mfloat-abi=hard -mthumb -Wl,--start-group -lc -lm -Wl,--end-group
Finished building target: Rover-Arm-Board-2025.elf
 
arm-none-eabi-size  Rover-Arm-Board-2025.elf 
arm-none-eabi-objdump -h -S Rover-Arm-Board-2025.elf  > "Rover-Arm-Board-2025.list"
   text	   data	    bss	    dec	    hex	filename
  49340	    372	   9644	  59356	   e7dc	Rover-Arm-Board-2025.elf
Finished building: default.size.stdout
 
Finished building: Rover-Arm-Board-2025.list
 
17:36:14 **** Incremental Build of configuration Debug for project Rover-Arm-Board-2025 ****
make -j8 all 
arm-none-eabi-gcc "../Core/Src/main.c" -mcpu=cortex-m4 -std=gnu11 -g3 -DDEBUG -DUSE_HAL_DRIVER -DSTM32F446xx -c -I../USB_DEVICE/App -I../USB_DEVICE/Target -I../Core/Inc -I../Drivers/STM32F4xx_HAL_Driver/Inc -I../Drivers/STM32F4xx_HAL_Driver/Inc/Legacy -I../Middlewares/ST/STM32_USB_Device_Library/Core/Inc -I../Middlewares/ST/STM32_USB_Device_Library/Class/CDC/Inc -I../Drivers/CMSIS/Device/ST/STM32F4xx/Include -I../Drivers/CMSIS/Include -O0 -ffunction-sections -fdata-sections -Wall -fstack-usage -fcyclomatic-complexity -MMD -MP -MF"Core/Src/main.d" -MT"Core/Src/main.o" --specs=nano.specs -mfpu=fpv4-sp-d16 -mfloat-abi=hard -mthumb -o "Core/Src/main.o"
arm-none-eabi-gcc -o "Rover-Arm-Board-2025.elf" @"objects.list"   -mcpu=cortex-m4 -T"C:\Users\vince\Documents\GitHub\rover-embedded-2025\Rover-Arm-Board-2025\STM32F446RETX_FLASH.ld" -Wl,-Map="Rover-Arm-Board-2025.map" -Wl,--gc-sections -static --specs=nano.specs -mfpu=fpv4-sp-d16 -mfloat-abi=hard -mthumb -Wl,--start-group -lc -lm -Wl,--end-group
Finished building target: Rover-Arm-Board-2025.elf
 
arm-none-eabi-size  Rover-Arm-Board-2025.elf 
arm-none-eabi-objdump -h -S Rover-Arm-Board-2025.elf  > "Rover-Arm-Board-2025.list"
   text	   data	    bss	    dec	    hex	filename
  49340	    372	   9644	  59356	   e7dc	Rover-Arm-Board-2025.elf
Finished building: default.size.stdout
 
Finished building: Rover-Arm-Board-2025.list
 
17:36:31 **** Incremental Build of configuration Debug for project Rover-Arm-Board-2025 ****
make -j8 all 
arm-none-eabi-gcc "../Core/Src/main.c" -mcpu=cortex-m4 -std=gnu11 -g3 -DDEBUG -DUSE_HAL_DRIVER -DSTM32F446xx -c -I../USB_DEVICE/App -I../USB_DEVICE/Target -I../Core/Inc -I../Drivers/STM32F4xx_HAL_Driver/Inc -I../Drivers/STM32F4xx_HAL_Driver/Inc/Legacy -I../Middlewares/ST/STM32_USB_Device_Library/Core/Inc -I../Middlewares/ST/STM32_USB_Device_Library/Class/CDC/Inc -I../Drivers/CMSIS/Device/ST/STM32F4xx/Include -I../Drivers/CMSIS/Include -O0 -ffunction-sections -fdata-sections -Wall -fstack-usage -fcyclomatic-complexity -MMD -MP -MF"Core/Src/main.d" -MT"Core/Src/main.o" --specs=nano.specs -mfpu=fpv4-sp-d16 -mfloat-abi=hard -mthumb -o "Core/Src/main.o"
arm-none-eabi-gcc -o "Rover-Arm-Board-2025.elf" @"objects.list"   -mcpu=cortex-m4 -T"C:\Users\vince\Documents\GitHub\rover-embedded-2025\Rover-Arm-Board-2025\STM32F446RETX_FLASH.ld" -Wl,-Map="Rover-Arm-Board-2025.map" -Wl,--gc-sections -static --specs=nano.specs -mfpu=fpv4-sp-d16 -mfloat-abi=hard -mthumb -Wl,--start-group -lc -lm -Wl,--end-group
Finished building target: Rover-Arm-Board-2025.elf
 
arm-none-eabi-size  Rover-Arm-Board-2025.elf 
arm-none-eabi-objdump -h -S Rover-Arm-Board-2025.elf  > "Rover-Arm-Board-2025.list"
   text	   data	    bss	    dec	    hex	filename
  49340	    372	   9644	  59356	   e7dc	Rover-Arm-Board-2025.elf
Finished building: default.size.stdout
 
Finished building: Rover-Arm-Board-2025.list
 
17:37:40 **** Incremental Build of configuration Debug for project Rover-Arm-Board-2025 ****
make -j8 all 
arm-none-eabi-size  Rover-Arm-Board-2025.elf 
   text	   data	    bss	    dec	    hex	filename
  49340	    372	   9644	  59356	   e7dc	Rover-Arm-Board-2025.elf
Finished building: default.size.stdout
 
17:38:27 **** Incremental Build of configuration Debug for project Rover-Arm-Board-2025 ****
make -j8 all 
arm-none-eabi-gcc "../Core/Src/main.c" -mcpu=cortex-m4 -std=gnu11 -g3 -DDEBUG -DUSE_HAL_DRIVER -DSTM32F446xx -c -I../USB_DEVICE/App -I../USB_DEVICE/Target -I../Core/Inc -I../Drivers/STM32F4xx_HAL_Driver/Inc -I../Drivers/STM32F4xx_HAL_Driver/Inc/Legacy -I../Middlewares/ST/STM32_USB_Device_Library/Core/Inc -I../Middlewares/ST/STM32_USB_Device_Library/Class/CDC/Inc -I../Drivers/CMSIS/Device/ST/STM32F4xx/Include -I../Drivers/CMSIS/Include -O0 -ffunction-sections -fdata-sections -Wall -fstack-usage -fcyclomatic-complexity -MMD -MP -MF"Core/Src/main.d" -MT"Core/Src/main.o" --specs=nano.specs -mfpu=fpv4-sp-d16 -mfloat-abi=hard -mthumb -o "Core/Src/main.o"
arm-none-eabi-gcc -o "Rover-Arm-Board-2025.elf" @"objects.list"   -mcpu=cortex-m4 -T"C:\Users\vince\Documents\GitHub\rover-embedded-2025\Rover-Arm-Board-2025\STM32F446RETX_FLASH.ld" -Wl,-Map="Rover-Arm-Board-2025.map" -Wl,--gc-sections -static --specs=nano.specs -mfpu=fpv4-sp-d16 -mfloat-abi=hard -mthumb -Wl,--start-group -lc -lm -Wl,--end-group
Finished building target: Rover-Arm-Board-2025.elf
 
arm-none-eabi-size  Rover-Arm-Board-2025.elf 
arm-none-eabi-objdump -h -S Rover-Arm-Board-2025.elf  > "Rover-Arm-Board-2025.list"
   text	   data	    bss	    dec	    hex	filename
  49340	    372	   9644	  59356	   e7dc	Rover-Arm-Board-2025.elf
Finished building: default.size.stdout
 
Finished building: Rover-Arm-Board-2025.list
 
