../Application/User/CAN_processing.c:95:9:get_CAN_transmitter	0	static
../Application/User/CAN_processing.c:98:9:get_CAN_action	0	static
../Application/User/CAN_processing.c:101:9:get_CAN_motor_mov_type	0	static
../Application/User/CAN_processing.c:104:9:get_CAN_motor_type	0	static
../Application/User/CAN_processing.c:107:9:get_CAN_SPEC	0	static
../Application/User/CAN_processing.c:110:5:get_CAN_device_ID	0	static
../Application/User/CAN_processing.c:731:6:ControlSingleMotorPositionFollower	16	static
../Application/User/CAN_processing.c:766:6:runSingleMotorPosition	24	static
../Application/User/CAN_processing.c:697:6:ControlSingleMotorPosition	16	static
../Application/User/CAN_processing.c:557:6:CalibrateSingleMotor	56	static
../Application/User/CAN_processing.c:790:6:runSingleMotorPositionIncrement	16	static
../Application/User/CAN_processing.c:660:6:ControlSingleMotorPositionIncrement	16	static
../Application/User/CAN_processing.c:815:6:runSingleMotorPositionFollower	16	static
../Application/User/CAN_processing.c:840:6:lowerLimitSwitchHit	8	static
../Application/User/CAN_processing.c:855:6:upperLimitSwitchHit	8	static
../Application/User/CAN_processing.c:872:7:computeTrajectoryTime	0	static
../Application/User/CAN_processing.c:918:6:waitForStop	8	static
../Application/User/CAN_processing.c:939:6:waitForRun	8	static
../Application/User/CAN_processing.c:956:7:degreesToRad	8	static
../Application/User/CAN_processing.c:960:7:radToDegrees	8	static
../Application/User/CAN_processing.c:964:7:dpp_to_mech_deg	0	static
../Application/User/CAN_processing.c:970:7:inputShaftDegreetoOutput	0	static
../Application/User/CAN_processing.c:987:7:OutputShaftDegreetoInput	0	static
../Application/User/CAN_processing.c:1004:6:isValidPos	0	static
../Application/User/CAN_processing.c:1030:7:getCurrentPosition	8	static
../Application/User/CAN_processing.c:1039:7:half_to_float	0	static
../Application/User/CAN_processing.c:359:6:Process_Multiple_ESC_Command	24	static
../Application/User/CAN_processing.c:1074:7:extract_multiple_positions_arm	0	static
../Application/User/CAN_processing.c:1173:6:runSingleMotorV2	32	static
../Application/User/CAN_processing.c:1216:6:IdleSingleMotor	24	static
../Application/User/CAN_processing.c:1342:7:speedCheck	16	static
../Application/User/CAN_processing.c:1365:7:clippingCheck	16	static
../Application/User/CAN_processing.c:1390:6:safeStopMotor	56	static
../Application/User/CAN_processing.c:1288:6:StartSingleMotor	16	static
../Application/User/CAN_processing.c:1108:6:ControlSingleMotor	16	static
../Application/User/CAN_processing.c:1531:6:checkReversing	16	static
../Application/User/CAN_processing.c:1552:10:computeRampTimeMs	0	static
../Application/User/CAN_processing.c:1584:6:sendCANResponse	72	static
../Application/User/CAN_processing.c:187:6:Process_Single_ESC_Command	16	static
../Application/User/CAN_processing.c:117:6:CAN_Parse_MSG	32	static
../Application/User/CAN_processing.c:1637:7:SingleExtractFloatFromCAN	0	static
../Application/User/CAN_processing.c:1652:9:extract_multiple_speeds	0	static
