../Application/User/CAN_processing.c:93:9:get_CAN_transmitter	0	static
../Application/User/CAN_processing.c:96:9:get_CAN_action	0	static
../Application/User/CAN_processing.c:99:9:get_CAN_motor_mov_type	0	static
../Application/User/CAN_processing.c:102:9:get_CAN_motor_type	0	static
../Application/User/CAN_processing.c:105:9:get_CAN_SPEC	0	static
../Application/User/CAN_processing.c:108:5:get_CAN_device_ID	0	static
../Application/User/CAN_processing.c:718:6:ControlSingleMotorPositionFollower	16	static
../Application/User/CAN_processing.c:753:6:runSingleMotorPosition	24	static
../Application/User/CAN_processing.c:684:6:ControlSingleMotorPosition	16	static
../Application/User/CAN_processing.c:555:6:CalibrateSingleMotor	64	static
../Application/User/CAN_processing.c:777:6:runSingleMotorPositionIncrement	16	static
../Application/User/CAN_processing.c:647:6:ControlSingleMotorPositionIncrement	16	static
../Application/User/CAN_processing.c:802:6:runSingleMotorPositionFollower	16	static
../Application/User/CAN_processing.c:827:6:lowerLimitSwitchHit	8	static
../Application/User/CAN_processing.c:842:6:upperLimitSwitchHit	8	static
../Application/User/CAN_processing.c:859:7:computeTrajectoryTime	0	static
../Application/User/CAN_processing.c:905:6:waitForStop	8	static
../Application/User/CAN_processing.c:926:6:waitForRun	8	static
../Application/User/CAN_processing.c:943:7:degreesToRad	8	static
../Application/User/CAN_processing.c:947:7:radToDegrees	8	static
../Application/User/CAN_processing.c:951:7:dpp_to_mech_deg	0	static
../Application/User/CAN_processing.c:957:7:inputShaftDegreetoOutput	0	static
../Application/User/CAN_processing.c:974:7:OutputShaftDegreetoInput	0	static
../Application/User/CAN_processing.c:991:6:isValidPos	0	static
../Application/User/CAN_processing.c:1017:7:getCurrentPosition	8	static
../Application/User/CAN_processing.c:1026:7:half_to_float	0	static
../Application/User/CAN_processing.c:357:6:Process_Multiple_ESC_Command	24	static
../Application/User/CAN_processing.c:1061:7:extract_multiple_positions_arm	0	static
../Application/User/CAN_processing.c:1160:6:runSingleMotorV2	32	static
../Application/User/CAN_processing.c:1203:6:IdleSingleMotor	24	static
../Application/User/CAN_processing.c:1329:7:speedCheck	16	static
../Application/User/CAN_processing.c:1352:7:clippingCheck	16	static
../Application/User/CAN_processing.c:1377:6:safeStopMotor	56	static
../Application/User/CAN_processing.c:1275:6:StartSingleMotor	16	static
../Application/User/CAN_processing.c:1095:6:ControlSingleMotor	16	static
../Application/User/CAN_processing.c:1518:6:checkReversing	16	static
../Application/User/CAN_processing.c:1539:10:computeRampTimeMs	0	static
../Application/User/CAN_processing.c:1571:6:sendCANResponse	72	static
../Application/User/CAN_processing.c:185:6:Process_Single_ESC_Command	16	static
../Application/User/CAN_processing.c:115:6:CAN_Parse_MSG	32	static
../Application/User/CAN_processing.c:1624:7:SingleExtractFloatFromCAN	0	static
../Application/User/CAN_processing.c:1639:9:extract_multiple_speeds	0	static
