C:/School Files/McGill/Robotics/rover-elect-2025/rover-embedded-2025/Brushless-Motor-ESC/RoverArm2025/ARM2025Shoulder/Src/stm32_mc_common_it.c:67:6:TIM4_IRQHandler	0	static
C:/School Files/McGill/Robotics/rover-elect-2025/rover-embedded-2025/Brushless-Motor-ESC/RoverArm2025/ARM2025Shoulder/Src/stm32_mc_common_it.c:104:6:HardFault_Handler	8	static
C:/School Files/McGill/Robotics/rover-elect-2025/rover-embedded-2025/Brushless-Motor-ESC/RoverArm2025/ARM2025Shoulder/Src/stm32_mc_common_it.c:123:6:SysTick_Handler	8	static
C:/School Files/McGill/Robotics/rover-elect-2025/rover-embedded-2025/Brushless-Motor-ESC/RoverArm2025/ARM2025Shoulder/Src/stm32_mc_common_it.c:162:6:EXTI15_10_IRQHandler	0	static
