../Application/User/CAN_processing.c:93:9:get_CAN_transmitter	0	static
../Application/User/CAN_processing.c:96:9:get_CAN_action	0	static
../Application/User/CAN_processing.c:99:9:get_CAN_motor_mov_type	0	static
../Application/User/CAN_processing.c:102:9:get_CAN_motor_type	0	static
../Application/User/CAN_processing.c:105:9:get_CAN_SPEC	0	static
../Application/User/CAN_processing.c:108:5:get_CAN_device_ID	0	static
../Application/User/CAN_processing.c:715:6:ControlSingleMotorPositionFollower	16	static
../Application/User/CAN_processing.c:750:6:runSingleMotorPosition	24	static
../Application/User/CAN_processing.c:681:6:ControlSingleMotorPosition	16	static
../Application/User/CAN_processing.c:554:6:CalibrateSingleMotor	64	static
../Application/User/CAN_processing.c:774:6:runSingleMotorPositionIncrement	16	static
../Application/User/CAN_processing.c:644:6:ControlSingleMotorPositionIncrement	16	static
../Application/User/CAN_processing.c:799:6:runSingleMotorPositionFollower	16	static
../Application/User/CAN_processing.c:824:6:lowerLimitSwitchHit	8	static
../Application/User/CAN_processing.c:839:6:upperLimitSwitchHit	8	static
../Application/User/CAN_processing.c:857:7:computeTrajectoryTime	0	static
../Application/User/CAN_processing.c:903:6:waitForStop	8	static
../Application/User/CAN_processing.c:924:6:waitForRun	8	static
../Application/User/CAN_processing.c:941:7:degreesToRad	8	static
../Application/User/CAN_processing.c:945:7:radToDegrees	8	static
../Application/User/CAN_processing.c:949:7:dpp_to_mech_deg	0	static
../Application/User/CAN_processing.c:955:7:inputShaftDegreetoOutput	0	static
../Application/User/CAN_processing.c:972:7:OutputShaftDegreetoInput	0	static
../Application/User/CAN_processing.c:989:6:isValidPos	0	static
../Application/User/CAN_processing.c:1015:7:getCurrentPosition	8	static
../Application/User/CAN_processing.c:1024:7:half_to_float	0	static
../Application/User/CAN_processing.c:356:6:Process_Multiple_ESC_Command	24	static
../Application/User/CAN_processing.c:1059:7:extract_multiple_positions_arm	0	static
../Application/User/CAN_processing.c:1158:6:runSingleMotorV2	32	static
../Application/User/CAN_processing.c:1201:6:IdleSingleMotor	24	static
../Application/User/CAN_processing.c:1327:7:speedCheck	16	static
../Application/User/CAN_processing.c:1350:7:clippingCheck	16	static
../Application/User/CAN_processing.c:1375:6:safeStopMotor	56	static
../Application/User/CAN_processing.c:1273:6:StartSingleMotor	16	static
../Application/User/CAN_processing.c:1093:6:ControlSingleMotor	16	static
../Application/User/CAN_processing.c:1516:6:checkReversing	16	static
../Application/User/CAN_processing.c:1537:10:computeRampTimeMs	0	static
../Application/User/CAN_processing.c:1569:6:sendCANResponse	72	static
../Application/User/CAN_processing.c:185:6:Process_Single_ESC_Command	16	static
../Application/User/CAN_processing.c:115:6:CAN_Parse_MSG	32	static
../Application/User/CAN_processing.c:1622:7:SingleExtractFloatFromCAN	0	static
../Application/User/CAN_processing.c:1637:9:extract_multiple_speeds	0	static
