C:/Users/wei-K/OneDrive - McGill University/Robotics/rover-embedded-2025/Robotics_Arm_Brushed_firmware/Core/Src/main.c:112:5:main	256	static
C:/Users/wei-K/OneDrive - McGill University/Robotics/rover-embedded-2025/Robotics_Arm_Brushed_firmware/Core/Src/main.c:585:6:SystemClock_Config	88	static
C:/Users/wei-K/OneDrive - McGill University/Robotics/rover-embedded-2025/Robotics_Arm_Brushed_firmware/Core/Src/main.c:631:13:MX_ADC1_Init	56	static
C:/Users/wei-K/OneDrive - McGill University/Robotics/rover-embedded-2025/Robotics_Arm_Brushed_firmware/Core/Src/main.c:699:13:MX_FDCAN2_Init	8	static
C:/Users/wei-K/OneDrive - McGill University/Robotics/rover-embedded-2025/Robotics_Arm_Brushed_firmware/Core/Src/main.c:742:13:MX_I2C3_Init	8	static
C:/Users/wei-K/OneDrive - McGill University/Robotics/rover-embedded-2025/Robotics_Arm_Brushed_firmware/Core/Src/main.c:790:13:MX_TIM1_Init	104	static
C:/Users/wei-K/OneDrive - McGill University/Robotics/rover-embedded-2025/Robotics_Arm_Brushed_firmware/Core/Src/main.c:862:13:MX_TIM2_Init	40	static
C:/Users/wei-K/OneDrive - McGill University/Robotics/rover-embedded-2025/Robotics_Arm_Brushed_firmware/Core/Src/main.c:907:13:MX_TIM3_Init	56	static
C:/Users/wei-K/OneDrive - McGill University/Robotics/rover-embedded-2025/Robotics_Arm_Brushed_firmware/Core/Src/main.c:956:13:MX_TIM4_Init	56	static
C:/Users/wei-K/OneDrive - McGill University/Robotics/rover-embedded-2025/Robotics_Arm_Brushed_firmware/Core/Src/main.c:1005:13:MX_TIM5_Init	56	static
C:/Users/wei-K/OneDrive - McGill University/Robotics/rover-embedded-2025/Robotics_Arm_Brushed_firmware/Core/Src/main.c:1054:13:MX_TIM8_Init	104	static
C:/Users/wei-K/OneDrive - McGill University/Robotics/rover-embedded-2025/Robotics_Arm_Brushed_firmware/Core/Src/main.c:1126:13:MX_TIM20_Init	120	static
C:/Users/wei-K/OneDrive - McGill University/Robotics/rover-embedded-2025/Robotics_Arm_Brushed_firmware/Core/Src/main.c:1208:13:MX_USB_PCD_Init	8	static
C:/Users/wei-K/OneDrive - McGill University/Robotics/rover-embedded-2025/Robotics_Arm_Brushed_firmware/Core/Src/main.c:1241:13:MX_GPIO_Init	48	static
C:/Users/wei-K/OneDrive - McGill University/Robotics/rover-embedded-2025/Robotics_Arm_Brushed_firmware/Core/Src/main.c:1351:6:HAL_FDCAN_RxFifo0Callback	16	static
C:/Users/wei-K/OneDrive - McGill University/Robotics/rover-embedded-2025/Robotics_Arm_Brushed_firmware/Core/Src/main.c:1368:6:HAL_GPIO_EXTI_Callback	16	static,ignoring_inline_asm
C:/Users/wei-K/OneDrive - McGill University/Robotics/rover-embedded-2025/Robotics_Arm_Brushed_firmware/Core/Src/main.c:1389:6:Error_Handler	4	static,ignoring_inline_asm
