C:/Users/wei-K/OneDrive - McGill University/Robotics/rover-embedded-2025/Robotics_Arm_Brushed_firmware/Core/Src/main.c:108:6:SysTickFunction	16	static
C:/Users/wei-K/OneDrive - McGill University/Robotics/rover-embedded-2025/Robotics_Arm_Brushed_firmware/Core/Src/main.c:168:5:main	256	static
C:/Users/wei-K/OneDrive - McGill University/Robotics/rover-embedded-2025/Robotics_Arm_Brushed_firmware/Core/Src/main.c:539:6:SystemClock_Config	88	static
C:/Users/wei-K/OneDrive - McGill University/Robotics/rover-embedded-2025/Robotics_Arm_Brushed_firmware/Core/Src/main.c:585:13:MX_ADC1_Init	56	static
C:/Users/wei-K/OneDrive - McGill University/Robotics/rover-embedded-2025/Robotics_Arm_Brushed_firmware/Core/Src/main.c:653:13:MX_FDCAN2_Init	8	static
C:/Users/wei-K/OneDrive - McGill University/Robotics/rover-embedded-2025/Robotics_Arm_Brushed_firmware/Core/Src/main.c:696:13:MX_I2C3_Init	8	static
C:/Users/wei-K/OneDrive - McGill University/Robotics/rover-embedded-2025/Robotics_Arm_Brushed_firmware/Core/Src/main.c:744:13:MX_TIM1_Init	104	static
C:/Users/wei-K/OneDrive - McGill University/Robotics/rover-embedded-2025/Robotics_Arm_Brushed_firmware/Core/Src/main.c:816:13:MX_TIM2_Init	40	static
C:/Users/wei-K/OneDrive - McGill University/Robotics/rover-embedded-2025/Robotics_Arm_Brushed_firmware/Core/Src/main.c:861:13:MX_TIM3_Init	56	static
C:/Users/wei-K/OneDrive - McGill University/Robotics/rover-embedded-2025/Robotics_Arm_Brushed_firmware/Core/Src/main.c:910:13:MX_TIM4_Init	56	static
C:/Users/wei-K/OneDrive - McGill University/Robotics/rover-embedded-2025/Robotics_Arm_Brushed_firmware/Core/Src/main.c:959:13:MX_TIM5_Init	56	static
C:/Users/wei-K/OneDrive - McGill University/Robotics/rover-embedded-2025/Robotics_Arm_Brushed_firmware/Core/Src/main.c:1008:13:MX_TIM8_Init	104	static
C:/Users/wei-K/OneDrive - McGill University/Robotics/rover-embedded-2025/Robotics_Arm_Brushed_firmware/Core/Src/main.c:1080:13:MX_TIM20_Init	120	static
C:/Users/wei-K/OneDrive - McGill University/Robotics/rover-embedded-2025/Robotics_Arm_Brushed_firmware/Core/Src/main.c:1162:13:MX_USB_PCD_Init	8	static
C:/Users/wei-K/OneDrive - McGill University/Robotics/rover-embedded-2025/Robotics_Arm_Brushed_firmware/Core/Src/main.c:1195:13:MX_GPIO_Init	48	static
C:/Users/wei-K/OneDrive - McGill University/Robotics/rover-embedded-2025/Robotics_Arm_Brushed_firmware/Core/Src/main.c:1305:6:HAL_FDCAN_RxFifo0Callback	16	static
C:/Users/wei-K/OneDrive - McGill University/Robotics/rover-embedded-2025/Robotics_Arm_Brushed_firmware/Core/Src/main.c:1322:6:HAL_GPIO_EXTI_Callback	16	static,ignoring_inline_asm
C:/Users/wei-K/OneDrive - McGill University/Robotics/rover-embedded-2025/Robotics_Arm_Brushed_firmware/Core/Src/main.c:1343:6:Error_Handler	4	static,ignoring_inline_asm
